device: cpu | num_envs: 8
C:\Users\Nemanja\AppData\Local\Programs\Python\Python313\Lib\site-packages\pygame\pkgdata.py:25: UserWarning: pkg_resources is deprecated as an API. See https://setuptools.pypa.io/en/latest/pkg_resources.html. The pkg_resources package is slated for removal as early as 2025-11-30. Refrain from using this package or pin to Setuptools<81.
  from pkg_resources import resource_stream, resource_exists
pygame 2.6.1 (SDL 2.28.4, Python 3.13.14)
Hello from the pygame community. https://www.pygame.org/contribute.html
C:\Users\Nemanja\AppData\Local\Programs\Python\Python313\Lib\site-packages\pygame\pkgdata.py:25: UserWarning: pkg_resources is deprecated as an API. See https://setuptools.pypa.io/en/latest/pkg_resources.html. The pkg_resources package is slated for removal as early as 2025-11-30. Refrain from using this package or pin to Setuptools<81.
  from pkg_resources import resource_stream, resource_exists
pygame 2.6.1 (SDL 2.28.4, Python 3.13.14)
Hello from the pygame community. https://www.pygame.org/contribute.html
C:\Users\Nemanja\AppData\Local\Programs\Python\Python313\Lib\site-packages\pygame\pkgdata.py:25: UserWarning: pkg_resources is deprecated as an API. See https://setuptools.pypa.io/en/latest/pkg_resources.html. The pkg_resources package is slated for removal as early as 2025-11-30. Refrain from using this package or pin to Setuptools<81.
  from pkg_resources import resource_stream, resource_exists
pygame 2.6.1 (SDL 2.28.4, Python 3.13.14)
Hello from the pygame community. https://www.pygame.org/contribute.html
C:\Users\Nemanja\AppData\Local\Programs\Python\Python313\Lib\site-packages\pygame\pkgdata.py:25: UserWarning: pkg_resources is deprecated as an API. See https://setuptools.pypa.io/en/latest/pkg_resources.html. The pkg_resources package is slated for removal as early as 2025-11-30. Refrain from using this package or pin to Setuptools<81.
  from pkg_resources import resource_stream, resource_exists
pygame 2.6.1 (SDL 2.28.4, Python 3.13.14)
Hello from the pygame community. https://www.pygame.org/contribute.html
C:\Users\Nemanja\AppData\Local\Programs\Python\Python313\Lib\site-packages\pygame\pkgdata.py:25: UserWarning: pkg_resources is deprecated as an API. See https://setuptools.pypa.io/en/latest/pkg_resources.html. The pkg_resources package is slated for removal as early as 2025-11-30. Refrain from using this package or pin to Setuptools<81.
  from pkg_resources import resource_stream, resource_exists
pygame 2.6.1 (SDL 2.28.4, Python 3.13.14)
Hello from the pygame community. https://www.pygame.org/contribute.html
C:\Users\Nemanja\AppData\Local\Programs\Python\Python313\Lib\site-packages\pygame\pkgdata.py:25: UserWarning: pkg_resources is deprecated as an API. See https://setuptools.pypa.io/en/latest/pkg_resources.html. The pkg_resources package is slated for removal as early as 2025-11-30. Refrain from using this package or pin to Setuptools<81.
  from pkg_resources import resource_stream, resource_exists
C:\Users\Nemanja\AppData\Local\Programs\Python\Python313\Lib\site-packages\pygame\pkgdata.py:25: UserWarning: pkg_resources is deprecated as an API. See https://setuptools.pypa.io/en/latest/pkg_resources.html. The pkg_resources package is slated for removal as early as 2025-11-30. Refrain from using this package or pin to Setuptools<81.
  from pkg_resources import resource_stream, resource_exists
pygame 2.6.1 (SDL 2.28.4, Python 3.13.14)
Hello from the pygame community. https://www.pygame.org/contribute.html
pygame 2.6.1 (SDL 2.28.4, Python 3.13.14)
Hello from the pygame community. https://www.pygame.org/contribute.html
C:\Users\Nemanja\AppData\Local\Programs\Python\Python313\Lib\site-packages\pygame\pkgdata.py:25: UserWarning: pkg_resources is deprecated as an API. See https://setuptools.pypa.io/en/latest/pkg_resources.html. The pkg_resources package is slated for removal as early as 2025-11-30. Refrain from using this package or pin to Setuptools<81.
  from pkg_resources import resource_stream, resource_exists
pygame 2.6.1 (SDL 2.28.4, Python 3.13.14)
Hello from the pygame community. https://www.pygame.org/contribute.html
upd    1 | step     2048 |   151 sps | ret     5.80 | succ 0.29 | mean_lvl  9.5 | max_lvl 11 | cur 1/12 pb 0.0 | focus (460,24) f=0.71 | kl +0.0027 | ent 3.608
upd    2 | step     4096 |   149 sps | ret     7.00 | succ 0.35 | mean_lvl  9.6 | max_lvl 11 | cur 1/12 pb 0.0 | focus (460,24) f=0.73 | kl +0.0045 | ent 3.590
upd    3 | step     6144 |   146 sps | ret     7.80 | succ 0.39 | mean_lvl  9.6 | max_lvl 11 | cur 2/12 pb 0.0 | focus (8,96) f=0.97 | kl +0.0028 | ent 3.550
upd    4 | step     8192 |   136 sps | ret     8.00 | succ 0.40 | mean_lvl  9.6 | max_lvl 11 | cur 2/12 pb 0.0 | focus (8,96) f=0.94 | kl +0.0080 | ent 3.475
upd    5 | step    10240 |   136 sps | ret     4.00 | succ 0.20 | mean_lvl  8.8 | max_lvl 11 | cur 2/12 pb 0.0 | focus (8,96) f=0.98 | kl +0.0022 | ent 3.394
upd    6 | step    12288 |   136 sps | ret     3.20 | succ 0.16 | mean_lvl  8.6 | max_lvl 11 | cur 2/12 pb 0.0 | focus (8,96) f=0.98 | kl +0.0021 | ent 3.314
upd    7 | step    14336 |   135 sps | ret     5.80 | succ 0.29 | mean_lvl  9.0 | max_lvl 11 | cur 2/12 pb 0.0 | focus (8,96) f=0.83 | kl +0.0013 | ent 3.260
upd    8 | step    16384 |   135 sps | ret     5.00 | succ 0.25 | mean_lvl  8.8 | max_lvl 11 | cur 2/12 pb 0.0 | focus (8,96) f=0.84 | kl +0.0033 | ent 3.221
upd    9 | step    18432 |   134 sps | ret     7.20 | succ 0.36 | mean_lvl  9.1 | max_lvl 11 | cur 2/12 pb 0.0 | focus (8,96) f=0.91 | kl +0.0041 | ent 3.165
upd   10 | step    20480 |   134 sps | ret     8.20 | succ 0.41 | mean_lvl  9.4 | max_lvl 11 | cur 2/12 pb 0.0 | focus (8,96) f=0.7 | kl +0.0042 | ent 3.070
upd   11 | step    22528 |   133 sps | ret    10.40 | succ 0.52 | mean_lvl  9.6 | max_lvl 11 | cur 2/12 pb 0.0 | focus (8,96) f=0.67 | kl +0.0070 | ent 2.925
upd   12 | step    24576 |   133 sps | ret    12.80 | succ 0.64 | mean_lvl 10.1 | max_lvl 11 | cur 2/12 pb 0.0 | focus (8,96) f=0.38 | kl +0.0020 | ent 2.762
upd   13 | step    26624 |   134 sps | ret    13.80 | succ 0.69 | mean_lvl 10.3 | max_lvl 11 | cur 2/12 pb 0.0 | focus (460,24) f=0.3 | kl +0.0023 | ent 2.610
upd   14 | step    28672 |   134 sps | ret    10.40 | succ 0.52 | mean_lvl 10.0 | max_lvl 11 | cur 2/12 pb 0.0 | focus (460,24) f=0.29 | kl +0.0021 | ent 2.562
upd   15 | step    30720 |   135 sps | ret     9.60 | succ 0.48 | mean_lvl  9.9 | max_lvl 11 | cur 3/12 pb 0.0 | focus (153,16) f=0.84 | kl +0.0017 | ent 2.583
upd   16 | step    32768 |   136 sps | ret     8.20 | succ 0.41 | mean_lvl  9.8 | max_lvl 11 | cur 3/12 pb 0.0 | focus (153,16) f=0.95 | kl -0.0006 | ent 2.609
upd   17 | step    34816 |   137 sps | ret     6.00 | succ 0.30 | mean_lvl  9.5 | max_lvl 11 | cur 3/12 pb 0.0 | focus (153,16) f=0.95 | kl +0.0027 | ent 2.623
upd   18 | step    36864 |   137 sps | ret     6.40 | succ 0.32 | mean_lvl  9.6 | max_lvl 11 | cur 3/12 pb 0.0 | focus (153,16) f=0.99 | kl +0.0049 | ent 2.670
upd   19 | step    38912 |   138 sps | ret     6.20 | succ 0.31 | mean_lvl  9.6 | max_lvl 11 | cur 3/12 pb 0.0 | focus (153,16) f=0.84 | kl +0.0003 | ent 2.768
upd   20 | step    40960 |   138 sps | ret     6.00 | succ 0.30 | mean_lvl  9.5 | max_lvl 11 | cur 3/12 pb 0.0 | focus (153,16) f=0.68 | kl +0.0023 | ent 2.841
upd   21 | step    43008 |   139 sps | ret     7.00 | succ 0.35 | mean_lvl  9.6 | max_lvl 11 | cur 3/12 pb 0.0 | focus (153,16) f=0.93 | kl +0.0025 | ent 2.947
upd   22 | step    45056 |   140 sps | ret     6.60 | succ 0.33 | mean_lvl  9.6 | max_lvl 11 | cur 3/12 pb 0.0 | focus (153,16) f=0.96 | kl +0.0006 | ent 3.023
upd   23 | step    47104 |   140 sps | ret     7.40 | succ 0.37 | mean_lvl  9.6 | max_lvl 11 | cur 3/12 pb 0.0 | focus (153,16) f=0.9 | kl +0.0013 | ent 2.980
upd   24 | step    49152 |   140 sps | ret     8.40 | succ 0.42 | mean_lvl  9.8 | max_lvl 11 | cur 3/12 pb 0.0 | focus (153,16) f=0.93 | kl +0.0001 | ent 2.980
upd   25 | step    51200 |   141 sps | ret     8.60 | succ 0.43 | mean_lvl  9.8 | max_lvl 11 | cur 3/12 pb 0.0 | focus (153,16) f=1.0 | kl +0.0000 | ent 2.977
upd   26 | step    53248 |   141 sps | ret     6.20 | succ 0.31 | mean_lvl  9.6 | max_lvl 11 | cur 3/12 pb 0.0 | focus (153,16) f=0.96 | kl +0.0002 | ent 2.998
upd   27 | step    55296 |   142 sps | ret     6.00 | succ 0.30 | mean_lvl  9.5 | max_lvl 11 | cur 3/12 pb 0.0 | focus (153,16) f=0.97 | kl +0.0011 | ent 3.036
upd   28 | step    57344 |   142 sps | ret     7.00 | succ 0.35 | mean_lvl  9.6 | max_lvl 11 | cur 3/12 pb 0.0 | focus (153,16) f=0.89 | kl +0.0020 | ent 2.956
upd   29 | step    59392 |   143 sps | ret     6.20 | succ 0.31 | mean_lvl  9.6 | max_lvl 11 | cur 3/12 pb 0.0 | focus (153,16) f=0.91 | kl +0.0007 | ent 3.007
upd   30 | step    61440 |   143 sps | ret     6.20 | succ 0.31 | mean_lvl  9.6 | max_lvl 11 | cur 3/12 pb 0.0 | focus (153,16) f=0.95 | kl -0.0005 | ent 3.000
upd   31 | step    63488 |   143 sps | ret     7.40 | succ 0.37 | mean_lvl  9.7 | max_lvl 11 | cur 3/12 pb 0.0 | focus (153,16) f=0.93 | kl +0.0008 | ent 2.966
upd   32 | step    65536 |   144 sps | ret     8.20 | succ 0.41 | mean_lvl  9.7 | max_lvl 11 | cur 3/12 pb 0.0 | focus (153,16) f=0.86 | kl +0.0004 | ent 2.916
upd   33 | step    67584 |   144 sps | ret     7.80 | succ 0.39 | mean_lvl  9.7 | max_lvl 11 | cur 3/12 pb 0.0 | focus (153,16) f=0.9 | kl -0.0004 | ent 2.883
upd   34 | step    69632 |   144 sps | ret     7.40 | succ 0.37 | mean_lvl  9.6 | max_lvl 11 | cur 3/12 pb 0.0 | focus (153,16) f=0.83 | kl +0.0018 | ent 2.940
upd   35 | step    71680 |   145 sps | ret     9.00 | succ 0.45 | mean_lvl  9.8 | max_lvl 11 | cur 3/12 pb 0.0 | focus (153,16) f=0.99 | kl +0.0009 | ent 2.904
upd   36 | step    73728 |   145 sps | ret     6.40 | succ 0.32 | mean_lvl  9.6 | max_lvl 11 | cur 3/12 pb 0.0 | focus (153,16) f=0.82 | kl -0.0002 | ent 2.918
upd   37 | step    75776 |   145 sps | ret     6.20 | succ 0.31 | mean_lvl  9.6 | max_lvl 11 | cur 3/12 pb 0.0 | focus (153,16) f=0.86 | kl +0.0003 | ent 2.886
upd   38 | step    77824 |   146 sps | ret     6.80 | succ 0.34 | mean_lvl  9.6 | max_lvl 11 | cur 3/12 pb 0.0 | focus (153,16) f=0.83 | kl -0.0002 | ent 2.877
upd   39 | step    79872 |   146 sps | ret     8.40 | succ 0.42 | mean_lvl  9.8 | max_lvl 11 | cur 3/12 pb 0.0 | focus (153,16) f=0.84 | kl +0.0017 | ent 2.868
upd   40 | step    81920 |   146 sps | ret     7.40 | succ 0.37 | mean_lvl  9.7 | max_lvl 11 | cur 3/12 pb 0.0 | focus (153,16) f=0.88 | kl +0.0012 | ent 2.766
upd   41 | step    83968 |   146 sps | ret     9.60 | succ 0.48 | mean_lvl  9.9 | max_lvl 11 | cur 3/12 pb 0.0 | focus (153,16) f=0.85 | kl +0.0008 | ent 2.748
upd   42 | step    86016 |   147 sps | ret     7.80 | succ 0.39 | mean_lvl  9.8 | max_lvl 11 | cur 3/12 pb 0.0 | focus (153,16) f=0.87 | kl +0.0022 | ent 2.678
upd   43 | step    88064 |   147 sps | ret     8.20 | succ 0.41 | mean_lvl  9.8 | max_lvl 11 | cur 3/12 pb 0.0 | focus (153,16) f=0.91 | kl +0.0022 | ent 2.561
upd   44 | step    90112 |   147 sps | ret     7.80 | succ 0.39 | mean_lvl  9.7 | max_lvl 11 | cur 3/12 pb 0.0 | focus (153,16) f=0.77 | kl +0.0028 | ent 2.612
upd   45 | step    92160 |   145 sps | ret     7.00 | succ 0.35 | mean_lvl  9.7 | max_lvl 11 | cur 3/12 pb 0.0 | focus (153,16) f=0.78 | kl +0.0017 | ent 2.599
upd   46 | step    94208 |   143 sps | ret     8.00 | succ 0.40 | mean_lvl  9.8 | max_lvl 11 | cur 3/12 pb 0.0 | focus (153,16) f=0.88 | kl +0.0012 | ent 2.673
upd   47 | step    96256 |   142 sps | ret     8.60 | succ 0.43 | mean_lvl  9.9 | max_lvl 11 | cur 3/12 pb 0.0 | focus (153,16) f=0.7 | kl +0.0016 | ent 2.605
upd   48 | step    98304 |   141 sps | ret     7.40 | succ 0.37 | mean_lvl  9.7 | max_lvl 11 | cur 3/12 pb 0.0 | focus (153,16) f=0.82 | kl +0.0016 | ent 2.683
upd   49 | step   100352 |   139 sps | ret     6.80 | succ 0.34 | mean_lvl  9.6 | max_lvl 11 | cur 3/12 pb 0.0 | focus (153,16) f=0.81 | kl +0.0030 | ent 2.653
upd   50 | step   102400 |   138 sps | ret     8.00 | succ 0.40 | mean_lvl  9.8 | max_lvl 11 | cur 3/12 pb 0.0 | focus (153,16) f=0.93 | kl +0.0016 | ent 2.666
saved checkpoints/L10\ppo_102400.pt
upd   51 | step   104448 |   137 sps | ret     7.20 | succ 0.36 | mean_lvl  9.7 | max_lvl 11 | cur 3/12 pb 0.0 | focus (153,16) f=0.73 | kl +0.0026 | ent 2.611
upd   52 | step   106496 |   136 sps | ret     7.00 | succ 0.35 | mean_lvl  9.7 | max_lvl 11 | cur 3/12 pb 0.0 | focus (153,16) f=0.85 | kl +0.0013 | ent 2.685
upd   53 | step   108544 |   135 sps | ret     6.40 | succ 0.32 | mean_lvl  9.6 | max_lvl 11 | cur 3/12 pb 0.0 | focus (153,16) f=0.92 | kl +0.0011 | ent 2.642
upd   54 | step   110592 |   134 sps | ret     6.60 | succ 0.33 | mean_lvl  9.6 | max_lvl 11 | cur 3/12 pb 0.0 | focus (153,16) f=0.73 | kl +0.0028 | ent 2.635
upd   55 | step   112640 |   133 sps | ret     6.60 | succ 0.33 | mean_lvl  9.6 | max_lvl 11 | cur 3/12 pb 0.0 | focus (153,16) f=0.91 | kl +0.0027 | ent 2.673
upd   56 | step   114688 |   133 sps | ret     7.20 | succ 0.36 | mean_lvl  9.7 | max_lvl 11 | cur 3/12 pb 0.0 | focus (153,16) f=0.9 | kl +0.0019 | ent 2.597
upd   57 | step   116736 |   132 sps | ret     7.00 | succ 0.35 | mean_lvl  9.7 | max_lvl 11 | cur 3/12 pb 0.0 | focus (153,16) f=0.95 | kl +0.0008 | ent 2.605
upd   58 | step   118784 |   131 sps | ret     7.20 | succ 0.36 | mean_lvl  9.7 | max_lvl 11 | cur 3/12 pb 0.0 | focus (153,16) f=0.89 | kl +0.0015 | ent 2.648
upd   59 | step   120832 |   131 sps | ret     8.00 | succ 0.40 | mean_lvl  9.7 | max_lvl 11 | cur 3/12 pb 0.0 | focus (153,16) f=0.83 | kl +0.0015 | ent 2.531
upd   60 | step   122880 |   130 sps | ret     5.80 | succ 0.29 | mean_lvl  9.5 | max_lvl 11 | cur 3/12 pb 0.0 | focus (153,16) f=0.94 | kl +0.0023 | ent 2.464
upd   61 | step   124928 |   129 sps | ret     6.40 | succ 0.32 | mean_lvl  9.6 | max_lvl 11 | cur 3/12 pb 0.0 | focus (153,16) f=0.8 | kl +0.0026 | ent 2.522
upd   62 | step   126976 |   128 sps | ret     9.40 | succ 0.47 | mean_lvl  9.9 | max_lvl 11 | cur 3/12 pb 0.0 | focus (153,16) f=0.71 | kl +0.0009 | ent 2.422
upd   63 | step   129024 |   128 sps | ret     7.80 | succ 0.39 | mean_lvl  9.8 | max_lvl 11 | cur 3/12 pb 0.0 | focus (153,16) f=0.84 | kl +0.0017 | ent 2.360
upd   64 | step   131072 |   127 sps | ret     8.20 | succ 0.41 | mean_lvl  9.8 | max_lvl 11 | cur 3/12 pb 0.0 | focus (153,16) f=0.62 | kl +0.0013 | ent 2.489
upd   65 | step   133120 |   127 sps | ret     8.60 | succ 0.43 | mean_lvl  9.8 | max_lvl 11 | cur 3/12 pb 0.0 | focus (153,16) f=0.71 | kl +0.0021 | ent 2.413
upd   66 | step   135168 |   126 sps | ret     6.80 | succ 0.34 | mean_lvl  9.6 | max_lvl 11 | cur 3/12 pb 0.0 | focus (153,16) f=0.82 | kl +0.0017 | ent 2.440
upd   67 | step   137216 |   126 sps | ret     7.60 | succ 0.38 | mean_lvl  9.7 | max_lvl 11 | cur 3/12 pb 0.0 | focus (153,16) f=0.99 | kl +0.0027 | ent 2.423
upd   68 | step   139264 |   126 sps | ret     7.60 | succ 0.38 | mean_lvl  9.8 | max_lvl 11 | cur 3/12 pb 0.0 | focus (153,16) f=0.97 | kl +0.0014 | ent 2.283
upd   69 | step   141312 |   125 sps | ret     8.00 | succ 0.40 | mean_lvl  9.8 | max_lvl 11 | cur 3/12 pb 0.0 | focus (153,16) f=0.72 | kl +0.0027 | ent 2.305
upd   70 | step   143360 |   125 sps | ret     7.20 | succ 0.36 | mean_lvl  9.7 | max_lvl 11 | cur 3/12 pb 0.0 | focus (153,16) f=0.81 | kl +0.0030 | ent 2.376
upd   71 | step   145408 |   124 sps | ret     7.20 | succ 0.36 | mean_lvl  9.7 | max_lvl 11 | cur 3/12 pb 0.0 | focus (153,16) f=0.81 | kl +0.0015 | ent 2.305
upd   72 | step   147456 |   124 sps | ret     7.20 | succ 0.36 | mean_lvl  9.7 | max_lvl 11 | cur 3/12 pb 0.0 | focus (153,16) f=0.84 | kl +0.0035 | ent 2.239
upd   73 | step   149504 |   124 sps | ret     8.80 | succ 0.44 | mean_lvl  9.9 | max_lvl 11 | cur 3/12 pb 0.0 | focus (153,16) f=0.75 | kl +0.0021 | ent 2.185
upd   74 | step   151552 |   124 sps | ret    10.00 | succ 0.50 | mean_lvl 10.0 | max_lvl 11 | cur 3/12 pb 0.0 | focus (153,16) f=0.83 | kl +0.0027 | ent 2.061
upd   75 | step   153600 |   123 sps | ret     6.80 | succ 0.34 | mean_lvl  9.7 | max_lvl 11 | cur 3/12 pb 0.0 | focus (153,16) f=0.85 | kl +0.0013 | ent 2.187
upd   76 | step   155648 |   123 sps | ret     7.20 | succ 0.36 | mean_lvl  9.7 | max_lvl 11 | cur 3/12 pb 0.0 | focus (153,16) f=0.82 | kl +0.0023 | ent 2.264
upd   77 | step   157696 |   123 sps | ret     9.60 | succ 0.48 | mean_lvl  9.9 | max_lvl 11 | cur 3/12 pb 0.0 | focus (153,16) f=0.75 | kl -0.0009 | ent 2.148
upd   78 | step   159744 |   123 sps | ret    10.00 | succ 0.50 | mean_lvl 10.0 | max_lvl 11 | cur 3/12 pb 0.0 | focus (153,16) f=0.57 | kl +0.0022 | ent 2.159
upd   79 | step   161792 |   123 sps | ret    10.20 | succ 0.51 | mean_lvl 10.0 | max_lvl 11 | cur 3/12 pb 0.0 | focus (153,16) f=0.71 | kl +0.0018 | ent 2.147
upd   80 | step   163840 |   123 sps | ret     7.60 | succ 0.38 | mean_lvl  9.8 | max_lvl 11 | cur 3/12 pb 0.0 | focus (153,16) f=0.82 | kl +0.0023 | ent 2.235
upd   81 | step   165888 |   123 sps | ret     7.80 | succ 0.39 | mean_lvl  9.8 | max_lvl 11 | cur 3/12 pb 0.0 | focus (153,16) f=0.78 | kl +0.0020 | ent 2.292
upd   82 | step   167936 |   122 sps | ret    10.20 | succ 0.51 | mean_lvl 10.0 | max_lvl 11 | cur 3/12 pb 0.0 | focus (153,16) f=0.74 | kl +0.0022 | ent 2.180
upd   83 | step   169984 |   122 sps | ret    11.00 | succ 0.55 | mean_lvl 10.1 | max_lvl 11 | cur 3/12 pb 0.0 | focus (153,16) f=0.81 | kl +0.0009 | ent 2.165
upd   84 | step   172032 |   122 sps | ret     8.80 | succ 0.44 | mean_lvl  9.9 | max_lvl 11 | cur 3/12 pb 0.0 | focus (153,16) f=0.95 | kl +0.0012 | ent 2.147
upd   85 | step   174080 |   122 sps | ret     9.60 | succ 0.48 | mean_lvl 10.0 | max_lvl 11 | cur 3/12 pb 0.0 | focus (153,16) f=0.59 | kl +0.0019 | ent 2.021
upd   86 | step   176128 |   122 sps | ret    10.20 | succ 0.51 | mean_lvl 10.0 | max_lvl 11 | cur 3/12 pb 0.0 | focus (153,16) f=0.59 | kl +0.0017 | ent 2.083
upd   87 | step   178176 |   122 sps | ret    10.20 | succ 0.51 | mean_lvl 10.0 | max_lvl 11 | cur 3/12 pb 0.0 | focus (153,16) f=0.6 | kl +0.0057 | ent 2.085
upd   88 | step   180224 |   122 sps | ret     8.60 | succ 0.43 | mean_lvl  9.9 | max_lvl 11 | cur 3/12 pb 0.0 | focus (153,16) f=0.71 | kl +0.0013 | ent 2.132
upd   89 | step   182272 |   122 sps | ret     9.00 | succ 0.45 | mean_lvl  9.9 | max_lvl 11 | cur 3/12 pb 0.0 | focus (153,16) f=0.65 | kl +0.0002 | ent 2.081
upd   90 | step   184320 |   122 sps | ret     9.60 | succ 0.48 | mean_lvl 10.0 | max_lvl 11 | cur 3/12 pb 0.0 | focus (153,16) f=0.57 | kl +0.0014 | ent 2.124
upd   91 | step   186368 |   122 sps | ret    10.40 | succ 0.52 | mean_lvl 10.0 | max_lvl 11 | cur 3/12 pb 0.0 | focus (153,16) f=0.78 | kl +0.0024 | ent 2.174
upd   92 | step   188416 |   121 sps | ret    10.20 | succ 0.51 | mean_lvl 10.0 | max_lvl 11 | cur 3/12 pb 0.0 | focus (153,16) f=0.58 | kl +0.0002 | ent 2.162
upd   93 | step   190464 |   121 sps | ret    11.60 | succ 0.58 | mean_lvl 10.2 | max_lvl 11 | cur 3/12 pb 0.0 | focus (153,16) f=0.51 | kl +0.0007 | ent 2.169
upd   94 | step   192512 |   121 sps | ret    10.40 | succ 0.52 | mean_lvl 10.0 | max_lvl 11 | cur 3/12 pb 0.0 | focus (153,16) f=0.55 | kl +0.0001 | ent 2.078
upd   95 | step   194560 |   121 sps | ret     9.00 | succ 0.45 | mean_lvl  9.9 | max_lvl 11 | cur 3/12 pb 0.0 | focus (153,16) f=0.65 | kl +0.0017 | ent 2.165
upd   96 | step   196608 |   121 sps | ret     9.20 | succ 0.46 | mean_lvl  9.9 | max_lvl 11 | cur 3/12 pb 0.0 | focus (153,16) f=0.68 | kl +0.0006 | ent 2.101
upd   97 | step   198656 |   121 sps | ret     9.80 | succ 0.49 | mean_lvl 10.0 | max_lvl 11 | cur 3/12 pb 0.0 | focus (153,16) f=0.76 | kl +0.0010 | ent 2.089
upd   98 | step   200704 |   121 sps | ret    11.80 | succ 0.59 | mean_lvl 10.2 | max_lvl 11 | cur 3/12 pb 0.0 | focus (153,16) f=0.61 | kl +0.0009 | ent 2.054
upd   99 | step   202752 |   121 sps | ret    11.80 | succ 0.59 | mean_lvl 10.2 | max_lvl 11 | cur 3/12 pb 0.0 | focus (153,16) f=0.62 | kl +0.0018 | ent 2.011
upd  100 | step   204800 |   121 sps | ret    12.40 | succ 0.62 | mean_lvl 10.2 | max_lvl 11 | cur 3/12 pb 0.0 | focus (153,16) f=0.74 | kl +0.0017 | ent 2.005
saved checkpoints/L10\ppo_204800.pt
upd  101 | step   206848 |   121 sps | ret     8.00 | succ 0.40 | mean_lvl  9.8 | max_lvl 11 | cur 3/12 pb 0.0 | focus (153,16) f=0.65 | kl +0.0049 | ent 2.047
upd  102 | step   208896 |   121 sps | ret    11.20 | succ 0.56 | mean_lvl 10.1 | max_lvl 11 | cur 3/12 pb 0.0 | focus (153,16) f=0.55 | kl +0.0023 | ent 2.024
upd  103 | step   210944 |   121 sps | ret    11.20 | succ 0.56 | mean_lvl 10.1 | max_lvl 11 | cur 3/12 pb 0.0 | focus (153,16) f=0.68 | kl +0.0007 | ent 2.141
upd  104 | step   212992 |   121 sps | ret    12.80 | succ 0.64 | mean_lvl 10.3 | max_lvl 11 | cur 3/12 pb 0.0 | focus (153,16) f=0.52 | kl +0.0032 | ent 2.111
upd  105 | step   215040 |   121 sps | ret    12.20 | succ 0.61 | mean_lvl 10.2 | max_lvl 11 | cur 3/12 pb 0.0 | focus (153,16) f=0.56 | kl +0.0027 | ent 2.149
upd  106 | step   217088 |   121 sps | ret    12.80 | succ 0.64 | mean_lvl 10.3 | max_lvl 11 | cur 3/12 pb 0.0 | focus (153,16) f=0.55 | kl +0.0011 | ent 1.998
upd  107 | step   219136 |   121 sps | ret    11.40 | succ 0.57 | mean_lvl 10.1 | max_lvl 11 | cur 3/12 pb 0.0 | focus (153,16) f=0.44 | kl +0.0035 | ent 2.112
upd  108 | step   221184 |   121 sps | ret    13.00 | succ 0.65 | mean_lvl 10.3 | max_lvl 11 | cur 3/12 pb 0.0 | focus (153,16) f=0.32 | kl +0.0001 | ent 2.117
upd  109 | step   223232 |   121 sps | ret    12.00 | succ 0.60 | mean_lvl 10.2 | max_lvl 11 | cur 3/12 pb 0.0 | focus (153,16) f=0.38 | kl +0.0006 | ent 2.099
upd  110 | step   225280 |   121 sps | ret    13.40 | succ 0.67 | mean_lvl 10.3 | max_lvl 11 | cur 3/12 pb 0.0 | focus (153,16) f=0.34 | kl +0.0012 | ent 2.066
upd  111 | step   227328 |   121 sps | ret    12.00 | succ 0.60 | mean_lvl 10.2 | max_lvl 11 | cur 3/12 pb 0.0 | focus (153,16) f=0.4 | kl +0.0037 | ent 2.128
upd  112 | step   229376 |   121 sps | ret    12.60 | succ 0.63 | mean_lvl 10.3 | max_lvl 11 | cur 3/12 pb 0.0 | focus (153,16) f=0.3 | kl +0.0004 | ent 2.176
upd  113 | step   231424 |   121 sps | ret    13.20 | succ 0.66 | mean_lvl 10.3 | max_lvl 11 | cur 3/12 pb 0.0 | focus (153,16) f=0.47 | kl +0.0025 | ent 2.051
upd  114 | step   233472 |   121 sps | ret    13.40 | succ 0.67 | mean_lvl 10.3 | max_lvl 11 | cur 3/12 pb 0.0 | focus (153,16) f=0.3 | kl +0.0025 | ent 2.096
upd  115 | step   235520 |   121 sps | ret    11.80 | succ 0.59 | mean_lvl 10.2 | max_lvl 11 | cur 3/12 pb 0.0 | focus (153,16) f=0.52 | kl +0.0030 | ent 2.059
upd  116 | step   237568 |   121 sps | ret    12.40 | succ 0.62 | mean_lvl 10.2 | max_lvl 11 | cur 3/12 pb 0.0 | focus (153,16) f=0.47 | kl +0.0016 | ent 2.080
upd  117 | step   239616 |   121 sps | ret    13.40 | succ 0.67 | mean_lvl 10.3 | max_lvl 11 | cur 3/12 pb 0.0 | focus (153,16) f=0.41 | kl -0.0004 | ent 2.066
upd  118 | step   241664 |   121 sps | ret    13.20 | succ 0.66 | mean_lvl 10.3 | max_lvl 11 | cur 3/12 pb 0.0 | focus (153,16) f=0.5 | kl +0.0037 | ent 2.101
upd  119 | step   243712 |   121 sps | ret    12.40 | succ 0.62 | mean_lvl 10.2 | max_lvl 11 | cur 3/12 pb 0.0 | focus (153,16) f=0.58 | kl +0.0039 | ent 2.072
upd  120 | step   245760 |   121 sps | ret    13.60 | succ 0.68 | mean_lvl 10.3 | max_lvl 11 | cur 3/12 pb 0.0 | focus (153,16) f=0.33 | kl +0.0004 | ent 2.006
upd  121 | step   247808 |   121 sps | ret    12.80 | succ 0.64 | mean_lvl 10.3 | max_lvl 11 | cur 3/12 pb 0.0 | focus (153,16) f=0.34 | kl +0.0002 | ent 1.997
upd  122 | step   249856 |   121 sps | ret    13.80 | succ 0.69 | mean_lvl 10.4 | max_lvl 11 | cur 3/12 pb 0.0 | focus (153,16) f=0.28 | kl +0.0068 | ent 2.040
upd  123 | step   251904 |   121 sps | ret    13.60 | succ 0.68 | mean_lvl 10.3 | max_lvl 11 | cur 3/12 pb 0.0 | focus (153,16) f=0.33 | kl +0.0014 | ent 2.042
upd  124 | step   253952 |   121 sps | ret    14.60 | succ 0.73 | mean_lvl 10.4 | max_lvl 11 | cur 3/12 pb 0.0 | focus (153,16) f=0.41 | kl +0.0025 | ent 2.101
upd  125 | step   256000 |   121 sps | ret    14.60 | succ 0.73 | mean_lvl 10.5 | max_lvl 11 | cur 3/12 pb 0.0 | focus (153,16) f=0.47 | kl +0.0069 | ent 2.159
upd  126 | step   258048 |   121 sps | ret    14.80 | succ 0.74 | mean_lvl 10.5 | max_lvl 11 | cur 3/12 pb 0.0 | focus (153,16) f=0.4 | kl +0.0034 | ent 2.174
upd  127 | step   260096 |   121 sps | ret    14.00 | succ 0.70 | mean_lvl 10.4 | max_lvl 11 | cur 3/12 pb 0.0 | focus (153,16) f=0.49 | kl +0.0052 | ent 2.138
upd  128 | step   262144 |   121 sps | ret    14.60 | succ 0.73 | mean_lvl 10.4 | max_lvl 11 | cur 3/12 pb 0.0 | focus (153,16) f=0.45 | kl +0.0018 | ent 2.141
upd  129 | step   264192 |   121 sps | ret    13.40 | succ 0.67 | mean_lvl 10.3 | max_lvl 11 | cur 3/12 pb 0.0 | focus (153,16) f=0.34 | kl +0.0051 | ent 2.163
upd  130 | step   266240 |   121 sps | ret    14.00 | succ 0.70 | mean_lvl 10.4 | max_lvl 11 | cur 3/12 pb 0.0 | focus (153,16) f=0.46 | kl +0.0032 | ent 2.176
upd  131 | step   268288 |   121 sps | ret    13.40 | succ 0.67 | mean_lvl 10.3 | max_lvl 11 | cur 3/12 pb 0.0 | focus (153,16) f=0.36 | kl -0.0006 | ent 2.235
upd  132 | step   270336 |   121 sps | ret    14.20 | succ 0.71 | mean_lvl 10.4 | max_lvl 11 | cur 3/12 pb 0.0 | focus (153,16) f=0.52 | kl +0.0030 | ent 2.213
upd  133 | step   272384 |   122 sps | ret    14.00 | succ 0.70 | mean_lvl 10.4 | max_lvl 11 | cur 4/12 pb 0.0 | focus (248,89) f=1.0 | kl +0.0037 | ent 2.230
upd  134 | step   274432 |   122 sps | ret    13.20 | succ 0.66 | mean_lvl 10.3 | max_lvl 11 | cur 3/12 pb 0.0 | focus (153,16) f=0.4 | kl +0.0064 | ent 2.253
upd  135 | step   276480 |   122 sps | ret    12.60 | succ 0.63 | mean_lvl 10.3 | max_lvl 11 | cur 4/12 pb 0.0 | focus (248,89) f=1.0 | kl +0.0022 | ent 2.221
upd  136 | step   278528 |   122 sps | ret    12.20 | succ 0.61 | mean_lvl 10.2 | max_lvl 11 | cur 4/12 pb 0.0 | focus (248,89) f=1.0 | kl +0.0017 | ent 2.238
upd  137 | step   280576 |   122 sps | ret    12.40 | succ 0.62 | mean_lvl 10.2 | max_lvl 11 | cur 3/12 pb 0.0 | focus (153,16) f=0.76 | kl +0.0017 | ent 2.218
upd  138 | step   282624 |   122 sps | ret    12.20 | succ 0.61 | mean_lvl 10.2 | max_lvl 11 | cur 3/12 pb 0.0 | focus (153,16) f=0.61 | kl +0.0008 | ent 2.195
upd  139 | step   284672 |   122 sps | ret    11.80 | succ 0.59 | mean_lvl 10.2 | max_lvl 11 | cur 3/12 pb 0.0 | focus (153,16) f=0.42 | kl +0.0012 | ent 2.187
upd  140 | step   286720 |   122 sps | ret    12.20 | succ 0.61 | mean_lvl 10.2 | max_lvl 11 | cur 4/12 pb 0.0 | focus (248,89) f=0.86 | kl +0.0017 | ent 2.270
upd  141 | step   288768 |   122 sps | ret    11.00 | succ 0.55 | mean_lvl 10.1 | max_lvl 11 | cur 3/12 pb 0.0 | focus (153,16) f=0.38 | kl +0.0017 | ent 2.277
upd  142 | step   290816 |   122 sps | ret     9.60 | succ 0.48 | mean_lvl 10.0 | max_lvl 11 | cur 4/12 pb 0.0 | focus (248,89) f=0.97 | kl +0.0026 | ent 2.349
upd  143 | step   292864 |   122 sps | ret    11.20 | succ 0.56 | mean_lvl 10.1 | max_lvl 11 | cur 4/12 pb 0.0 | focus (248,89) f=0.98 | kl +0.0028 | ent 2.362
upd  144 | step   294912 |   122 sps | ret     8.40 | succ 0.42 | mean_lvl  9.8 | max_lvl 11 | cur 5/12 pb 0.0 | focus (372,200) f=1.0 | kl +0.0038 | ent 2.460
upd  145 | step   296960 |   122 sps | ret     6.60 | succ 0.33 | mean_lvl  9.7 | max_lvl 11 | cur 3/12 pb 0.0 | focus (153,16) f=0.37 | kl +0.0000 | ent 2.542
upd  146 | step   299008 |   122 sps | ret     7.80 | succ 0.39 | mean_lvl  9.8 | max_lvl 11 | cur 3/12 pb 0.0 | focus (153,16) f=0.5 | kl +0.0018 | ent 2.556
upd  147 | step   301056 |   122 sps | ret     7.80 | succ 0.39 | mean_lvl  9.8 | max_lvl 11 | cur 5/12 pb 0.0 | focus (372,200) f=1.0 | kl +0.0038 | ent 2.563
upd  148 | step   303104 |   122 sps | ret     7.40 | succ 0.37 | mean_lvl  9.7 | max_lvl 11 | cur 4/12 pb 0.0 | focus (248,89) f=0.93 | kl +0.0037 | ent 2.641
upd  149 | step   305152 |   122 sps | ret     7.00 | succ 0.35 | mean_lvl  9.7 | max_lvl 11 | cur 3/12 pb 0.0 | focus (153,16) f=0.42 | kl +0.0066 | ent 2.605
upd  150 | step   307200 |   122 sps | ret     5.80 | succ 0.29 | mean_lvl  9.6 | max_lvl 11 | cur 3/12 pb 0.0 | focus (153,16) f=0.49 | kl +0.0020 | ent 2.684
saved checkpoints/L10\ppo_307200.pt
upd  151 | step   309248 |   122 sps | ret     6.20 | succ 0.31 | mean_lvl  9.6 | max_lvl 11 | cur 3/12 pb 0.0 | focus (153,16) f=0.48 | kl +0.0028 | ent 2.655
upd  152 | step   311296 |   122 sps | ret     5.20 | succ 0.26 | mean_lvl  9.5 | max_lvl 11 | cur 5/12 pb 0.0 | focus (372,200) f=1.0 | kl +0.0016 | ent 2.746
upd  153 | step   313344 |   122 sps | ret     6.40 | succ 0.32 | mean_lvl  9.6 | max_lvl 11 | cur 4/12 pb 0.0 | focus (248,89) f=0.9 | kl +0.0018 | ent 2.724
upd  154 | step   315392 |   122 sps | ret     7.40 | succ 0.37 | mean_lvl  9.7 | max_lvl 11 | cur 5/12 pb 0.0 | focus (372,200) f=1.0 | kl +0.0021 | ent 2.729
upd  155 | step   317440 |   123 sps | ret     5.80 | succ 0.29 | mean_lvl  9.5 | max_lvl 11 | cur 4/12 pb 0.0 | focus (248,89) f=0.8 | kl +0.0028 | ent 2.751
upd  156 | step   319488 |   123 sps | ret     7.80 | succ 0.39 | mean_lvl  9.8 | max_lvl 11 | cur 4/12 pb 0.0 | focus (248,89) f=0.82 | kl +0.0026 | ent 2.685
upd  157 | step   321536 |   123 sps | ret     5.20 | succ 0.26 | mean_lvl  9.5 | max_lvl 11 | cur 4/12 pb 0.0 | focus (248,89) f=0.86 | kl +0.0057 | ent 2.669
upd  158 | step   323584 |   123 sps | ret     6.80 | succ 0.34 | mean_lvl  9.7 | max_lvl 11 | cur 4/12 pb 0.0 | focus (248,89) f=0.74 | kl +0.0040 | ent 2.612
upd  159 | step   325632 |   123 sps | ret     6.00 | succ 0.30 | mean_lvl  9.6 | max_lvl 11 | cur 5/12 pb 0.0 | focus (372,200) f=1.0 | kl +0.0040 | ent 2.634
upd  160 | step   327680 |   123 sps | ret     8.00 | succ 0.40 | mean_lvl  9.7 | max_lvl 11 | cur 5/12 pb 0.0 | focus (372,200) f=1.0 | kl +0.0037 | ent 2.562
upd  161 | step   329728 |   123 sps | ret     9.60 | succ 0.48 | mean_lvl 10.0 | max_lvl 11 | cur 4/12 pb 0.0 | focus (248,89) f=0.68 | kl +0.0040 | ent 2.530
upd  162 | step   331776 |   123 sps | ret     6.60 | succ 0.33 | mean_lvl  9.7 | max_lvl 11 | cur 5/12 pb 0.0 | focus (372,200) f=1.0 | kl +0.0037 | ent 2.510
upd  163 | step   333824 |   123 sps | ret     9.60 | succ 0.48 | mean_lvl  9.9 | max_lvl 11 | cur 5/12 pb 0.0 | focus (372,200) f=1.0 | kl +0.0028 | ent 2.515
upd  164 | step   335872 |   123 sps | ret     8.00 | succ 0.40 | mean_lvl  9.8 | max_lvl 11 | cur 4/12 pb 0.0 | focus (248,89) f=0.59 | kl +0.0029 | ent 2.484
upd  165 | step   337920 |   123 sps | ret     6.60 | succ 0.33 | mean_lvl  9.7 | max_lvl 11 | cur 5/12 pb 0.0 | focus (372,200) f=1.0 | kl +0.0042 | ent 2.469
upd  166 | step   339968 |   124 sps | ret     8.80 | succ 0.44 | mean_lvl  9.9 | max_lvl 11 | cur 4/12 pb 0.0 | focus (248,89) f=0.82 | kl +0.0034 | ent 2.522
upd  167 | step   342016 |   124 sps | ret     7.20 | succ 0.36 | mean_lvl  9.7 | max_lvl 11 | cur 4/12 pb 0.0 | focus (248,89) f=0.63 | kl +0.0031 | ent 2.507
upd  168 | step   344064 |   124 sps | ret     7.00 | succ 0.35 | mean_lvl  9.7 | max_lvl 11 | cur 4/12 pb 0.0 | focus (248,89) f=0.76 | kl +0.0031 | ent 2.509
upd  169 | step   346112 |   124 sps | ret     7.40 | succ 0.37 | mean_lvl  9.7 | max_lvl 11 | cur 4/12 pb 0.0 | focus (153,16) f=0.67 | kl +0.0021 | ent 2.522
upd  170 | step   348160 |   124 sps | ret     5.20 | succ 0.26 | mean_lvl  9.5 | max_lvl 11 | cur 4/12 pb 0.0 | focus (248,89) f=0.73 | kl +0.0031 | ent 2.538
upd  171 | step   350208 |   124 sps | ret     6.60 | succ 0.33 | mean_lvl  9.7 | max_lvl 11 | cur 5/12 pb 0.0 | focus (372,200) f=1.0 | kl +0.0007 | ent 2.571
upd  172 | step   352256 |   124 sps | ret     5.20 | succ 0.26 | mean_lvl  9.5 | max_lvl 11 | cur 5/12 pb 0.0 | focus (372,200) f=1.0 | kl +0.0027 | ent 2.570
upd  173 | step   354304 |   124 sps | ret     6.40 | succ 0.32 | mean_lvl  9.6 | max_lvl 11 | cur 4/12 pb 0.0 | focus (153,16) f=0.72 | kl +0.0025 | ent 2.587
upd  174 | step   356352 |   124 sps | ret     7.60 | succ 0.38 | mean_lvl  9.7 | max_lvl 11 | cur 5/12 pb 0.0 | focus (372,200) f=1.0 | kl +0.0017 | ent 2.596
upd  175 | step   358400 |   124 sps | ret     5.40 | succ 0.27 | mean_lvl  9.5 | max_lvl 11 | cur 4/12 pb 0.0 | focus (153,16) f=0.69 | kl +0.0017 | ent 2.591
upd  176 | step   360448 |   125 sps | ret     6.00 | succ 0.30 | mean_lvl  9.6 | max_lvl 11 | cur 4/12 pb 0.0 | focus (153,16) f=0.74 | kl +0.0023 | ent 2.616
upd  177 | step   362496 |   125 sps | ret     4.20 | succ 0.21 | mean_lvl  9.4 | max_lvl 11 | cur 5/12 pb 0.0 | focus (372,200) f=1.0 | kl +0.0004 | ent 2.620
upd  178 | step   364544 |   125 sps | ret     6.40 | succ 0.32 | mean_lvl  9.6 | max_lvl 11 | cur 4/12 pb 0.0 | focus (153,16) f=0.88 | kl +0.0026 | ent 2.633
upd  179 | step   366592 |   125 sps | ret     5.20 | succ 0.26 | mean_lvl  9.5 | max_lvl 11 | cur 4/12 pb 0.0 | focus (153,16) f=0.88 | kl +0.0014 | ent 2.659
upd  180 | step   368640 |   125 sps | ret     5.40 | succ 0.27 | mean_lvl  9.5 | max_lvl 11 | cur 4/12 pb 0.0 | focus (248,89) f=0.78 | kl +0.0005 | ent 2.641
upd  181 | step   370688 |   125 sps | ret     5.20 | succ 0.26 | mean_lvl  9.5 | max_lvl 11 | cur 4/12 pb 0.0 | focus (153,16) f=0.84 | kl +0.0011 | ent 2.662
upd  182 | step   372736 |   126 sps | ret     3.80 | succ 0.19 | mean_lvl  9.4 | max_lvl 11 | cur 5/12 pb 0.0 | focus (372,200) f=1.0 | kl +0.0014 | ent 2.690
upd  183 | step   374784 |   126 sps | ret     5.00 | succ 0.25 | mean_lvl  9.5 | max_lvl 11 | cur 4/12 pb 0.0 | focus (153,16) f=0.77 | kl +0.0011 | ent 2.689
upd  184 | step   376832 |   126 sps | ret     6.00 | succ 0.30 | mean_lvl  9.6 | max_lvl 11 | cur 5/12 pb 0.0 | focus (372,200) f=1.0 | kl +0.0030 | ent 2.713
upd  185 | step   378880 |   126 sps | ret     6.20 | succ 0.31 | mean_lvl  9.6 | max_lvl 11 | cur 4/12 pb 0.0 | focus (153,16) f=0.71 | kl +0.0002 | ent 2.708
upd  186 | step   380928 |   126 sps | ret     6.40 | succ 0.32 | mean_lvl  9.6 | max_lvl 11 | cur 4/12 pb 0.0 | focus (153,16) f=0.77 | kl +0.0015 | ent 2.708
upd  187 | step   382976 |   126 sps | ret     6.40 | succ 0.32 | mean_lvl  9.7 | max_lvl 11 | cur 4/12 pb 0.0 | focus (153,16) f=0.8 | kl +0.0018 | ent 2.716
upd  188 | step   385024 |   127 sps | ret     5.80 | succ 0.29 | mean_lvl  9.6 | max_lvl 11 | cur 5/12 pb 0.0 | focus (372,200) f=1.0 | kl -0.0001 | ent 2.732
upd  189 | step   387072 |   127 sps | ret     5.40 | succ 0.27 | mean_lvl  9.5 | max_lvl 11 | cur 4/12 pb 0.0 | focus (248,89) f=0.77 | kl +0.0004 | ent 2.726
upd  190 | step   389120 |   127 sps | ret     6.20 | succ 0.31 | mean_lvl  9.6 | max_lvl 11 | cur 5/12 pb 0.0 | focus (372,200) f=1.0 | kl +0.0012 | ent 2.739
upd  191 | step   391168 |   127 sps | ret     5.40 | succ 0.27 | mean_lvl  9.5 | max_lvl 11 | cur 5/12 pb 0.0 | focus (372,200) f=1.0 | kl -0.0001 | ent 2.741
upd  192 | step   393216 |   127 sps | ret     6.00 | succ 0.30 | mean_lvl  9.6 | max_lvl 11 | cur 5/12 pb 0.0 | focus (372,200) f=1.0 | kl +0.0018 | ent 2.745
upd  193 | step   395264 |   127 sps | ret     5.60 | succ 0.28 | mean_lvl  9.5 | max_lvl 11 | cur 5/12 pb 0.0 | focus (372,200) f=1.0 | kl +0.0012 | ent 2.758
upd  194 | step   397312 |   128 sps | ret     6.00 | succ 0.30 | mean_lvl  9.6 | max_lvl 11 | cur 5/12 pb 0.0 | focus (372,200) f=1.0 | kl +0.0034 | ent 2.763
upd  195 | step   399360 |   128 sps | ret     7.00 | succ 0.35 | mean_lvl  9.7 | max_lvl 11 | cur 5/12 pb 0.0 | focus (372,200) f=1.0 | kl +0.0026 | ent 2.742
upd  196 | step   401408 |   128 sps | ret     4.80 | succ 0.24 | mean_lvl  9.5 | max_lvl 11 | cur 4/12 pb 0.0 | focus (153,16) f=0.86 | kl +0.0013 | ent 2.732
upd  197 | step   403456 |   128 sps | ret     7.00 | succ 0.35 | mean_lvl  9.7 | max_lvl 11 | cur 5/12 pb 0.0 | focus (372,200) f=1.0 | kl +0.0010 | ent 2.735
upd  198 | step   405504 |   128 sps | ret     5.40 | succ 0.27 | mean_lvl  9.5 | max_lvl 11 | cur 4/12 pb 0.0 | focus (153,16) f=0.79 | kl +0.0086 | ent 2.750
upd  199 | step   407552 |   128 sps | ret     5.20 | succ 0.26 | mean_lvl  9.5 | max_lvl 11 | cur 4/12 pb 0.0 | focus (248,89) f=0.77 | kl +0.0021 | ent 2.752
upd  200 | step   409600 |   129 sps | ret     6.20 | succ 0.31 | mean_lvl  9.6 | max_lvl 11 | cur 5/12 pb 0.0 | focus (372,200) f=1.0 | kl +0.0027 | ent 2.733
saved checkpoints/L10\ppo_409600.pt
upd  201 | step   411648 |   129 sps | ret     7.00 | succ 0.35 | mean_lvl  9.7 | max_lvl 11 | cur 5/12 pb 0.0 | focus (372,200) f=0.96 | kl +0.0034 | ent 2.722
upd  202 | step   413696 |   129 sps | ret     6.00 | succ 0.30 | mean_lvl  9.6 | max_lvl 11 | cur 5/12 pb 0.0 | focus (372,200) f=0.97 | kl +0.0029 | ent 2.731
upd  203 | step   415744 |   129 sps | ret     6.60 | succ 0.33 | mean_lvl  9.7 | max_lvl 11 | cur 4/12 pb 0.0 | focus (248,89) f=0.7 | kl +0.0062 | ent 2.723
upd  204 | step   417792 |   129 sps | ret     8.20 | succ 0.41 | mean_lvl  9.8 | max_lvl 11 | cur 5/12 pb 0.0 | focus (372,200) f=1.0 | kl +0.0038 | ent 2.698
upd  205 | step   419840 |   129 sps | ret     8.40 | succ 0.42 | mean_lvl  9.8 | max_lvl 11 | cur 5/12 pb 0.0 | focus (372,200) f=1.0 | kl +0.0074 | ent 2.638
upd  206 | step   421888 |   129 sps | ret     9.00 | succ 0.45 | mean_lvl  9.9 | max_lvl 11 | cur 4/12 pb 0.0 | focus (153,16) f=0.61 | kl +0.0062 | ent 2.624
upd  207 | step   423936 |   129 sps | ret     8.60 | succ 0.43 | mean_lvl  9.8 | max_lvl 11 | cur 5/12 pb 0.0 | focus (372,200) f=1.0 | kl +0.0001 | ent 2.563
upd  208 | step   425984 |   129 sps | ret     8.00 | succ 0.40 | mean_lvl  9.8 | max_lvl 11 | cur 5/12 pb 0.0 | focus (372,200) f=1.0 | kl +0.0010 | ent 2.581
upd  209 | step   428032 |   130 sps | ret     9.40 | succ 0.47 | mean_lvl  9.9 | max_lvl 11 | cur 4/12 pb 0.0 | focus (248,89) f=0.5 | kl +0.0017 | ent 2.526
upd  210 | step   430080 |   130 sps | ret    11.40 | succ 0.57 | mean_lvl 10.1 | max_lvl 11 | cur 4/12 pb 0.0 | focus (248,89) f=0.52 | kl +0.0020 | ent 2.516
upd  211 | step   432128 |   130 sps | ret    10.00 | succ 0.50 | mean_lvl 10.0 | max_lvl 11 | cur 4/12 pb 0.0 | focus (248,89) f=0.51 | kl +0.0021 | ent 2.461
upd  212 | step   434176 |   130 sps | ret     9.00 | succ 0.45 | mean_lvl  9.9 | max_lvl 11 | cur 5/12 pb 0.0 | focus (372,200) f=1.0 | kl +0.0063 | ent 2.471
upd  213 | step   436224 |   130 sps | ret     9.80 | succ 0.49 | mean_lvl 10.0 | max_lvl 11 | cur 5/12 pb 0.0 | focus (372,200) f=1.0 | kl +0.0038 | ent 2.479
upd  214 | step   438272 |   130 sps | ret     9.40 | succ 0.47 | mean_lvl  9.9 | max_lvl 11 | cur 4/12 pb 0.0 | focus (153,16) f=0.48 | kl +0.0009 | ent 2.459
upd  215 | step   440320 |   130 sps | ret     9.80 | succ 0.49 | mean_lvl 10.0 | max_lvl 11 | cur 5/12 pb 0.0 | focus (372,200) f=1.0 | kl +0.0012 | ent 2.376
upd  216 | step   442368 |   130 sps | ret     9.40 | succ 0.47 | mean_lvl  9.9 | max_lvl 11 | cur 5/12 pb 0.0 | focus (372,200) f=1.0 | kl +0.0020 | ent 2.357
upd  217 | step   444416 |   130 sps | ret    10.60 | succ 0.53 | mean_lvl 10.1 | max_lvl 11 | cur 5/12 pb 0.0 | focus (372,200) f=1.0 | kl +0.0018 | ent 2.330
upd  218 | step   446464 |   130 sps | ret     9.40 | succ 0.47 | mean_lvl  9.9 | max_lvl 11 | cur 6/12 pb 0.0 | focus (372,200) f=1.0 | kl +0.0095 | ent 2.422
upd  219 | step   448512 |   130 sps | ret     8.20 | succ 0.41 | mean_lvl  9.8 | max_lvl 11 | cur 5/12 pb 0.0 | focus (372,200) f=1.0 | kl +0.0031 | ent 2.423
upd  220 | step   450560 |   130 sps | ret     6.80 | succ 0.34 | mean_lvl  9.6 | max_lvl 11 | cur 4/12 pb 0.0 | focus (153,16) f=0.45 | kl +0.0077 | ent 2.390
upd  221 | step   452608 |   130 sps | ret     9.40 | succ 0.47 | mean_lvl  9.9 | max_lvl 11 | cur 5/12 pb 0.0 | focus (372,200) f=1.0 | kl +0.0040 | ent 2.406
upd  222 | step   454656 |   129 sps | ret     8.80 | succ 0.44 | mean_lvl  9.8 | max_lvl 11 | cur 4/12 pb 0.0 | focus (153,16) f=0.3 | kl +0.0010 | ent 2.393
upd  223 | step   456704 |   129 sps | ret     5.60 | succ 0.28 | mean_lvl  9.5 | max_lvl 11 | cur 6/12 pb 0.0 | focus (372,200) f=1.0 | kl +0.0028 | ent 2.489
upd  224 | step   458752 |   129 sps | ret     7.00 | succ 0.35 | mean_lvl  9.6 | max_lvl 11 | cur 5/12 pb 0.0 | focus (372,200) f=1.0 | kl +0.0038 | ent 2.531
upd  225 | step   460800 |   129 sps | ret     6.00 | succ 0.30 | mean_lvl  9.6 | max_lvl 11 | cur 5/12 pb 0.0 | focus (372,200) f=1.0 | kl +0.0053 | ent 2.550
upd  226 | step   462848 |   129 sps | ret     7.20 | succ 0.36 | mean_lvl  9.7 | max_lvl 11 | cur 5/12 pb 0.0 | focus (372,200) f=1.0 | kl +0.0023 | ent 2.575
upd  227 | step   464896 |   129 sps | ret     7.60 | succ 0.38 | mean_lvl  9.7 | max_lvl 11 | cur 5/12 pb 0.0 | focus (372,200) f=1.0 | kl +0.0104 | ent 2.605
upd  228 | step   466944 |   129 sps | ret     6.80 | succ 0.34 | mean_lvl  9.6 | max_lvl 11 | cur 5/12 pb 0.0 | focus (372,200) f=1.0 | kl +0.0055 | ent 2.606
upd  229 | step   468992 |   129 sps | ret     6.40 | succ 0.32 | mean_lvl  9.6 | max_lvl 11 | cur 5/12 pb 0.0 | focus (372,200) f=0.95 | kl +0.0050 | ent 2.604
upd  230 | step   471040 |   129 sps | ret     4.80 | succ 0.24 | mean_lvl  9.4 | max_lvl 11 | cur 5/12 pb 0.0 | focus (372,200) f=1.0 | kl +0.0029 | ent 2.607
upd  231 | step   473088 |   129 sps | ret     7.00 | succ 0.35 | mean_lvl  9.7 | max_lvl 11 | cur 5/12 pb 0.0 | focus (372,200) f=1.0 | kl +0.0026 | ent 2.569
upd  232 | step   475136 |   129 sps | ret     5.60 | succ 0.28 | mean_lvl  9.5 | max_lvl 11 | cur 5/12 pb 0.0 | focus (372,200) f=1.0 | kl +0.0067 | ent 2.570
upd  233 | step   477184 |   129 sps | ret     7.80 | succ 0.39 | mean_lvl  9.7 | max_lvl 11 | cur 5/12 pb 0.0 | focus (372,200) f=1.0 | kl +0.0090 | ent 2.592
upd  234 | step   479232 |   129 sps | ret     6.60 | succ 0.33 | mean_lvl  9.6 | max_lvl 11 | cur 6/12 pb 0.0 | focus (153,216) f=1.0 | kl +0.0026 | ent 2.541
upd  235 | step   481280 |   129 sps | ret     5.80 | succ 0.29 | mean_lvl  9.6 | max_lvl 11 | cur 5/12 pb 0.0 | focus (372,200) f=0.98 | kl +0.0138 | ent 2.563
upd  236 | step   483328 |   129 sps | ret     6.80 | succ 0.34 | mean_lvl  9.7 | max_lvl 11 | cur 6/12 pb 0.0 | focus (372,200) f=0.97 | kl +0.0058 | ent 2.695
upd  237 | step   485376 |   129 sps | ret     7.80 | succ 0.39 | mean_lvl  9.7 | max_lvl 11 | cur 5/12 pb 0.0 | focus (372,200) f=1.0 | kl +0.0076 | ent 2.636
upd  238 | step   487424 |   129 sps | ret     5.80 | succ 0.29 | mean_lvl  9.6 | max_lvl 11 | cur 5/12 pb 0.0 | focus (372,200) f=1.0 | kl +0.0054 | ent 2.666
upd  239 | step   489472 |   129 sps | ret     8.00 | succ 0.40 | mean_lvl  9.8 | max_lvl 11 | cur 5/12 pb 0.0 | focus (372,200) f=0.99 | kl +0.0043 | ent 2.699
upd  240 | step   491520 |   129 sps | ret     4.80 | succ 0.24 | mean_lvl  9.4 | max_lvl 11 | cur 6/12 pb 0.0 | focus (153,216) f=0.99 | kl +0.0063 | ent 2.794
upd  241 | step   493568 |   129 sps | ret     6.60 | succ 0.33 | mean_lvl  9.6 | max_lvl 11 | cur 5/12 pb 0.0 | focus (372,200) f=0.95 | kl +0.0048 | ent 2.687
upd  242 | step   495616 |   129 sps | ret     5.40 | succ 0.27 | mean_lvl  9.5 | max_lvl 11 | cur 6/12 pb 0.0 | focus (372,200) f=1.0 | kl +0.0066 | ent 2.733
upd  243 | step   497664 |   129 sps | ret     8.00 | succ 0.40 | mean_lvl  9.7 | max_lvl 11 | cur 5/12 pb 0.0 | focus (372,200) f=0.92 | kl +0.0098 | ent 2.658
upd  244 | step   499712 |   129 sps | ret     8.00 | succ 0.40 | mean_lvl  9.7 | max_lvl 11 | cur 5/12 pb 0.0 | focus (372,200) f=1.0 | kl +0.0042 | ent 2.643
upd  245 | step   501760 |   129 sps | ret     8.60 | succ 0.43 | mean_lvl  9.8 | max_lvl 11 | cur 5/12 pb 0.0 | focus (372,200) f=1.0 | kl +0.0073 | ent 2.659
upd  246 | step   503808 |   129 sps | ret     6.60 | succ 0.33 | mean_lvl  9.6 | max_lvl 11 | cur 5/12 pb 0.0 | focus (372,200) f=1.0 | kl +0.0024 | ent 2.697
upd  247 | step   505856 |   129 sps | ret     7.60 | succ 0.38 | mean_lvl  9.7 | max_lvl 11 | cur 5/12 pb 0.0 | focus (372,200) f=0.85 | kl +0.0027 | ent 2.725
upd  248 | step   507904 |   129 sps | ret     6.40 | succ 0.32 | mean_lvl  9.6 | max_lvl 11 | cur 5/12 pb 0.0 | focus (372,200) f=0.91 | kl +0.0035 | ent 2.737
upd  249 | step   509952 |   129 sps | ret     7.00 | succ 0.35 | mean_lvl  9.7 | max_lvl 11 | cur 5/12 pb 0.0 | focus (372,200) f=1.0 | kl +0.0078 | ent 2.668
upd  250 | step   512000 |   129 sps | ret     6.00 | succ 0.30 | mean_lvl  9.5 | max_lvl 11 | cur 5/12 pb 0.0 | focus (372,200) f=0.99 | kl +0.0057 | ent 2.729
saved checkpoints/L10\ppo_512000.pt
upd  251 | step   514048 |   129 sps | ret     8.20 | succ 0.41 | mean_lvl  9.7 | max_lvl 11 | cur 6/12 pb 0.0 | focus (372,200) f=1.0 | kl +0.0026 | ent 2.701
upd  252 | step   516096 |   129 sps | ret     6.40 | succ 0.32 | mean_lvl  9.6 | max_lvl 11 | cur 5/12 pb 0.0 | focus (372,200) f=0.95 | kl +0.0054 | ent 2.701
upd  253 | step   518144 |   129 sps | ret     4.80 | succ 0.24 | mean_lvl  9.4 | max_lvl 11 | cur 5/12 pb 0.0 | focus (372,200) f=1.0 | kl +0.0046 | ent 2.731
upd  254 | step   520192 |   129 sps | ret     7.40 | succ 0.37 | mean_lvl  9.6 | max_lvl 11 | cur 5/12 pb 0.0 | focus (372,200) f=0.94 | kl +0.0098 | ent 2.690
upd  255 | step   522240 |   129 sps | ret     7.60 | succ 0.38 | mean_lvl  9.6 | max_lvl 11 | cur 6/12 pb 0.0 | focus (372,200) f=0.98 | kl +0.0036 | ent 2.639
upd  256 | step   524288 |   129 sps | ret     6.00 | succ 0.30 | mean_lvl  9.5 | max_lvl 11 | cur 6/12 pb 0.0 | focus (372,200) f=1.0 | kl +0.0024 | ent 2.657
upd  257 | step   526336 |   129 sps | ret     7.20 | succ 0.36 | mean_lvl  9.7 | max_lvl 11 | cur 5/12 pb 0.0 | focus (372,200) f=0.93 | kl +0.0024 | ent 2.615
upd  258 | step   528384 |   129 sps | ret     7.40 | succ 0.37 | mean_lvl  9.7 | max_lvl 11 | cur 6/12 pb 0.0 | focus (372,200) f=0.99 | kl +0.0127 | ent 2.619
upd  259 | step   530432 |   129 sps | ret     7.60 | succ 0.38 | mean_lvl  9.7 | max_lvl 11 | cur 5/12 pb 0.0 | focus (372,200) f=1.0 | kl +0.0014 | ent 2.613
upd  260 | step   532480 |   129 sps | ret     8.20 | succ 0.41 | mean_lvl  9.8 | max_lvl 11 | cur 5/12 pb 0.0 | focus (372,200) f=0.87 | kl +0.0038 | ent 2.655
upd  261 | step   534528 |   129 sps | ret     6.00 | succ 0.30 | mean_lvl  9.5 | max_lvl 11 | cur 6/12 pb 0.0 | focus (372,200) f=1.0 | kl +0.0001 | ent 2.656
upd  262 | step   536576 |   129 sps | ret     8.80 | succ 0.44 | mean_lvl  9.8 | max_lvl 11 | cur 5/12 pb 0.0 | focus (372,200) f=0.93 | kl +0.0039 | ent 2.584
upd  263 | step   538624 |   129 sps | ret     6.00 | succ 0.30 | mean_lvl  9.5 | max_lvl 11 | cur 5/12 pb 0.0 | focus (372,200) f=0.88 | kl +0.0020 | ent 2.583
upd  264 | step   540672 |   128 sps | ret     7.60 | succ 0.38 | mean_lvl  9.7 | max_lvl 11 | cur 5/12 pb 0.0 | focus (372,200) f=0.95 | kl +0.0025 | ent 2.560
upd  265 | step   542720 |   128 sps | ret     7.00 | succ 0.35 | mean_lvl  9.7 | max_lvl 11 | cur 5/12 pb 0.0 | focus (372,200) f=0.94 | kl +0.0031 | ent 2.545
upd  266 | step   544768 |   128 sps | ret     5.80 | succ 0.29 | mean_lvl  9.5 | max_lvl 11 | cur 6/12 pb 0.0 | focus (372,200) f=0.94 | kl +0.0031 | ent 2.568
upd  267 | step   546816 |   128 sps | ret     9.40 | succ 0.47 | mean_lvl  9.9 | max_lvl 11 | cur 5/12 pb 0.0 | focus (372,200) f=0.87 | kl +0.0041 | ent 2.454
upd  268 | step   548864 |   128 sps | ret     8.20 | succ 0.41 | mean_lvl  9.7 | max_lvl 11 | cur 5/12 pb 0.0 | focus (372,200) f=0.99 | kl +0.0026 | ent 2.470
upd  269 | step   550912 |   128 sps | ret     8.00 | succ 0.40 | mean_lvl  9.7 | max_lvl 11 | cur 5/12 pb 0.0 | focus (372,200) f=0.96 | kl +0.0032 | ent 2.484
upd  270 | step   552960 |   128 sps | ret     6.20 | succ 0.31 | mean_lvl  9.6 | max_lvl 11 | cur 5/12 pb 0.0 | focus (372,200) f=0.82 | kl +0.0030 | ent 2.474
upd  271 | step   555008 |   128 sps | ret     6.60 | succ 0.33 | mean_lvl  9.6 | max_lvl 11 | cur 6/12 pb 0.0 | focus (153,216) f=0.96 | kl +0.0040 | ent 2.491
upd  272 | step   557056 |   128 sps | ret     7.40 | succ 0.37 | mean_lvl  9.7 | max_lvl 11 | cur 6/12 pb 0.0 | focus (372,200) f=0.97 | kl +0.0027 | ent 2.456
upd  273 | step   559104 |   128 sps | ret     4.80 | succ 0.24 | mean_lvl  9.3 | max_lvl 11 | cur 6/12 pb 0.0 | focus (372,200) f=0.99 | kl +0.0033 | ent 2.511
upd  274 | step   561152 |   128 sps | ret     7.20 | succ 0.36 | mean_lvl  9.7 | max_lvl 11 | cur 6/12 pb 0.0 | focus (372,200) f=0.9 | kl +0.0042 | ent 2.523
upd  275 | step   563200 |   127 sps | ret     7.40 | succ 0.37 | mean_lvl  9.7 | max_lvl 11 | cur 6/12 pb 0.0 | focus (372,200) f=0.96 | kl +0.0026 | ent 2.512
upd  276 | step   565248 |   127 sps | ret     7.00 | succ 0.35 | mean_lvl  9.6 | max_lvl 11 | cur 5/12 pb 0.0 | focus (372,200) f=0.99 | kl +0.0040 | ent 2.514
upd  277 | step   567296 |   127 sps | ret     5.60 | succ 0.28 | mean_lvl  9.5 | max_lvl 11 | cur 5/12 pb 0.0 | focus (372,200) f=0.87 | kl +0.0009 | ent 2.556
upd  278 | step   569344 |   127 sps | ret     5.60 | succ 0.28 | mean_lvl  9.4 | max_lvl 11 | cur 5/12 pb 0.0 | focus (372,200) f=0.83 | kl +0.0061 | ent 2.558
upd  279 | step   571392 |   127 sps | ret     8.80 | succ 0.44 | mean_lvl  9.8 | max_lvl 11 | cur 5/12 pb 0.0 | focus (372,200) f=0.93 | kl +0.0052 | ent 2.606
upd  280 | step   573440 |   127 sps | ret     7.20 | succ 0.36 | mean_lvl  9.7 | max_lvl 11 | cur 5/12 pb 0.0 | focus (372,200) f=1.0 | kl +0.0086 | ent 2.607
upd  281 | step   575488 |   127 sps | ret     9.20 | succ 0.46 | mean_lvl  9.8 | max_lvl 11 | cur 6/12 pb 0.0 | focus (372,200) f=0.99 | kl +0.0002 | ent 2.584
upd  282 | step   577536 |   127 sps | ret     7.40 | succ 0.37 | mean_lvl  9.6 | max_lvl 11 | cur 6/12 pb 0.0 | focus (372,200) f=1.0 | kl +0.0032 | ent 2.598
upd  283 | step   579584 |   127 sps | ret     6.40 | succ 0.32 | mean_lvl  9.6 | max_lvl 11 | cur 5/12 pb 0.0 | focus (372,200) f=0.98 | kl +0.0039 | ent 2.605
upd  284 | step   581632 |   127 sps | ret     7.40 | succ 0.37 | mean_lvl  9.7 | max_lvl 11 | cur 5/12 pb 0.0 | focus (372,200) f=0.95 | kl +0.0052 | ent 2.609
upd  285 | step   583680 |   127 sps | ret     7.20 | succ 0.36 | mean_lvl  9.7 | max_lvl 11 | cur 5/12 pb 0.0 | focus (372,200) f=0.89 | kl +0.0056 | ent 2.602
upd  286 | step   585728 |   127 sps | ret     8.20 | succ 0.41 | mean_lvl  9.8 | max_lvl 11 | cur 5/12 pb 0.0 | focus (372,200) f=0.97 | kl +0.0105 | ent 2.623
upd  287 | step   587776 |   127 sps | ret     7.80 | succ 0.39 | mean_lvl  9.8 | max_lvl 11 | cur 5/12 pb 0.0 | focus (372,200) f=1.0 | kl +0.0049 | ent 2.602
upd  288 | step   589824 |   127 sps | ret     7.20 | succ 0.36 | mean_lvl  9.7 | max_lvl 11 | cur 5/12 pb 0.0 | focus (372,200) f=1.0 | kl +0.0049 | ent 2.590
upd  289 | step   591872 |   127 sps | ret     6.20 | succ 0.31 | mean_lvl  9.6 | max_lvl 11 | cur 5/12 pb 0.0 | focus (372,200) f=0.98 | kl +0.0015 | ent 2.619
upd  290 | step   593920 |   127 sps | ret     6.40 | succ 0.32 | mean_lvl  9.6 | max_lvl 11 | cur 6/12 pb 0.0 | focus (372,200) f=0.98 | kl +0.0062 | ent 2.657
upd  291 | step   595968 |   127 sps | ret     6.20 | succ 0.31 | mean_lvl  9.6 | max_lvl 11 | cur 5/12 pb 0.0 | focus (372,200) f=0.99 | kl +0.0062 | ent 2.629
upd  292 | step   598016 |   127 sps | ret     4.40 | succ 0.22 | mean_lvl  9.4 | max_lvl 11 | cur 5/12 pb 0.0 | focus (372,200) f=1.0 | kl +0.0045 | ent 2.697
upd  293 | step   600064 |   127 sps | ret     8.00 | succ 0.40 | mean_lvl  9.8 | max_lvl 11 | cur 6/12 pb 0.0 | focus (372,200) f=0.9 | kl +0.0056 | ent 2.657
upd  294 | step   602112 |   127 sps | ret     8.60 | succ 0.43 | mean_lvl  9.8 | max_lvl 11 | cur 6/12 pb 0.0 | focus (372,200) f=0.89 | kl +0.0050 | ent 2.654
upd  295 | step   604160 |   127 sps | ret     8.00 | succ 0.40 | mean_lvl  9.7 | max_lvl 11 | cur 6/12 pb 0.0 | focus (372,200) f=0.88 | kl +0.0051 | ent 2.679
upd  296 | step   606208 |   127 sps | ret     8.00 | succ 0.40 | mean_lvl  9.8 | max_lvl 11 | cur 6/12 pb 0.0 | focus (372,200) f=0.87 | kl +0.0074 | ent 2.632
upd  297 | step   608256 |   127 sps | ret     7.20 | succ 0.36 | mean_lvl  9.7 | max_lvl 11 | cur 5/12 pb 0.0 | focus (372,200) f=0.92 | kl +0.0028 | ent 2.610
upd  298 | step   610304 |   127 sps | ret     8.40 | succ 0.42 | mean_lvl  9.8 | max_lvl 11 | cur 5/12 pb 0.0 | focus (372,200) f=0.97 | kl +0.0064 | ent 2.680
upd  299 | step   612352 |   127 sps | ret     7.60 | succ 0.38 | mean_lvl  9.7 | max_lvl 11 | cur 5/12 pb 0.0 | focus (372,200) f=0.98 | kl +0.0021 | ent 2.672
upd  300 | step   614400 |   127 sps | ret     9.20 | succ 0.46 | mean_lvl  9.9 | max_lvl 11 | cur 5/12 pb 0.0 | focus (372,200) f=0.9 | kl +0.0020 | ent 2.600
saved checkpoints/L10\ppo_614400.pt
upd  301 | step   616448 |   127 sps | ret     8.00 | succ 0.40 | mean_lvl  9.7 | max_lvl 11 | cur 5/12 pb 0.0 | focus (372,200) f=0.83 | kl +0.0026 | ent 2.609
upd  302 | step   618496 |   127 sps | ret     8.80 | succ 0.44 | mean_lvl  9.8 | max_lvl 11 | cur 5/12 pb 0.0 | focus (372,200) f=0.79 | kl +0.0019 | ent 2.610
upd  303 | step   620544 |   127 sps | ret    10.00 | succ 0.50 | mean_lvl 10.0 | max_lvl 11 | cur 5/12 pb 0.0 | focus (372,200) f=0.8 | kl +0.0024 | ent 2.562
upd  304 | step   622592 |   127 sps | ret     8.40 | succ 0.42 | mean_lvl  9.8 | max_lvl 11 | cur 5/12 pb 0.0 | focus (372,200) f=0.87 | kl +0.0053 | ent 2.588
upd  305 | step   624640 |   127 sps | ret    11.00 | succ 0.55 | mean_lvl 10.1 | max_lvl 11 | cur 5/12 pb 0.0 | focus (372,200) f=0.95 | kl +0.0012 | ent 2.544
upd  306 | step   626688 |   127 sps | ret     8.40 | succ 0.42 | mean_lvl  9.8 | max_lvl 11 | cur 5/12 pb 0.0 | focus (372,200) f=0.89 | kl +0.0024 | ent 2.521
upd  307 | step   628736 |   127 sps | ret     8.20 | succ 0.41 | mean_lvl  9.8 | max_lvl 11 | cur 5/12 pb 0.0 | focus (372,200) f=0.85 | kl +0.0037 | ent 2.588
upd  308 | step   630784 |   127 sps | ret     9.00 | succ 0.45 | mean_lvl  9.9 | max_lvl 11 | cur 5/12 pb 0.0 | focus (372,200) f=0.8 | kl +0.0021 | ent 2.587
upd  309 | step   632832 |   127 sps | ret     8.20 | succ 0.41 | mean_lvl  9.8 | max_lvl 11 | cur 6/12 pb 0.0 | focus (372,200) f=0.84 | kl +0.0069 | ent 2.525
upd  310 | step   634880 |   127 sps | ret     9.60 | succ 0.48 | mean_lvl  9.9 | max_lvl 11 | cur 5/12 pb 0.0 | focus (372,200) f=0.73 | kl +0.0028 | ent 2.466
upd  311 | step   636928 |   127 sps | ret    10.00 | succ 0.50 | mean_lvl 10.0 | max_lvl 11 | cur 5/12 pb 0.0 | focus (372,200) f=0.79 | kl +0.0005 | ent 2.404
upd  312 | step   638976 |   127 sps | ret    12.20 | succ 0.61 | mean_lvl 10.1 | max_lvl 11 | cur 5/12 pb 0.0 | focus (372,200) f=0.63 | kl +0.0037 | ent 2.449
upd  313 | step   641024 |   127 sps | ret    10.60 | succ 0.53 | mean_lvl 10.0 | max_lvl 11 | cur 5/12 pb 0.0 | focus (372,200) f=0.69 | kl +0.0029 | ent 2.377
upd  314 | step   643072 |   127 sps | ret    13.60 | succ 0.68 | mean_lvl 10.3 | max_lvl 11 | cur 5/12 pb 0.0 | focus (372,200) f=0.74 | kl +0.0017 | ent 2.408
upd  315 | step   645120 |   127 sps | ret    10.60 | succ 0.53 | mean_lvl 10.0 | max_lvl 11 | cur 5/12 pb 0.0 | focus (372,200) f=0.7 | kl +0.0054 | ent 2.374
upd  316 | step   647168 |   127 sps | ret    12.20 | succ 0.61 | mean_lvl 10.2 | max_lvl 11 | cur 6/12 pb 0.0 | focus (372,200) f=0.78 | kl +0.0108 | ent 2.398
upd  317 | step   649216 |   127 sps | ret    11.60 | succ 0.58 | mean_lvl 10.1 | max_lvl 11 | cur 6/12 pb 0.0 | focus (372,200) f=0.61 | kl +0.0029 | ent 2.376
upd  318 | step   651264 |   128 sps | ret    10.80 | succ 0.54 | mean_lvl 10.0 | max_lvl 11 | cur 5/12 pb 0.0 | focus (372,200) f=0.72 | kl +0.0055 | ent 2.319
upd  319 | step   653312 |   128 sps | ret    12.00 | succ 0.60 | mean_lvl 10.2 | max_lvl 11 | cur 5/12 pb 0.0 | focus (372,200) f=0.44 | kl +0.0034 | ent 2.297
upd  320 | step   655360 |   128 sps | ret    10.80 | succ 0.54 | mean_lvl 10.1 | max_lvl 11 | cur 5/12 pb 0.0 | focus (372,200) f=0.52 | kl +0.0054 | ent 2.322
upd  321 | step   657408 |   128 sps | ret    12.40 | succ 0.62 | mean_lvl 10.2 | max_lvl 11 | cur 5/12 pb 0.0 | focus (372,200) f=0.56 | kl +0.0040 | ent 2.296
upd  322 | step   659456 |   128 sps | ret    13.20 | succ 0.66 | mean_lvl 10.3 | max_lvl 11 | cur 5/12 pb 0.0 | focus (372,200) f=0.53 | kl +0.0032 | ent 2.320
upd  323 | step   661504 |   128 sps | ret    11.00 | succ 0.55 | mean_lvl 10.1 | max_lvl 11 | cur 5/12 pb 0.0 | focus (372,200) f=0.59 | kl +0.0049 | ent 2.401
upd  324 | step   663552 |   128 sps | ret    13.40 | succ 0.67 | mean_lvl 10.3 | max_lvl 11 | cur 5/12 pb 0.0 | focus (372,200) f=0.54 | kl +0.0023 | ent 2.341
upd  325 | step   665600 |   128 sps | ret    12.00 | succ 0.60 | mean_lvl 10.2 | max_lvl 11 | cur 5/12 pb 0.0 | focus (372,200) f=0.86 | kl +0.0050 | ent 2.305
upd  326 | step   667648 |   128 sps | ret    12.20 | succ 0.61 | mean_lvl 10.2 | max_lvl 11 | cur 5/12 pb 0.0 | focus (372,200) f=0.63 | kl +0.0039 | ent 2.294
upd  327 | step   669696 |   128 sps | ret    11.80 | succ 0.59 | mean_lvl 10.2 | max_lvl 11 | cur 5/12 pb 0.0 | focus (372,200) f=0.57 | kl +0.0060 | ent 2.304
upd  328 | step   671744 |   128 sps | ret    11.20 | succ 0.56 | mean_lvl 10.1 | max_lvl 11 | cur 5/12 pb 0.0 | focus (372,200) f=0.58 | kl +0.0028 | ent 2.257
upd  329 | step   673792 |   128 sps | ret    11.20 | succ 0.56 | mean_lvl 10.1 | max_lvl 11 | cur 6/12 pb 0.0 | focus (153,216) f=0.71 | kl +0.0038 | ent 2.264
upd  330 | step   675840 |   128 sps | ret    14.40 | succ 0.72 | mean_lvl 10.4 | max_lvl 11 | cur 5/12 pb 0.0 | focus (372,200) f=0.37 | kl +0.0014 | ent 2.268
upd  331 | step   677888 |   128 sps | ret    13.80 | succ 0.69 | mean_lvl 10.3 | max_lvl 11 | cur 5/12 pb 0.0 | focus (372,200) f=0.66 | kl +0.0005 | ent 2.279
upd  332 | step   679936 |   128 sps | ret    12.60 | succ 0.63 | mean_lvl 10.2 | max_lvl 11 | cur 5/12 pb 0.0 | focus (372,200) f=0.54 | kl +0.0027 | ent 2.226
upd  333 | step   681984 |   128 sps | ret    14.00 | succ 0.70 | mean_lvl 10.4 | max_lvl 11 | cur 5/12 pb 0.0 | focus (372,200) f=0.51 | kl +0.0044 | ent 2.111
upd  334 | step   684032 |   128 sps | ret    12.40 | succ 0.62 | mean_lvl 10.2 | max_lvl 11 | cur 5/12 pb 0.0 | focus (372,200) f=0.47 | kl +0.0085 | ent 2.130
upd  335 | step   686080 |   128 sps | ret    15.00 | succ 0.75 | mean_lvl 10.5 | max_lvl 11 | cur 5/12 pb 0.0 | focus (372,200) f=0.27 | kl +0.0047 | ent 2.143
upd  336 | step   688128 |   128 sps | ret    12.80 | succ 0.64 | mean_lvl 10.2 | max_lvl 11 | cur 5/12 pb 0.0 | focus (372,200) f=0.42 | kl +0.0090 | ent 2.234
upd  337 | step   690176 |   128 sps | ret    14.00 | succ 0.70 | mean_lvl 10.4 | max_lvl 11 | cur 5/12 pb 0.0 | focus (372,200) f=0.41 | kl +0.0019 | ent 2.155
upd  338 | step   692224 |   128 sps | ret    14.40 | succ 0.72 | mean_lvl 10.4 | max_lvl 11 | cur 5/12 pb 0.0 | focus (372,200) f=0.39 | kl +0.0035 | ent 2.127
upd  339 | step   694272 |   128 sps | ret    14.80 | succ 0.74 | mean_lvl 10.4 | max_lvl 11 | cur 5/12 pb 0.0 | focus (372,200) f=0.37 | kl +0.0032 | ent 2.099
upd  340 | step   696320 |   128 sps | ret    13.80 | succ 0.69 | mean_lvl 10.4 | max_lvl 11 | cur 5/12 pb 0.0 | focus (248,89) f=0.26 | kl +0.0070 | ent 2.104
upd  341 | step   698368 |   128 sps | ret    15.80 | succ 0.79 | mean_lvl 10.6 | max_lvl 11 | cur 5/12 pb 0.0 | focus (372,200) f=0.27 | kl +0.0030 | ent 1.951
upd  342 | step   700416 |   128 sps | ret    14.20 | succ 0.71 | mean_lvl 10.4 | max_lvl 11 | cur 5/12 pb 0.0 | focus (372,200) f=0.37 | kl +0.0037 | ent 1.991
upd  343 | step   702464 |   128 sps | ret    15.00 | succ 0.75 | mean_lvl 10.5 | max_lvl 11 | cur 5/12 pb 0.0 | focus (372,200) f=0.17 | kl +0.0059 | ent 1.953
upd  344 | step   704512 |   128 sps | ret    15.20 | succ 0.76 | mean_lvl 10.5 | max_lvl 11 | cur 5/12 pb 0.0 | focus (372,200) f=0.19 | kl +0.0057 | ent 1.970
upd  345 | step   706560 |   128 sps | ret    15.40 | succ 0.77 | mean_lvl 10.5 | max_lvl 11 | cur 6/12 pb 0.0 | focus (153,216) f=1.0 | kl +0.0002 | ent 2.020
upd  346 | step   708608 |   129 sps | ret    15.60 | succ 0.78 | mean_lvl 10.5 | max_lvl 11 | cur 6/12 pb 0.0 | focus (153,216) f=0.8 | kl +0.0061 | ent 2.024
upd  347 | step   710656 |   128 sps | ret    15.40 | succ 0.77 | mean_lvl 10.5 | max_lvl 11 | cur 6/12 pb 0.0 | focus (153,216) f=0.74 | kl +0.0024 | ent 2.123
upd  348 | step   712704 |   128 sps | ret    13.20 | succ 0.66 | mean_lvl 10.3 | max_lvl 11 | cur 5/12 pb 0.0 | focus (372,200) f=0.29 | kl +0.0034 | ent 2.158
upd  349 | step   714752 |   129 sps | ret    13.60 | succ 0.68 | mean_lvl 10.3 | max_lvl 11 | cur 8/12 pb 0.0 | focus (263,296) f=0.99 | kl +0.0075 | ent 2.276
upd  350 | step   716800 |   129 sps | ret    12.60 | succ 0.63 | mean_lvl 10.2 | max_lvl 11 | cur 6/12 pb 0.0 | focus (153,216) f=0.73 | kl -0.0000 | ent 2.180
saved checkpoints/L10\ppo_716800.pt
upd  351 | step   718848 |   129 sps | ret    13.20 | succ 0.66 | mean_lvl 10.2 | max_lvl 11 | cur 6/12 pb 0.0 | focus (153,216) f=0.74 | kl +0.0088 | ent 2.266
upd  352 | step   720896 |   129 sps | ret    13.40 | succ 0.67 | mean_lvl 10.3 | max_lvl 11 | cur 5/12 pb 0.0 | focus (372,200) f=0.18 | kl +0.0022 | ent 2.257
upd  353 | step   722944 |   129 sps | ret    13.20 | succ 0.66 | mean_lvl 10.2 | max_lvl 11 | cur 8/12 pb 0.0 | focus (263,296) f=1.0 | kl +0.0008 | ent 2.280
upd  354 | step   724992 |   129 sps | ret    11.20 | succ 0.56 | mean_lvl 10.0 | max_lvl 11 | cur 6/12 pb 0.0 | focus (153,216) f=0.77 | kl +0.0080 | ent 2.244
upd  355 | step   727040 |   129 sps | ret    11.80 | succ 0.59 | mean_lvl 10.1 | max_lvl 11 | cur 8/12 pb 0.0 | focus (263,296) f=1.0 | kl +0.0028 | ent 2.272
upd  356 | step   729088 |   129 sps | ret    13.60 | succ 0.68 | mean_lvl 10.2 | max_lvl 11 | cur 5/12 pb 0.0 | focus (372,200) f=0.3 | kl +0.0062 | ent 2.299
upd  357 | step   731136 |   129 sps | ret    12.00 | succ 0.60 | mean_lvl 10.1 | max_lvl 11 | cur 6/12 pb 0.0 | focus (153,216) f=0.84 | kl +0.0016 | ent 2.288
upd  358 | step   733184 |   129 sps | ret    14.80 | succ 0.74 | mean_lvl 10.4 | max_lvl 11 | cur 6/12 pb 0.0 | focus (153,216) f=0.66 | kl +0.0030 | ent 2.233
upd  359 | step   735232 |   129 sps | ret    12.40 | succ 0.62 | mean_lvl 10.2 | max_lvl 11 | cur 5/12 pb 0.0 | focus (372,200) f=0.19 | kl +0.0035 | ent 2.218
upd  360 | step   737280 |   129 sps | ret    13.40 | succ 0.67 | mean_lvl 10.2 | max_lvl 11 | cur 8/12 pb 0.0 | focus (263,296) f=0.98 | kl +0.0053 | ent 2.156
upd  361 | step   739328 |   129 sps | ret    12.60 | succ 0.63 | mean_lvl 10.2 | max_lvl 11 | cur 5/12 pb 0.0 | focus (372,200) f=0.39 | kl +0.0038 | ent 2.190
upd  362 | step   741376 |   129 sps | ret    12.60 | succ 0.63 | mean_lvl 10.2 | max_lvl 11 | cur 5/12 pb 0.0 | focus (372,200) f=0.47 | kl +0.0023 | ent 2.183
upd  363 | step   743424 |   129 sps | ret    12.40 | succ 0.62 | mean_lvl 10.2 | max_lvl 11 | cur 8/12 pb 0.0 | focus (263,296) f=1.0 | kl +0.0025 | ent 2.197
upd  364 | step   745472 |   129 sps | ret    13.80 | succ 0.69 | mean_lvl 10.3 | max_lvl 11 | cur 8/12 pb 0.0 | focus (263,296) f=1.0 | kl +0.0025 | ent 2.172
upd  365 | step   747520 |   129 sps | ret    14.20 | succ 0.71 | mean_lvl 10.3 | max_lvl 11 | cur 6/12 pb 0.0 | focus (153,216) f=0.54 | kl +0.0015 | ent 2.136
upd  366 | step   749568 |   129 sps | ret    15.00 | succ 0.75 | mean_lvl 10.4 | max_lvl 11 | cur 5/12 pb 0.0 | focus (372,200) f=0.14 | kl +0.0009 | ent 2.220
upd  367 | step   751616 |   129 sps | ret    14.00 | succ 0.70 | mean_lvl 10.3 | max_lvl 11 | cur 6/12 pb 0.0 | focus (153,216) f=0.83 | kl +0.0022 | ent 2.216
upd  368 | step   753664 |   129 sps | ret    10.80 | succ 0.54 | mean_lvl 10.0 | max_lvl 11 | cur 8/12 pb 0.0 | focus (263,296) f=0.99 | kl +0.0123 | ent 2.180
upd  369 | step   755712 |   129 sps | ret    11.60 | succ 0.58 | mean_lvl 10.0 | max_lvl 11 | cur 6/12 pb 0.0 | focus (153,216) f=0.5 | kl +0.0014 | ent 2.231
upd  370 | step   757760 |   129 sps | ret    12.40 | succ 0.62 | mean_lvl 10.2 | max_lvl 11 | cur 6/12 pb 0.0 | focus (153,216) f=0.5 | kl +0.0030 | ent 2.260
upd  371 | step   759808 |   129 sps | ret    10.80 | succ 0.54 | mean_lvl 10.0 | max_lvl 11 | cur 5/12 pb 0.0 | focus (372,200) f=0.21 | kl +0.0021 | ent 2.226
upd  372 | step   761856 |   129 sps | ret    13.80 | succ 0.69 | mean_lvl 10.3 | max_lvl 11 | cur 5/12 pb 0.0 | focus (372,200) f=0.21 | kl +0.0019 | ent 2.229
upd  373 | step   763904 |   129 sps | ret    12.20 | succ 0.61 | mean_lvl 10.1 | max_lvl 11 | cur 6/12 pb 0.0 | focus (153,216) f=0.71 | kl +0.0046 | ent 2.265
upd  374 | step   765952 |   129 sps | ret    11.60 | succ 0.58 | mean_lvl 10.1 | max_lvl 11 | cur 5/12 pb 0.0 | focus (153,16) f=0.23 | kl +0.0045 | ent 2.269
upd  375 | step   768000 |   129 sps | ret    11.80 | succ 0.59 | mean_lvl 10.1 | max_lvl 11 | cur 8/12 pb 0.0 | focus (263,296) f=1.0 | kl +0.0039 | ent 2.225
upd  376 | step   770048 |   129 sps | ret    10.80 | succ 0.54 | mean_lvl 10.1 | max_lvl 11 | cur 8/12 pb 0.0 | focus (263,296) f=1.0 | kl +0.0095 | ent 2.219
upd  377 | step   772096 |   129 sps | ret    11.40 | succ 0.57 | mean_lvl 10.1 | max_lvl 11 | cur 8/12 pb 0.0 | focus (263,296) f=1.0 | kl +0.0056 | ent 2.312
upd  378 | step   774144 |   129 sps | ret    11.60 | succ 0.58 | mean_lvl 10.1 | max_lvl 11 | cur 8/12 pb 0.0 | focus (263,296) f=1.0 | kl +0.0045 | ent 2.235
upd  379 | step   776192 |   129 sps | ret    10.40 | succ 0.52 | mean_lvl 10.0 | max_lvl 11 | cur 8/12 pb 0.0 | focus (263,296) f=1.0 | kl +0.0027 | ent 2.092
upd  380 | step   778240 |   129 sps | ret    10.00 | succ 0.50 | mean_lvl  9.9 | max_lvl 11 | cur 8/12 pb 0.0 | focus (263,296) f=1.0 | kl +0.0078 | ent 2.084
upd  381 | step   780288 |   129 sps | ret    10.40 | succ 0.52 | mean_lvl 10.0 | max_lvl 11 | cur 6/12 pb 0.0 | focus (153,216) f=0.48 | kl +0.0010 | ent 2.110
upd  382 | step   782336 |   129 sps | ret     9.40 | succ 0.47 | mean_lvl  9.9 | max_lvl 11 | cur 9/12 pb 0.0 | focus (255,296) f=1.0 | kl +0.0060 | ent 2.072
upd  383 | step   784384 |   129 sps | ret     9.80 | succ 0.49 | mean_lvl 10.0 | max_lvl 11 | cur 8/12 pb 0.0 | focus (263,296) f=1.0 | kl +0.0075 | ent 2.037
upd  384 | step   786432 |   129 sps | ret     9.80 | succ 0.49 | mean_lvl  9.9 | max_lvl 11 | cur 6/12 pb 0.0 | focus (153,216) f=0.39 | kl +0.0026 | ent 2.036
upd  385 | step   788480 |   129 sps | ret    10.80 | succ 0.54 | mean_lvl 10.1 | max_lvl 11 | cur 9/12 pb 0.0 | focus (255,296) f=1.0 | kl +0.0066 | ent 1.974
upd  386 | step   790528 |   129 sps | ret    10.40 | succ 0.52 | mean_lvl 10.0 | max_lvl 11 | cur 8/12 pb 0.0 | focus (263,296) f=1.0 | kl +0.0036 | ent 1.908
upd  387 | step   792576 |   129 sps | ret    10.00 | succ 0.50 | mean_lvl 10.0 | max_lvl 11 | cur 8/12 pb 0.0 | focus (263,296) f=1.0 | kl +0.0023 | ent 2.009
upd  388 | step   794624 |   129 sps | ret    10.00 | succ 0.50 | mean_lvl 10.0 | max_lvl 11 | cur 9/12 pb 0.0 | focus (263,296) f=1.0 | kl +0.0034 | ent 1.969
upd  389 | step   796672 |   129 sps | ret     8.60 | succ 0.43 | mean_lvl  9.8 | max_lvl 11 | cur 8/12 pb 0.0 | focus (263,296) f=0.99 | kl +0.0011 | ent 2.023
upd  390 | step   798720 |   129 sps | ret     7.80 | succ 0.39 | mean_lvl  9.8 | max_lvl 11 | cur 9/12 pb 0.0 | focus (255,296) f=1.0 | kl +0.0036 | ent 1.982
upd  391 | step   800768 |   129 sps | ret    10.00 | succ 0.50 | mean_lvl  9.9 | max_lvl 11 | cur 9/12 pb 0.0 | focus (255,296) f=1.0 | kl +0.0052 | ent 2.009
upd  392 | step   802816 |   128 sps | ret    10.20 | succ 0.51 | mean_lvl 10.0 | max_lvl 11 | cur 9/12 pb 0.0 | focus (255,296) f=1.0 | kl +0.0061 | ent 1.945
upd  393 | step   804864 |   128 sps | ret    10.00 | succ 0.50 | mean_lvl 10.0 | max_lvl 11 | cur 8/12 pb 0.0 | focus (263,296) f=1.0 | kl +0.0043 | ent 1.912
upd  394 | step   806912 |   128 sps | ret     9.00 | succ 0.45 | mean_lvl  9.9 | max_lvl 11 | cur 9/12 pb 0.0 | focus (255,296) f=1.0 | kl +0.0103 | ent 1.878
upd  395 | step   808960 |   128 sps | ret     9.80 | succ 0.49 | mean_lvl 10.0 | max_lvl 11 | cur 9/12 pb 0.0 | focus (263,296) f=1.0 | kl +0.0092 | ent 1.955
upd  396 | step   811008 |   128 sps | ret    11.00 | succ 0.55 | mean_lvl 10.1 | max_lvl 11 | cur 6/12 pb 0.0 | focus (153,216) f=0.13 | kl +0.0077 | ent 1.884
upd  397 | step   813056 |   128 sps | ret    11.00 | succ 0.55 | mean_lvl 10.1 | max_lvl 11 | cur 8/12 pb 0.0 | focus (263,296) f=1.0 | kl +0.0034 | ent 1.905
upd  398 | step   815104 |   128 sps | ret     9.80 | succ 0.49 | mean_lvl 10.0 | max_lvl 11 | cur 6/12 pb 0.0 | focus (153,216) f=0.17 | kl +0.0077 | ent 1.913
upd  399 | step   817152 |   128 sps | ret    11.60 | succ 0.58 | mean_lvl 10.2 | max_lvl 11 | cur 6/12 pb 0.0 | focus (372,200) f=0.22 | kl +0.0077 | ent 1.749
upd  400 | step   819200 |   128 sps | ret     8.80 | succ 0.44 | mean_lvl  9.9 | max_lvl 11 | cur 10/12 pb 0.0 | focus (263,296) f=1.0 | kl +0.0122 | ent 1.891
saved checkpoints/L10\ppo_819200.pt
upd  401 | step   821248 |   128 sps | ret     8.00 | succ 0.40 | mean_lvl  9.8 | max_lvl 11 | cur 9/12 pb 0.0 | focus (263,296) f=1.0 | kl +0.0044 | ent 1.845
upd  402 | step   823296 |   128 sps | ret     8.60 | succ 0.43 | mean_lvl  9.8 | max_lvl 11 | cur 9/12 pb 0.0 | focus (263,296) f=1.0 | kl +0.0039 | ent 1.889
upd  403 | step   825344 |   128 sps | ret     7.00 | succ 0.35 | mean_lvl  9.7 | max_lvl 11 | cur 8/12 pb 0.0 | focus (263,296) f=1.0 | kl +0.0078 | ent 1.972
upd  404 | step   827392 |   128 sps | ret     6.20 | succ 0.31 | mean_lvl  9.6 | max_lvl 11 | cur 9/12 pb 0.0 | focus (263,296) f=1.0 | kl +0.0075 | ent 1.974
upd  405 | step   829440 |   128 sps | ret     5.60 | succ 0.28 | mean_lvl  9.6 | max_lvl 11 | cur 10/12 pb 0.0 | focus (255,296) f=0.99 | kl +0.0122 | ent 2.080
upd  406 | step   831488 |   128 sps | ret     5.80 | succ 0.29 | mean_lvl  9.6 | max_lvl 11 | cur 10/12 pb 0.0 | focus (378,320) f=0.99 | kl +0.0043 | ent 2.096
upd  407 | step   833536 |   128 sps | ret     6.80 | succ 0.34 | mean_lvl  9.7 | max_lvl 11 | cur 9/12 pb 0.0 | focus (263,296) f=1.0 | kl +0.0068 | ent 2.129
upd  408 | step   835584 |   128 sps | ret     9.00 | succ 0.45 | mean_lvl  9.9 | max_lvl 11 | cur 9/12 pb 0.0 | focus (263,296) f=0.97 | kl +0.0111 | ent 2.096
upd  409 | step   837632 |   128 sps | ret     9.60 | succ 0.48 | mean_lvl  9.9 | max_lvl 11 | cur 9/12 pb 0.0 | focus (263,296) f=0.96 | kl +0.0064 | ent 2.148
upd  410 | step   839680 |   128 sps | ret     9.60 | succ 0.48 | mean_lvl  9.9 | max_lvl 11 | cur 8/12 pb 0.0 | focus (263,296) f=1.0 | kl +0.0070 | ent 2.178
upd  411 | step   841728 |   128 sps | ret     8.80 | succ 0.44 | mean_lvl  9.9 | max_lvl 11 | cur 8/12 pb 0.0 | focus (263,296) f=0.68 | kl +0.0085 | ent 2.206
upd  412 | step   843776 |   128 sps | ret     8.00 | succ 0.40 | mean_lvl  9.8 | max_lvl 11 | cur 9/12 pb 0.0 | focus (263,296) f=0.89 | kl +0.0049 | ent 2.145
upd  413 | step   845824 |   128 sps | ret     9.20 | succ 0.46 | mean_lvl  9.9 | max_lvl 11 | cur 8/12 pb 0.0 | focus (263,296) f=0.9 | kl +0.0055 | ent 2.124
upd  414 | step   847872 |   128 sps | ret     8.00 | succ 0.40 | mean_lvl  9.8 | max_lvl 11 | cur 9/12 pb 0.0 | focus (255,296) f=0.92 | kl +0.0041 | ent 2.181
upd  415 | step   849920 |   128 sps | ret     9.20 | succ 0.46 | mean_lvl  9.9 | max_lvl 11 | cur 8/12 pb 0.0 | focus (263,296) f=0.43 | kl +0.0071 | ent 2.118
upd  416 | step   851968 |   128 sps | ret    10.00 | succ 0.50 | mean_lvl 10.0 | max_lvl 11 | cur 10/12 pb 0.0 | focus (378,320) f=1.0 | kl +0.0028 | ent 2.046
upd  417 | step   854016 |   128 sps | ret    11.20 | succ 0.56 | mean_lvl 10.1 | max_lvl 11 | cur 9/12 pb 0.0 | focus (255,296) f=0.85 | kl +0.0041 | ent 2.050
upd  418 | step   856064 |   128 sps | ret     9.40 | succ 0.47 | mean_lvl  9.9 | max_lvl 11 | cur 9/12 pb 0.0 | focus (255,296) f=0.76 | kl +0.0047 | ent 2.052
upd  419 | step   858112 |   128 sps | ret    11.80 | succ 0.59 | mean_lvl 10.2 | max_lvl 11 | cur 9/12 pb 0.0 | focus (255,296) f=0.84 | kl +0.0028 | ent 2.096
upd  420 | step   860160 |   128 sps | ret     9.20 | succ 0.46 | mean_lvl  9.9 | max_lvl 11 | cur 9/12 pb 0.0 | focus (255,296) f=0.97 | kl +0.0050 | ent 2.023
upd  421 | step   862208 |   128 sps | ret    12.40 | succ 0.62 | mean_lvl 10.2 | max_lvl 11 | cur 10/12 pb 0.0 | focus (378,320) f=1.0 | kl +0.0071 | ent 1.993
upd  422 | step   864256 |   128 sps | ret     8.60 | succ 0.43 | mean_lvl  9.8 | max_lvl 11 | cur 10/12 pb 0.0 | focus (378,320) f=1.0 | kl +0.0048 | ent 1.967
upd  423 | step   866304 |   128 sps | ret     8.80 | succ 0.44 | mean_lvl  9.9 | max_lvl 11 | cur 10/12 pb 0.0 | focus (378,320) f=1.0 | kl +0.0055 | ent 1.961
upd  424 | step   868352 |   127 sps | ret     6.60 | succ 0.33 | mean_lvl  9.6 | max_lvl 11 | cur 9/12 pb 0.0 | focus (255,296) f=0.9 | kl +0.0086 | ent 1.974
upd  425 | step   870400 |   127 sps | ret     8.80 | succ 0.44 | mean_lvl  9.8 | max_lvl 11 | cur 10/12 pb 0.0 | focus (378,320) f=1.0 | kl +0.0050 | ent 2.032
upd  426 | step   872448 |   127 sps | ret    10.40 | succ 0.52 | mean_lvl 10.0 | max_lvl 11 | cur 10/12 pb 0.0 | focus (378,320) f=0.99 | kl +0.0065 | ent 2.053
upd  427 | step   874496 |   127 sps | ret     8.80 | succ 0.44 | mean_lvl  9.8 | max_lvl 11 | cur 10/12 pb 0.0 | focus (378,320) f=1.0 | kl +0.0033 | ent 2.033
upd  428 | step   876544 |   127 sps | ret    10.80 | succ 0.54 | mean_lvl 10.0 | max_lvl 11 | cur 10/12 pb 0.0 | focus (378,320) f=1.0 | kl +0.0038 | ent 2.056
upd  429 | step   878592 |   127 sps | ret    10.60 | succ 0.53 | mean_lvl 10.0 | max_lvl 11 | cur 10/12 pb 0.0 | focus (378,320) f=1.0 | kl +0.0028 | ent 2.096
upd  430 | step   880640 |   127 sps | ret     8.20 | succ 0.41 | mean_lvl  9.8 | max_lvl 11 | cur 10/12 pb 0.0 | focus (378,320) f=1.0 | kl +0.0021 | ent 2.071
upd  431 | step   882688 |   127 sps | ret    11.80 | succ 0.59 | mean_lvl 10.2 | max_lvl 11 | cur 10/12 pb 0.0 | focus (378,320) f=1.0 | kl +0.0029 | ent 2.050
upd  432 | step   884736 |   127 sps | ret    11.00 | succ 0.55 | mean_lvl 10.1 | max_lvl 11 | cur 10/12 pb 0.0 | focus (378,320) f=1.0 | kl +0.0095 | ent 2.079
upd  433 | step   886784 |   127 sps | ret    11.20 | succ 0.56 | mean_lvl 10.1 | max_lvl 11 | cur 10/12 pb 0.0 | focus (378,320) f=1.0 | kl +0.0038 | ent 2.042
upd  434 | step   888832 |   127 sps | ret     9.40 | succ 0.47 | mean_lvl  9.9 | max_lvl 11 | cur 10/12 pb 0.0 | focus (378,320) f=1.0 | kl +0.0052 | ent 2.054
upd  435 | step   890880 |   127 sps | ret     9.60 | succ 0.48 | mean_lvl  9.9 | max_lvl 11 | cur 12/12 pb 0.0 | focus (373,320) f=1.0 | kl +0.0063 | ent 2.058
upd  436 | step   892928 |   127 sps | ret    11.40 | succ 0.57 | mean_lvl 10.1 | max_lvl 11 | cur 10/12 pb 0.0 | focus (378,320) f=1.0 | kl +0.0043 | ent 2.052
upd  437 | step   894976 |   127 sps | ret    12.20 | succ 0.61 | mean_lvl 10.2 | max_lvl 11 | cur 10/12 pb 0.0 | focus (378,320) f=1.0 | kl +0.0047 | ent 2.058
upd  438 | step   897024 |   127 sps | ret    11.80 | succ 0.59 | mean_lvl 10.1 | max_lvl 11 | cur 11/12 pb 0.0 | focus (378,320) f=1.0 | kl +0.0048 | ent 1.906
upd  439 | step   899072 |   127 sps | ret    10.00 | succ 0.50 | mean_lvl 10.0 | max_lvl 11 | cur 12/12 pb 0.0 | focus (373,320) f=1.0 | kl +0.0028 | ent 1.862
upd  440 | step   901120 |   127 sps | ret     9.80 | succ 0.49 | mean_lvl 10.0 | max_lvl 11 | cur 11/12 pb 0.0 | focus (378,320) f=1.0 | kl +0.0026 | ent 1.756
upd  441 | step   903168 |   127 sps | ret    10.00 | succ 0.50 | mean_lvl 10.0 | max_lvl 11 | cur 10/12 pb 0.0 | focus (378,320) f=1.0 | kl +0.0029 | ent 1.803
upd  442 | step   905216 |   127 sps | ret     8.40 | succ 0.42 | mean_lvl  9.8 | max_lvl 11 | cur 10/12 pb 0.0 | focus (378,320) f=0.98 | kl +0.0070 | ent 1.845
upd  443 | step   907264 |   127 sps | ret    10.00 | succ 0.50 | mean_lvl 10.0 | max_lvl 11 | cur 12/12 pb 0.0 | focus (378,320) f=1.0 | kl +0.0107 | ent 1.927
upd  444 | step   909312 |   127 sps | ret     9.80 | succ 0.49 | mean_lvl 10.0 | max_lvl 11 | cur 10/12 pb 0.0 | focus (378,320) f=1.0 | kl +0.0083 | ent 1.891
upd  445 | step   911360 |   127 sps | ret    12.40 | succ 0.62 | mean_lvl 10.2 | max_lvl 11 | cur 10/12 pb 0.0 | focus (378,320) f=1.0 | kl +0.0032 | ent 1.758
upd  446 | step   913408 |   127 sps | ret     9.40 | succ 0.47 | mean_lvl  9.9 | max_lvl 11 | cur 10/12 pb 0.0 | focus (378,320) f=1.0 | kl +0.0092 | ent 1.708
upd  447 | step   915456 |   127 sps | ret     9.40 | succ 0.47 | mean_lvl  9.9 | max_lvl 11 | cur 12/12 pb 0.0 | focus (373,320) f=1.0 | kl +0.0044 | ent 1.657
upd  448 | step   917504 |   127 sps | ret    10.80 | succ 0.54 | mean_lvl 10.1 | max_lvl 11 | cur 10/12 pb 0.0 | focus (378,320) f=1.0 | kl +0.0161 | ent 1.770
upd  449 | step   919552 |   126 sps | ret     9.00 | succ 0.45 | mean_lvl  9.9 | max_lvl 11 | cur 12/12 pb 0.0 | focus (378,320) f=1.0 | kl +0.0092 | ent 1.932
upd  450 | step   921600 |   126 sps | ret     8.60 | succ 0.43 | mean_lvl  9.8 | max_lvl 11 | cur 10/12 pb 0.0 | focus (378,320) f=1.0 | kl +0.0059 | ent 1.846
saved checkpoints/L10\ppo_921600.pt
upd  451 | step   923648 |   126 sps | ret     8.20 | succ 0.41 | mean_lvl  9.8 | max_lvl 11 | cur 11/12 pb 0.0 | focus (378,320) f=1.0 | kl +0.0075 | ent 1.800
upd  452 | step   925696 |   126 sps | ret     8.60 | succ 0.43 | mean_lvl  9.8 | max_lvl 11 | cur 12/12 pb 0.0 | focus (378,320) f=1.0 | kl +0.0126 | ent 1.909
upd  453 | step   927744 |   126 sps | ret    10.80 | succ 0.54 | mean_lvl 10.1 | max_lvl 11 | cur 10/12 pb 0.0 | focus (378,320) f=1.0 | kl +0.0084 | ent 1.727
upd  454 | step   929792 |   126 sps | ret     9.60 | succ 0.48 | mean_lvl  9.9 | max_lvl 11 | cur 9/12 pb 0.0 | focus (255,296) f=0.31 | kl +0.0052 | ent 1.712
upd  455 | step   931840 |   126 sps | ret     9.00 | succ 0.45 | mean_lvl  9.9 | max_lvl 11 | cur 11/12 pb 0.0 | focus (378,320) f=1.0 | kl +0.0050 | ent 1.543
upd  456 | step   933888 |   126 sps | ret    10.20 | succ 0.51 | mean_lvl 10.0 | max_lvl 11 | cur 10/12 pb 0.0 | focus (378,320) f=1.0 | kl +0.0093 | ent 1.589
upd  457 | step   935936 |   126 sps | ret     9.40 | succ 0.47 | mean_lvl  9.9 | max_lvl 11 | cur 11/12 pb 0.0 | focus (373,320) f=1.0 | kl +0.0101 | ent 1.503
upd  458 | step   937984 |   126 sps | ret     7.00 | succ 0.35 | mean_lvl  9.7 | max_lvl 11 | cur 10/12 pb 0.0 | focus (378,320) f=1.0 | kl +0.0024 | ent 1.554
upd  459 | step   940032 |   126 sps | ret     6.80 | succ 0.34 | mean_lvl  9.7 | max_lvl 11 | cur 12/12 pb 0.0 | focus (378,320) f=1.0 | kl +0.0032 | ent 1.577
upd  460 | step   942080 |   126 sps | ret     9.20 | succ 0.46 | mean_lvl  9.9 | max_lvl 11 | cur 11/12 pb 0.0 | focus (373,320) f=1.0 | kl +0.0046 | ent 1.613
upd  461 | step   944128 |   126 sps | ret     9.40 | succ 0.47 | mean_lvl 10.0 | max_lvl 11 | cur 10/12 pb 0.0 | focus (378,320) f=1.0 | kl +0.0057 | ent 1.373
upd  462 | step   946176 |   126 sps | ret     7.60 | succ 0.38 | mean_lvl  9.8 | max_lvl 11 | cur 10/12 pb 0.0 | focus (378,320) f=1.0 | kl +0.0057 | ent 1.673
upd  463 | step   948224 |   126 sps | ret     8.60 | succ 0.43 | mean_lvl  9.8 | max_lvl 11 | cur 12/12 pb 0.0 | focus (378,320) f=1.0 | kl +0.0038 | ent 1.671
upd  464 | step   950272 |   126 sps | ret     7.80 | succ 0.39 | mean_lvl  9.8 | max_lvl 11 | cur 10/12 pb 0.0 | focus (378,320) f=1.0 | kl +0.0098 | ent 1.757
upd  465 | step   952320 |   126 sps | ret     9.60 | succ 0.48 | mean_lvl  9.9 | max_lvl 11 | cur 10/12 pb 0.0 | focus (378,320) f=1.0 | kl +0.0109 | ent 1.716
upd  466 | step   954368 |   126 sps | ret     9.60 | succ 0.48 | mean_lvl  9.9 | max_lvl 11 | cur 12/12 pb 0.0 | focus (378,320) f=1.0 | kl +0.0146 | ent 1.736
upd  467 | step   956416 |   125 sps | ret     9.40 | succ 0.47 | mean_lvl  9.9 | max_lvl 11 | cur 12/12 pb 0.0 | focus (378,320) f=1.0 | kl +0.0054 | ent 1.723
upd  468 | step   958464 |   125 sps | ret     9.60 | succ 0.48 | mean_lvl  9.9 | max_lvl 11 | cur 10/12 pb 0.0 | focus (378,320) f=1.0 | kl +0.0037 | ent 1.650
upd  469 | step   960512 |   125 sps | ret     9.40 | succ 0.47 | mean_lvl  9.9 | max_lvl 11 | cur 10/12 pb 0.0 | focus (378,320) f=1.0 | kl +0.0030 | ent 1.646
upd  470 | step   962560 |   125 sps | ret     6.80 | succ 0.34 | mean_lvl  9.7 | max_lvl 11 | cur 10/12 pb 0.0 | focus (378,320) f=1.0 | kl +0.0104 | ent 1.639
upd  471 | step   964608 |   125 sps | ret     8.60 | succ 0.43 | mean_lvl  9.9 | max_lvl 11 | cur 12/12 pb 0.0 | focus (378,320) f=1.0 | kl +0.0089 | ent 1.733
upd  472 | step   966656 |   125 sps | ret     7.60 | succ 0.38 | mean_lvl  9.7 | max_lvl 11 | cur 11/12 pb 0.0 | focus (373,320) f=1.0 | kl +0.0062 | ent 1.650
upd  473 | step   968704 |   125 sps | ret     7.60 | succ 0.38 | mean_lvl  9.8 | max_lvl 11 | cur 12/12 pb 0.0 | focus (378,320) f=1.0 | kl +0.0055 | ent 1.638
upd  474 | step   970752 |   125 sps | ret     8.80 | succ 0.44 | mean_lvl  9.8 | max_lvl 11 | cur 12/12 pb 0.0 | focus (378,320) f=1.0 | kl +0.0124 | ent 1.660
upd  475 | step   972800 |   125 sps | ret     7.80 | succ 0.39 | mean_lvl  9.8 | max_lvl 11 | cur 12/12 pb 0.0 | focus (378,320) f=1.0 | kl +0.0116 | ent 1.499
upd  476 | step   974848 |   125 sps | ret     7.00 | succ 0.35 | mean_lvl  9.7 | max_lvl 11 | cur 12/12 pb 0.0 | focus (378,320) f=1.0 | kl +0.0063 | ent 1.565
upd  477 | step   976896 |   125 sps | ret     7.60 | succ 0.38 | mean_lvl  9.8 | max_lvl 11 | cur 11/12 pb 0.0 | focus (378,320) f=1.0 | kl +0.0045 | ent 1.477
upd  478 | step   978944 |   125 sps | ret     9.20 | succ 0.46 | mean_lvl  9.9 | max_lvl 11 | cur 11/12 pb 0.0 | focus (378,320) f=1.0 | kl +0.0068 | ent 1.425
upd  479 | step   980992 |   126 sps | ret     7.80 | succ 0.39 | mean_lvl  9.8 | max_lvl 11 | cur 11/12 pb 0.0 | focus (373,320) f=1.0 | kl +0.0143 | ent 1.421
upd  480 | step   983040 |   126 sps | ret     5.60 | succ 0.28 | mean_lvl  9.6 | max_lvl 11 | cur 12/12 pb 0.0 | focus (378,320) f=1.0 | kl +0.0101 | ent 1.368
upd  481 | step   985088 |   126 sps | ret     7.80 | succ 0.39 | mean_lvl  9.8 | max_lvl 11 | cur 10/12 pb 0.0 | focus (378,320) f=1.0 | kl +0.0085 | ent 1.367
upd  482 | step   987136 |   126 sps | ret     7.80 | succ 0.39 | mean_lvl  9.8 | max_lvl 11 | cur 12/12 pb 0.0 | focus (378,320) f=1.0 | kl +0.0076 | ent 1.367
upd  483 | step   989184 |   126 sps | ret     7.00 | succ 0.35 | mean_lvl  9.7 | max_lvl 11 | cur 10/12 pb 0.0 | focus (378,320) f=1.0 | kl +0.0117 | ent 1.384
upd  484 | step   991232 |   126 sps | ret     9.60 | succ 0.48 | mean_lvl 10.0 | max_lvl 11 | cur 12/12 pb 0.0 | focus (378,320) f=1.0 | kl +0.0178 | ent 1.430
upd  485 | step   993280 |   126 sps | ret     6.00 | succ 0.30 | mean_lvl  9.6 | max_lvl 11 | cur 12/12 pb 0.0 | focus (378,320) f=1.0 | kl +0.0128 | ent 1.237
upd  486 | step   995328 |   126 sps | ret     7.80 | succ 0.39 | mean_lvl  9.8 | max_lvl 11 | cur 12/12 pb 0.0 | focus (378,320) f=1.0 | kl +0.0064 | ent 1.327
upd  487 | step   997376 |   126 sps | ret     8.80 | succ 0.44 | mean_lvl  9.9 | max_lvl 11 | cur 12/12 pb 0.0 | focus (378,320) f=1.0 | kl +0.0122 | ent 1.394
upd  488 | step   999424 |   126 sps | ret     5.80 | succ 0.29 | mean_lvl  9.6 | max_lvl 11 | cur 11/12 pb 0.0 | focus (378,320) f=1.0 | kl +0.0204 | ent 1.431
upd  489 | step  1001472 |   125 sps | ret     6.60 | succ 0.33 | mean_lvl  9.7 | max_lvl 11 | cur 12/12 pb 0.0 | focus (378,320) f=1.0 | kl +0.0062 | ent 1.283
upd  490 | step  1003520 |   125 sps | ret     7.20 | succ 0.36 | mean_lvl  9.7 | max_lvl 11 | cur 12/12 pb 0.0 | focus (378,320) f=1.0 | kl +0.0097 | ent 1.203
upd  491 | step  1005568 |   125 sps | ret     6.00 | succ 0.30 | mean_lvl  9.6 | max_lvl 11 | cur 11/12 pb 0.0 | focus (373,320) f=1.0 | kl +0.0047 | ent 1.183
upd  492 | step  1007616 |   125 sps | ret     6.80 | succ 0.34 | mean_lvl  9.7 | max_lvl 11 | cur 11/12 pb 0.0 | focus (373,320) f=1.0 | kl +0.0176 | ent 1.209
