device: cpu | num_envs: 8
C:\Users\Nemanja\AppData\Local\Programs\Python\Python313\Lib\site-packages\pygame\pkgdata.py:25: UserWarning: pkg_resources is deprecated as an API. See https://setuptools.pypa.io/en/latest/pkg_resources.html. The pkg_resources package is slated for removal as early as 2025-11-30. Refrain from using this package or pin to Setuptools<81.
  from pkg_resources import resource_stream, resource_exists
pygame 2.6.1 (SDL 2.28.4, Python 3.13.14)
Hello from the pygame community. https://www.pygame.org/contribute.html
C:\Users\Nemanja\AppData\Local\Programs\Python\Python313\Lib\site-packages\pygame\pkgdata.py:25: UserWarning: pkg_resources is deprecated as an API. See https://setuptools.pypa.io/en/latest/pkg_resources.html. The pkg_resources package is slated for removal as early as 2025-11-30. Refrain from using this package or pin to Setuptools<81.
  from pkg_resources import resource_stream, resource_exists
pygame 2.6.1 (SDL 2.28.4, Python 3.13.14)
Hello from the pygame community. https://www.pygame.org/contribute.html
C:\Users\Nemanja\AppData\Local\Programs\Python\Python313\Lib\site-packages\pygame\pkgdata.py:25: UserWarning: pkg_resources is deprecated as an API. See https://setuptools.pypa.io/en/latest/pkg_resources.html. The pkg_resources package is slated for removal as early as 2025-11-30. Refrain from using this package or pin to Setuptools<81.
  from pkg_resources import resource_stream, resource_exists
pygame 2.6.1 (SDL 2.28.4, Python 3.13.14)
Hello from the pygame community. https://www.pygame.org/contribute.html
C:\Users\Nemanja\AppData\Local\Programs\Python\Python313\Lib\site-packages\pygame\pkgdata.py:25: UserWarning: pkg_resources is deprecated as an API. See https://setuptools.pypa.io/en/latest/pkg_resources.html. The pkg_resources package is slated for removal as early as 2025-11-30. Refrain from using this package or pin to Setuptools<81.
  from pkg_resources import resource_stream, resource_exists
pygame 2.6.1 (SDL 2.28.4, Python 3.13.14)
Hello from the pygame community. https://www.pygame.org/contribute.html
C:\Users\Nemanja\AppData\Local\Programs\Python\Python313\Lib\site-packages\pygame\pkgdata.py:25: UserWarning: pkg_resources is deprecated as an API. See https://setuptools.pypa.io/en/latest/pkg_resources.html. The pkg_resources package is slated for removal as early as 2025-11-30. Refrain from using this package or pin to Setuptools<81.
  from pkg_resources import resource_stream, resource_exists
pygame 2.6.1 (SDL 2.28.4, Python 3.13.14)
Hello from the pygame community. https://www.pygame.org/contribute.html
C:\Users\Nemanja\AppData\Local\Programs\Python\Python313\Lib\site-packages\pygame\pkgdata.py:25: UserWarning: pkg_resources is deprecated as an API. See https://setuptools.pypa.io/en/latest/pkg_resources.html. The pkg_resources package is slated for removal as early as 2025-11-30. Refrain from using this package or pin to Setuptools<81.
  from pkg_resources import resource_stream, resource_exists
C:\Users\Nemanja\AppData\Local\Programs\Python\Python313\Lib\site-packages\pygame\pkgdata.py:25: UserWarning: pkg_resources is deprecated as an API. See https://setuptools.pypa.io/en/latest/pkg_resources.html. The pkg_resources package is slated for removal as early as 2025-11-30. Refrain from using this package or pin to Setuptools<81.
  from pkg_resources import resource_stream, resource_exists
pygame 2.6.1 (SDL 2.28.4, Python 3.13.14)
Hello from the pygame community. https://www.pygame.org/contribute.html
pygame 2.6.1 (SDL 2.28.4, Python 3.13.14)
Hello from the pygame community. https://www.pygame.org/contribute.html
C:\Users\Nemanja\AppData\Local\Programs\Python\Python313\Lib\site-packages\pygame\pkgdata.py:25: UserWarning: pkg_resources is deprecated as an API. See https://setuptools.pypa.io/en/latest/pkg_resources.html. The pkg_resources package is slated for removal as early as 2025-11-30. Refrain from using this package or pin to Setuptools<81.
  from pkg_resources import resource_stream, resource_exists
pygame 2.6.1 (SDL 2.28.4, Python 3.13.14)
Hello from the pygame community. https://www.pygame.org/contribute.html
upd    1 | step     2048 |   147 sps | ret     0.20 | succ 0.01 | mean_lvl  9.2 | max_lvl 12 | cur 1/10 pb 0.0 | focus (302,104) f=1.0 | kl +0.0013 | ent 3.610
upd    2 | step     4096 |   149 sps | ret     0.00 | succ 0.00 | mean_lvl  9.2 | max_lvl 10 | cur 1/10 pb 0.0 | focus (302,104) f=1.0 | kl +0.0022 | ent 3.606
upd    3 | step     6144 |   151 sps | ret     0.20 | succ 0.01 | mean_lvl  9.2 | max_lvl 12 | cur 1/10 pb 0.0 | focus (302,104) f=1.0 | kl +0.0019 | ent 3.589
upd    4 | step     8192 |   151 sps | ret     0.40 | succ 0.02 | mean_lvl  9.2 | max_lvl 12 | cur 1/10 pb 0.0 | focus (302,104) f=0.99 | kl +0.0002 | ent 3.563
upd    5 | step    10240 |   153 sps | ret     0.40 | succ 0.02 | mean_lvl  9.2 | max_lvl 12 | cur 1/10 pb 0.0 | focus (302,104) f=0.99 | kl +0.0088 | ent 3.490
upd    6 | step    12288 |   154 sps | ret     2.40 | succ 0.12 | mean_lvl  9.5 | max_lvl 12 | cur 1/10 pb 0.0 | focus (302,104) f=0.95 | kl +0.0021 | ent 3.420
upd    7 | step    14336 |   156 sps | ret     1.60 | succ 0.08 | mean_lvl  9.3 | max_lvl 12 | cur 1/10 pb 0.0 | focus (302,104) f=0.87 | kl +0.0027 | ent 3.360
upd    8 | step    16384 |   157 sps | ret     3.20 | succ 0.16 | mean_lvl  9.6 | max_lvl 12 | cur 1/10 pb 0.0 | focus (302,104) f=0.88 | kl +0.0016 | ent 3.293
upd    9 | step    18432 |   159 sps | ret     3.60 | succ 0.18 | mean_lvl  9.7 | max_lvl 12 | cur 1/10 pb 0.0 | focus (302,104) f=0.78 | kl +0.0009 | ent 3.233
upd   10 | step    20480 |   161 sps | ret     4.00 | succ 0.20 | mean_lvl  9.8 | max_lvl 12 | cur 1/10 pb 0.0 | focus (302,104) f=0.88 | kl +0.0005 | ent 3.173
upd   11 | step    22528 |   162 sps | ret     4.00 | succ 0.20 | mean_lvl  9.7 | max_lvl 12 | cur 1/10 pb 0.0 | focus (302,104) f=0.87 | kl +0.0016 | ent 3.100
upd   12 | step    24576 |   163 sps | ret     6.20 | succ 0.31 | mean_lvl 10.1 | max_lvl 12 | cur 1/10 pb 0.0 | focus (302,104) f=0.7 | kl -0.0001 | ent 3.032
upd   13 | step    26624 |   164 sps | ret     7.40 | succ 0.37 | mean_lvl 10.2 | max_lvl 12 | cur 1/10 pb 0.0 | focus (302,104) f=0.52 | kl +0.0015 | ent 2.939
upd   14 | step    28672 |   165 sps | ret     7.40 | succ 0.37 | mean_lvl 10.2 | max_lvl 12 | cur 1/10 pb 0.0 | focus (302,104) f=0.73 | kl +0.0006 | ent 2.857
upd   15 | step    30720 |   167 sps | ret     9.60 | succ 0.48 | mean_lvl 10.5 | max_lvl 12 | cur 1/10 pb 0.0 | focus (302,104) f=0.41 | kl +0.0003 | ent 2.790
upd   16 | step    32768 |   168 sps | ret     7.40 | succ 0.37 | mean_lvl 10.2 | max_lvl 12 | cur 1/10 pb 0.0 | focus (302,104) f=0.68 | kl +0.0006 | ent 2.740
upd   17 | step    34816 |   168 sps | ret     9.00 | succ 0.45 | mean_lvl 10.5 | max_lvl 12 | cur 1/10 pb 0.0 | focus (302,104) f=0.48 | kl +0.0001 | ent 2.709
upd   18 | step    36864 |   169 sps | ret     9.40 | succ 0.47 | mean_lvl 10.5 | max_lvl 12 | cur 1/10 pb 0.0 | focus (302,104) f=0.44 | kl -0.0001 | ent 2.654
upd   19 | step    38912 |   170 sps | ret    10.60 | succ 0.53 | mean_lvl 10.7 | max_lvl 12 | cur 1/10 pb 0.0 | focus (302,104) f=0.49 | kl -0.0006 | ent 2.614
upd   20 | step    40960 |   171 sps | ret    11.80 | succ 0.59 | mean_lvl 10.9 | max_lvl 12 | cur 1/10 pb 0.0 | focus (302,104) f=0.29 | kl -0.0002 | ent 2.574
upd   21 | step    43008 |   171 sps | ret    12.60 | succ 0.63 | mean_lvl 11.0 | max_lvl 12 | cur 1/10 pb 0.0 | focus (302,104) f=0.31 | kl +0.0005 | ent 2.547
upd   22 | step    45056 |   172 sps | ret    12.00 | succ 0.60 | mean_lvl 10.9 | max_lvl 12 | cur 1/10 pb 0.0 | focus (302,104) f=0.34 | kl +0.0004 | ent 2.491
upd   23 | step    47104 |   172 sps | ret    13.60 | succ 0.68 | mean_lvl 11.1 | max_lvl 12 | cur 1/10 pb 0.0 | focus (302,104) f=0.41 | kl +0.0001 | ent 2.418
upd   24 | step    49152 |   173 sps | ret    12.80 | succ 0.64 | mean_lvl 11.0 | max_lvl 12 | cur 1/10 pb 0.0 | focus (302,104) f=0.57 | kl +0.0004 | ent 2.360
upd   25 | step    51200 |   174 sps | ret    13.80 | succ 0.69 | mean_lvl 11.1 | max_lvl 12 | cur 1/10 pb 0.0 | focus (302,104) f=0.41 | kl +0.0008 | ent 2.346
upd   26 | step    53248 |   174 sps | ret    12.40 | succ 0.62 | mean_lvl 11.0 | max_lvl 12 | cur 1/10 pb 0.0 | focus (302,104) f=0.42 | kl +0.0001 | ent 2.323
upd   27 | step    55296 |   174 sps | ret    11.60 | succ 0.58 | mean_lvl 10.8 | max_lvl 12 | cur 1/10 pb 0.0 | focus (302,104) f=0.28 | kl +0.0001 | ent 2.306
upd   28 | step    57344 |   175 sps | ret    15.40 | succ 0.77 | mean_lvl 11.3 | max_lvl 12 | cur 1/10 pb 0.0 | focus (302,104) f=0.29 | kl +0.0013 | ent 2.264
upd   29 | step    59392 |   175 sps | ret    14.20 | succ 0.71 | mean_lvl 11.2 | max_lvl 12 | cur 1/10 pb 0.0 | focus (302,104) f=0.09 | kl +0.0005 | ent 2.221
upd   30 | step    61440 |   175 sps | ret    14.00 | succ 0.70 | mean_lvl 11.2 | max_lvl 12 | cur 1/10 pb 0.0 | focus (302,104) f=0.28 | kl +0.0003 | ent 2.208
upd   31 | step    63488 |   176 sps | ret    14.40 | succ 0.72 | mean_lvl 11.2 | max_lvl 12 | cur 1/10 pb 0.0 | focus (302,104) f=0.28 | kl +0.0000 | ent 2.215
upd   32 | step    65536 |   176 sps | ret    15.00 | succ 0.75 | mean_lvl 11.3 | max_lvl 12 | cur 1/10 pb 0.0 | focus (302,104) f=0.21 | kl +0.0000 | ent 2.212
upd   33 | step    67584 |   177 sps | ret    15.60 | succ 0.78 | mean_lvl 11.4 | max_lvl 12 | cur 1/10 pb 0.0 | focus (302,104) f=0.22 | kl +0.0007 | ent 2.234
upd   34 | step    69632 |   177 sps | ret    14.60 | succ 0.73 | mean_lvl 11.3 | max_lvl 12 | cur 1/10 pb 0.0 | focus (302,104) f=0.36 | kl +0.0013 | ent 2.260
upd   35 | step    71680 |   177 sps | ret    14.00 | succ 0.70 | mean_lvl 11.2 | max_lvl 12 | cur 1/10 pb 0.0 | focus (302,104) f=0.25 | kl +0.0007 | ent 2.282
upd   36 | step    73728 |   177 sps | ret    16.00 | succ 0.80 | mean_lvl 11.4 | max_lvl 12 | cur 1/10 pb 0.0 | focus (302,104) f=0.17 | kl +0.0007 | ent 2.254
upd   37 | step    75776 |   177 sps | ret    13.40 | succ 0.67 | mean_lvl 11.1 | max_lvl 12 | cur 1/10 pb 0.0 | focus (302,104) f=0.31 | kl +0.0015 | ent 2.209
upd   38 | step    77824 |   178 sps | ret    16.80 | succ 0.84 | mean_lvl 11.6 | max_lvl 12 | cur 1/10 pb 0.0 | focus (302,104) f=0.14 | kl +0.0005 | ent 2.155
upd   39 | step    79872 |   178 sps | ret    16.00 | succ 0.80 | mean_lvl 11.4 | max_lvl 12 | cur 1/10 pb 0.0 | focus (302,104) f=0.18 | kl +0.0011 | ent 2.186
upd   40 | step    81920 |   178 sps | ret    16.00 | succ 0.80 | mean_lvl 11.5 | max_lvl 12 | cur 2/10 pb 0.0 | focus (152,161) f=1.0 | kl +0.0010 | ent 2.205
upd   41 | step    83968 |   179 sps | ret    13.20 | succ 0.66 | mean_lvl 11.1 | max_lvl 12 | cur 1/10 pb 0.0 | focus (302,104) f=0.23 | kl +0.0013 | ent 2.287
upd   42 | step    86016 |   179 sps | ret    10.60 | succ 0.53 | mean_lvl 10.7 | max_lvl 12 | cur 2/10 pb 0.0 | focus (152,161) f=0.99 | kl +0.0073 | ent 2.455
upd   43 | step    88064 |   179 sps | ret     8.20 | succ 0.41 | mean_lvl 10.3 | max_lvl 12 | cur 2/10 pb 0.0 | focus (152,161) f=0.96 | kl +0.0026 | ent 2.632
upd   44 | step    90112 |   180 sps | ret     5.00 | succ 0.25 | mean_lvl  9.9 | max_lvl 12 | cur 2/10 pb 0.0 | focus (152,161) f=0.92 | kl +0.0031 | ent 2.966
upd   45 | step    92160 |   180 sps | ret     4.40 | succ 0.22 | mean_lvl  9.8 | max_lvl 12 | cur 2/10 pb 0.0 | focus (152,161) f=1.0 | kl +0.0031 | ent 3.081
upd   46 | step    94208 |   180 sps | ret     3.80 | succ 0.19 | mean_lvl  9.6 | max_lvl 12 | cur 2/10 pb 0.0 | focus (152,161) f=1.0 | kl +0.0016 | ent 3.139
upd   47 | step    96256 |   180 sps | ret     3.60 | succ 0.18 | mean_lvl  9.6 | max_lvl 12 | cur 2/10 pb 0.0 | focus (152,161) f=1.0 | kl +0.0018 | ent 3.152
upd   48 | step    98304 |   179 sps | ret     3.80 | succ 0.19 | mean_lvl  9.6 | max_lvl 12 | cur 2/10 pb 0.0 | focus (152,161) f=1.0 | kl +0.0007 | ent 3.279
upd   49 | step   100352 |   179 sps | ret     2.60 | succ 0.13 | mean_lvl  9.4 | max_lvl 12 | cur 2/10 pb 0.0 | focus (152,161) f=1.0 | kl +0.0031 | ent 3.214
upd   50 | step   102400 |   179 sps | ret     5.60 | succ 0.28 | mean_lvl  9.8 | max_lvl 12 | cur 2/10 pb 0.0 | focus (152,161) f=1.0 | kl +0.0029 | ent 3.108
saved checkpoints/L11\ppo_102400.pt
upd   51 | step   104448 |   179 sps | ret     3.40 | succ 0.17 | mean_lvl  9.5 | max_lvl 12 | cur 2/10 pb 0.0 | focus (152,161) f=0.99 | kl +0.0034 | ent 3.084
upd   52 | step   106496 |   178 sps | ret     4.60 | succ 0.23 | mean_lvl  9.7 | max_lvl 12 | cur 2/10 pb 0.0 | focus (152,161) f=0.93 | kl +0.0031 | ent 3.040
upd   53 | step   108544 |   178 sps | ret     4.20 | succ 0.21 | mean_lvl  9.7 | max_lvl 12 | cur 2/10 pb 0.0 | focus (152,161) f=0.93 | kl +0.0053 | ent 3.037
upd   54 | step   110592 |   178 sps | ret     7.00 | succ 0.35 | mean_lvl 10.2 | max_lvl 12 | cur 2/10 pb 0.0 | focus (152,161) f=0.94 | kl +0.0041 | ent 2.821
upd   55 | step   112640 |   177 sps | ret     5.80 | succ 0.29 | mean_lvl 10.0 | max_lvl 12 | cur 2/10 pb 0.0 | focus (152,161) f=0.57 | kl +0.0036 | ent 2.771
upd   56 | step   114688 |   178 sps | ret     8.00 | succ 0.40 | mean_lvl 10.3 | max_lvl 12 | cur 2/10 pb 0.0 | focus (152,161) f=0.82 | kl +0.0036 | ent 2.543
upd   57 | step   116736 |   178 sps | ret    11.00 | succ 0.55 | mean_lvl 10.8 | max_lvl 12 | cur 2/10 pb 0.0 | focus (152,161) f=0.6 | kl -0.0005 | ent 2.348
upd   58 | step   118784 |   178 sps | ret    10.40 | succ 0.52 | mean_lvl 10.8 | max_lvl 12 | cur 2/10 pb 0.0 | focus (152,161) f=0.49 | kl +0.0048 | ent 2.262
upd   59 | step   120832 |   178 sps | ret    12.20 | succ 0.61 | mean_lvl 10.9 | max_lvl 12 | cur 2/10 pb 0.0 | focus (152,161) f=0.55 | kl +0.0021 | ent 2.170
upd   60 | step   122880 |   179 sps | ret    13.40 | succ 0.67 | mean_lvl 11.2 | max_lvl 12 | cur 2/10 pb 0.0 | focus (152,161) f=0.55 | kl +0.0022 | ent 2.115
upd   61 | step   124928 |   179 sps | ret    13.60 | succ 0.68 | mean_lvl 11.2 | max_lvl 12 | cur 2/10 pb 0.0 | focus (152,161) f=0.37 | kl +0.0024 | ent 2.057
upd   62 | step   126976 |   179 sps | ret    13.20 | succ 0.66 | mean_lvl 11.1 | max_lvl 12 | cur 2/10 pb 0.0 | focus (302,104) f=0.4 | kl +0.0016 | ent 2.041
upd   63 | step   129024 |   179 sps | ret    13.60 | succ 0.68 | mean_lvl 11.1 | max_lvl 12 | cur 2/10 pb 0.0 | focus (302,104) f=0.4 | kl +0.0022 | ent 2.029
upd   64 | step   131072 |   180 sps | ret    15.00 | succ 0.75 | mean_lvl 11.3 | max_lvl 12 | cur 2/10 pb 0.0 | focus (152,161) f=0.28 | kl +0.0016 | ent 1.997
upd   65 | step   133120 |   180 sps | ret    15.20 | succ 0.76 | mean_lvl 11.4 | max_lvl 12 | cur 2/10 pb 0.0 | focus (302,104) f=0.3 | kl +0.0006 | ent 2.027
upd   66 | step   135168 |   180 sps | ret    15.60 | succ 0.78 | mean_lvl 11.4 | max_lvl 12 | cur 2/10 pb 0.0 | focus (152,161) f=0.26 | kl +0.0012 | ent 2.042
upd   67 | step   137216 |   180 sps | ret    14.40 | succ 0.72 | mean_lvl 11.3 | max_lvl 12 | cur 2/10 pb 0.0 | focus (152,161) f=0.23 | kl +0.0010 | ent 2.096
upd   68 | step   139264 |   181 sps | ret    14.80 | succ 0.74 | mean_lvl 11.3 | max_lvl 12 | cur 2/10 pb 0.0 | focus (302,104) f=0.36 | kl +0.0011 | ent 2.095
upd   69 | step   141312 |   181 sps | ret    15.00 | succ 0.75 | mean_lvl 11.4 | max_lvl 12 | cur 2/10 pb 0.0 | focus (152,161) f=0.32 | kl +0.0012 | ent 2.055
upd   70 | step   143360 |   181 sps | ret    14.80 | succ 0.74 | mean_lvl 11.3 | max_lvl 12 | cur 2/10 pb 0.0 | focus (152,161) f=0.3 | kl +0.0031 | ent 1.994
upd   71 | step   145408 |   181 sps | ret    15.20 | succ 0.76 | mean_lvl 11.3 | max_lvl 12 | cur 2/10 pb 0.0 | focus (152,161) f=0.28 | kl +0.0011 | ent 1.998
upd   72 | step   147456 |   182 sps | ret    14.20 | succ 0.71 | mean_lvl 11.2 | max_lvl 12 | cur 2/10 pb 0.0 | focus (152,161) f=0.6 | kl +0.0030 | ent 1.990
upd   73 | step   149504 |   182 sps | ret     8.00 | succ 0.40 | mean_lvl 10.7 | max_lvl 12 | cur 2/10 pb 0.0 | focus (152,161) f=0.34 | kl +0.0015 | ent 1.883
upd   74 | step   151552 |   182 sps | ret     8.80 | succ 0.44 | mean_lvl 10.8 | max_lvl 12 | cur 3/10 pb 0.0 | focus (180,161) f=0.9 | kl +0.0023 | ent 1.791
upd   75 | step   153600 |   182 sps | ret     5.80 | succ 0.29 | mean_lvl 10.5 | max_lvl 12 | cur 2/10 pb 0.0 | focus (302,104) f=0.16 | kl +0.0028 | ent 1.727
upd   76 | step   155648 |   182 sps | ret     7.20 | succ 0.36 | mean_lvl 10.6 | max_lvl 12 | cur 4/10 pb 0.0 | focus (180,161) f=1.0 | kl +0.0048 | ent 1.626
upd   77 | step   157696 |   182 sps | ret     6.20 | succ 0.31 | mean_lvl 10.5 | max_lvl 12 | cur 4/10 pb 0.0 | focus (448,208) f=1.0 | kl -0.0008 | ent 1.644
upd   78 | step   159744 |   182 sps | ret     5.60 | succ 0.28 | mean_lvl 10.4 | max_lvl 12 | cur 3/10 pb 0.0 | focus (180,161) f=1.0 | kl +0.0032 | ent 1.514
upd   79 | step   161792 |   181 sps | ret     3.60 | succ 0.18 | mean_lvl 10.1 | max_lvl 12 | cur 3/10 pb 0.0 | focus (180,161) f=0.91 | kl +0.0021 | ent 1.577
upd   80 | step   163840 |   181 sps | ret     5.80 | succ 0.29 | mean_lvl 10.4 | max_lvl 12 | cur 4/10 pb 0.0 | focus (448,208) f=1.0 | kl +0.0018 | ent 1.641
upd   81 | step   165888 |   181 sps | ret     4.00 | succ 0.20 | mean_lvl 10.2 | max_lvl 12 | cur 4/10 pb 0.0 | focus (448,208) f=1.0 | kl +0.0018 | ent 1.476
upd   82 | step   167936 |   181 sps | ret     4.20 | succ 0.21 | mean_lvl 10.2 | max_lvl 12 | cur 4/10 pb 0.0 | focus (448,208) f=1.0 | kl +0.0023 | ent 1.594
upd   83 | step   169984 |   180 sps | ret     5.20 | succ 0.26 | mean_lvl 10.4 | max_lvl 12 | cur 4/10 pb 0.0 | focus (448,208) f=1.0 | kl +0.0011 | ent 1.628
upd   84 | step   172032 |   180 sps | ret     4.60 | succ 0.23 | mean_lvl 10.2 | max_lvl 12 | cur 4/10 pb 0.0 | focus (448,208) f=1.0 | kl +0.0021 | ent 1.574
upd   85 | step   174080 |   180 sps | ret     5.00 | succ 0.25 | mean_lvl 10.3 | max_lvl 12 | cur 3/10 pb 0.0 | focus (180,161) f=0.9 | kl +0.0016 | ent 1.671
upd   86 | step   176128 |   180 sps | ret     3.20 | succ 0.16 | mean_lvl 10.2 | max_lvl 12 | cur 3/10 pb 0.0 | focus (180,161) f=0.92 | kl +0.0032 | ent 1.754
upd   87 | step   178176 |   180 sps | ret     4.80 | succ 0.24 | mean_lvl 10.2 | max_lvl 12 | cur 4/10 pb 0.0 | focus (448,208) f=1.0 | kl +0.0026 | ent 1.750
upd   88 | step   180224 |   180 sps | ret     4.60 | succ 0.23 | mean_lvl 10.3 | max_lvl 12 | cur 4/10 pb 0.0 | focus (448,208) f=1.0 | kl +0.0017 | ent 1.866
upd   89 | step   182272 |   180 sps | ret     5.40 | succ 0.27 | mean_lvl 10.3 | max_lvl 12 | cur 4/10 pb 0.0 | focus (448,208) f=1.0 | kl +0.0036 | ent 1.913
upd   90 | step   184320 |   180 sps | ret     5.40 | succ 0.27 | mean_lvl 10.3 | max_lvl 12 | cur 3/10 pb 0.0 | focus (180,161) f=0.98 | kl +0.0007 | ent 1.952
upd   91 | step   186368 |   180 sps | ret     4.20 | succ 0.21 | mean_lvl 10.2 | max_lvl 12 | cur 3/10 pb 0.0 | focus (180,161) f=0.98 | kl +0.0039 | ent 1.991
upd   92 | step   188416 |   180 sps | ret     5.20 | succ 0.26 | mean_lvl 10.2 | max_lvl 12 | cur 4/10 pb 0.0 | focus (448,208) f=1.0 | kl +0.0025 | ent 2.091
upd   93 | step   190464 |   180 sps | ret     5.40 | succ 0.27 | mean_lvl 10.3 | max_lvl 12 | cur 3/10 pb 0.0 | focus (180,161) f=0.92 | kl +0.0061 | ent 2.192
upd   94 | step   192512 |   180 sps | ret     5.40 | succ 0.27 | mean_lvl 10.3 | max_lvl 12 | cur 3/10 pb 0.0 | focus (180,161) f=0.99 | kl +0.0090 | ent 2.289
upd   95 | step   194560 |   180 sps | ret     5.60 | succ 0.28 | mean_lvl 10.3 | max_lvl 12 | cur 4/10 pb 0.0 | focus (448,208) f=0.99 | kl +0.0067 | ent 2.356
upd   96 | step   196608 |   180 sps | ret     5.00 | succ 0.25 | mean_lvl 10.2 | max_lvl 12 | cur 3/10 pb 0.0 | focus (180,161) f=0.94 | kl +0.0045 | ent 2.431
upd   97 | step   198656 |   180 sps | ret     6.20 | succ 0.31 | mean_lvl 10.3 | max_lvl 12 | cur 4/10 pb 0.0 | focus (448,208) f=0.97 | kl +0.0069 | ent 2.497
upd   98 | step   200704 |   180 sps | ret     6.00 | succ 0.30 | mean_lvl 10.2 | max_lvl 12 | cur 3/10 pb 0.0 | focus (180,161) f=0.82 | kl +0.0057 | ent 2.526
upd   99 | step   202752 |   180 sps | ret     6.00 | succ 0.30 | mean_lvl 10.2 | max_lvl 12 | cur 4/10 pb 0.0 | focus (448,208) f=0.99 | kl +0.0066 | ent 2.588
upd  100 | step   204800 |   181 sps | ret     6.40 | succ 0.32 | mean_lvl 10.2 | max_lvl 12 | cur 3/10 pb 0.0 | focus (180,161) f=0.98 | kl +0.0010 | ent 2.620
saved checkpoints/L11\ppo_204800.pt
upd  101 | step   206848 |   181 sps | ret     8.60 | succ 0.43 | mean_lvl 10.4 | max_lvl 12 | cur 3/10 pb 0.0 | focus (180,161) f=0.86 | kl +0.0025 | ent 2.558
upd  102 | step   208896 |   181 sps | ret     7.40 | succ 0.37 | mean_lvl 10.3 | max_lvl 12 | cur 3/10 pb 0.0 | focus (180,161) f=0.6 | kl +0.0037 | ent 2.584
upd  103 | step   210944 |   181 sps | ret     7.40 | succ 0.37 | mean_lvl 10.4 | max_lvl 12 | cur 3/10 pb 0.0 | focus (180,161) f=0.85 | kl -0.0001 | ent 2.585
upd  104 | step   212992 |   181 sps | ret     8.00 | succ 0.40 | mean_lvl 10.4 | max_lvl 12 | cur 3/10 pb 0.0 | focus (180,161) f=0.91 | kl +0.0018 | ent 2.514
upd  105 | step   215040 |   181 sps | ret     9.40 | succ 0.47 | mean_lvl 10.5 | max_lvl 12 | cur 4/10 pb 0.0 | focus (448,208) f=0.92 | kl +0.0033 | ent 2.507
upd  106 | step   217088 |   181 sps | ret     9.80 | succ 0.49 | mean_lvl 10.6 | max_lvl 12 | cur 3/10 pb 0.0 | focus (180,161) f=0.78 | kl +0.0030 | ent 2.553
upd  107 | step   219136 |   181 sps | ret     8.60 | succ 0.43 | mean_lvl 10.4 | max_lvl 12 | cur 3/10 pb 0.0 | focus (180,161) f=0.76 | kl +0.0035 | ent 2.554
upd  108 | step   221184 |   182 sps | ret     8.80 | succ 0.44 | mean_lvl 10.5 | max_lvl 12 | cur 3/10 pb 0.0 | focus (180,161) f=0.76 | kl +0.0024 | ent 2.530
upd  109 | step   223232 |   182 sps | ret     8.60 | succ 0.43 | mean_lvl 10.4 | max_lvl 12 | cur 3/10 pb 0.0 | focus (180,161) f=0.76 | kl +0.0030 | ent 2.487
upd  110 | step   225280 |   182 sps | ret     9.60 | succ 0.48 | mean_lvl 10.6 | max_lvl 12 | cur 3/10 pb 0.0 | focus (180,161) f=0.59 | kl +0.0015 | ent 2.434
upd  111 | step   227328 |   182 sps | ret    10.00 | succ 0.50 | mean_lvl 10.6 | max_lvl 12 | cur 4/10 pb 0.0 | focus (448,208) f=0.78 | kl +0.0030 | ent 2.460
upd  112 | step   229376 |   183 sps | ret     8.80 | succ 0.44 | mean_lvl 10.4 | max_lvl 12 | cur 3/10 pb 0.0 | focus (180,161) f=0.44 | kl +0.0018 | ent 2.490
upd  113 | step   231424 |   183 sps | ret     9.20 | succ 0.46 | mean_lvl 10.4 | max_lvl 12 | cur 3/10 pb 0.0 | focus (152,161) f=0.63 | kl +0.0016 | ent 2.469
upd  114 | step   233472 |   183 sps | ret    11.00 | succ 0.55 | mean_lvl 10.7 | max_lvl 12 | cur 3/10 pb 0.0 | focus (180,161) f=0.48 | kl +0.0033 | ent 2.459
upd  115 | step   235520 |   183 sps | ret    11.40 | succ 0.57 | mean_lvl 10.7 | max_lvl 12 | cur 4/10 pb 0.0 | focus (448,208) f=0.58 | kl +0.0015 | ent 2.447
upd  116 | step   237568 |   184 sps | ret     9.80 | succ 0.49 | mean_lvl 10.5 | max_lvl 12 | cur 4/10 pb 0.0 | focus (448,208) f=0.74 | kl +0.0049 | ent 2.418
upd  117 | step   239616 |   184 sps | ret     9.40 | succ 0.47 | mean_lvl 10.4 | max_lvl 12 | cur 3/10 pb 0.0 | focus (180,161) f=0.62 | kl +0.0003 | ent 2.427
upd  118 | step   241664 |   184 sps | ret    12.40 | succ 0.62 | mean_lvl 10.9 | max_lvl 12 | cur 3/10 pb 0.0 | focus (180,161) f=0.65 | kl +0.0024 | ent 2.450
upd  119 | step   243712 |   185 sps | ret    11.20 | succ 0.56 | mean_lvl 10.7 | max_lvl 12 | cur 4/10 pb 0.0 | focus (448,208) f=0.76 | kl +0.0016 | ent 2.446
upd  120 | step   245760 |   185 sps | ret    12.20 | succ 0.61 | mean_lvl 10.9 | max_lvl 12 | cur 3/10 pb 0.0 | focus (180,161) f=0.49 | kl +0.0017 | ent 2.441
upd  121 | step   247808 |   185 sps | ret    14.00 | succ 0.70 | mean_lvl 11.1 | max_lvl 12 | cur 4/10 pb 0.0 | focus (448,208) f=0.58 | kl +0.0035 | ent 2.458
upd  122 | step   249856 |   185 sps | ret    13.40 | succ 0.67 | mean_lvl 11.1 | max_lvl 12 | cur 3/10 pb 0.0 | focus (180,161) f=0.34 | kl +0.0043 | ent 2.407
upd  123 | step   251904 |   186 sps | ret    13.00 | succ 0.65 | mean_lvl 11.0 | max_lvl 12 | cur 3/10 pb 0.0 | focus (180,161) f=0.41 | kl +0.0009 | ent 2.380
upd  124 | step   253952 |   186 sps | ret    13.20 | succ 0.66 | mean_lvl 11.0 | max_lvl 12 | cur 4/10 pb 0.0 | focus (448,208) f=0.73 | kl +0.0034 | ent 2.391
upd  125 | step   256000 |   186 sps | ret    14.20 | succ 0.71 | mean_lvl 11.2 | max_lvl 12 | cur 4/10 pb 0.0 | focus (448,208) f=0.59 | kl +0.0041 | ent 2.362
upd  126 | step   258048 |   187 sps | ret    13.80 | succ 0.69 | mean_lvl 11.1 | max_lvl 12 | cur 3/10 pb 0.0 | focus (180,161) f=0.38 | kl +0.0024 | ent 2.354
upd  127 | step   260096 |   187 sps | ret    11.20 | succ 0.56 | mean_lvl 10.7 | max_lvl 12 | cur 3/10 pb 0.0 | focus (180,161) f=0.65 | kl +0.0028 | ent 2.385
upd  128 | step   262144 |   187 sps | ret    13.00 | succ 0.65 | mean_lvl 10.9 | max_lvl 12 | cur 3/10 pb 0.0 | focus (180,161) f=0.32 | kl +0.0036 | ent 2.356
upd  129 | step   264192 |   187 sps | ret    13.20 | succ 0.66 | mean_lvl 11.0 | max_lvl 12 | cur 3/10 pb 0.0 | focus (180,161) f=0.3 | kl +0.0016 | ent 2.335
upd  130 | step   266240 |   188 sps | ret    13.20 | succ 0.66 | mean_lvl 10.9 | max_lvl 12 | cur 3/10 pb 0.0 | focus (180,161) f=0.53 | kl +0.0043 | ent 2.352
upd  131 | step   268288 |   188 sps | ret    13.20 | succ 0.66 | mean_lvl 11.0 | max_lvl 12 | cur 4/10 pb 0.0 | focus (180,161) f=0.61 | kl +0.0013 | ent 2.305
upd  132 | step   270336 |   188 sps | ret    12.40 | succ 0.62 | mean_lvl 10.9 | max_lvl 12 | cur 3/10 pb 0.0 | focus (180,161) f=0.49 | kl +0.0051 | ent 2.299
upd  133 | step   272384 |   188 sps | ret    12.20 | succ 0.61 | mean_lvl 10.8 | max_lvl 12 | cur 3/10 pb 0.0 | focus (180,161) f=0.65 | kl +0.0103 | ent 2.302
upd  134 | step   274432 |   189 sps | ret    16.00 | succ 0.80 | mean_lvl 11.4 | max_lvl 12 | cur 3/10 pb 0.0 | focus (152,161) f=0.41 | kl +0.0047 | ent 2.324
upd  135 | step   276480 |   189 sps | ret    15.20 | succ 0.76 | mean_lvl 11.2 | max_lvl 12 | cur 3/10 pb 0.0 | focus (180,161) f=0.35 | kl +0.0045 | ent 2.314
upd  136 | step   278528 |   189 sps | ret    14.00 | succ 0.70 | mean_lvl 11.1 | max_lvl 12 | cur 3/10 pb 0.0 | focus (180,161) f=0.43 | kl +0.0045 | ent 2.340
upd  137 | step   280576 |   190 sps | ret    16.60 | succ 0.83 | mean_lvl 11.5 | max_lvl 12 | cur 3/10 pb 0.0 | focus (180,161) f=0.44 | kl +0.0062 | ent 2.304
upd  138 | step   282624 |   190 sps | ret    15.20 | succ 0.76 | mean_lvl 11.3 | max_lvl 12 | cur 3/10 pb 0.0 | focus (302,104) f=0.19 | kl +0.0048 | ent 2.258
upd  139 | step   284672 |   190 sps | ret    16.40 | succ 0.82 | mean_lvl 11.5 | max_lvl 12 | cur 4/10 pb 0.0 | focus (180,161) f=0.62 | kl +0.0061 | ent 2.305
upd  140 | step   286720 |   190 sps | ret    16.60 | succ 0.83 | mean_lvl 11.5 | max_lvl 12 | cur 4/10 pb 0.0 | focus (180,161) f=0.3 | kl +0.0074 | ent 2.260
upd  141 | step   288768 |   191 sps | ret    16.60 | succ 0.83 | mean_lvl 11.5 | max_lvl 12 | cur 4/10 pb 0.0 | focus (448,208) f=0.47 | kl +0.0044 | ent 2.253
upd  142 | step   290816 |   191 sps | ret    17.40 | succ 0.87 | mean_lvl 11.6 | max_lvl 12 | cur 3/10 pb 0.0 | focus (152,161) f=0.17 | kl +0.0050 | ent 2.247
upd  143 | step   292864 |   191 sps | ret    17.40 | succ 0.87 | mean_lvl 11.6 | max_lvl 12 | cur 3/10 pb 0.0 | focus (180,161) f=0.22 | kl +0.0041 | ent 2.181
upd  144 | step   294912 |   191 sps | ret    16.60 | succ 0.83 | mean_lvl 11.5 | max_lvl 12 | cur 3/10 pb 0.0 | focus (180,161) f=0.25 | kl +0.0041 | ent 2.140
upd  145 | step   296960 |   192 sps | ret    16.80 | succ 0.84 | mean_lvl 11.5 | max_lvl 12 | cur 3/10 pb 0.0 | focus (180,161) f=0.21 | kl +0.0040 | ent 2.150
upd  146 | step   299008 |   192 sps | ret    18.20 | succ 0.91 | mean_lvl 11.7 | max_lvl 12 | cur 3/10 pb 0.0 | focus (180,161) f=0.2 | kl +0.0020 | ent 2.160
upd  147 | step   301056 |   192 sps | ret    16.20 | succ 0.81 | mean_lvl 11.4 | max_lvl 12 | cur 3/10 pb 0.0 | focus (180,161) f=0.24 | kl +0.0086 | ent 2.142
upd  148 | step   303104 |   192 sps | ret    15.20 | succ 0.76 | mean_lvl 11.3 | max_lvl 12 | cur 3/10 pb 0.0 | focus (180,161) f=0.15 | kl +0.0072 | ent 2.135
upd  149 | step   305152 |   193 sps | ret    14.00 | succ 0.70 | mean_lvl 11.1 | max_lvl 12 | cur 5/10 pb 0.0 | focus (276,288) f=1.0 | kl +0.0085 | ent 2.095
upd  150 | step   307200 |   193 sps | ret    14.60 | succ 0.73 | mean_lvl 11.2 | max_lvl 12 | cur 4/10 pb 0.0 | focus (448,208) f=1.0 | kl +0.0070 | ent 2.145
saved checkpoints/L11\ppo_307200.pt
upd  151 | step   309248 |   193 sps | ret    13.00 | succ 0.65 | mean_lvl 10.9 | max_lvl 12 | cur 6/10 pb 0.0 | focus (248,288) f=1.0 | kl +0.0041 | ent 2.089
upd  152 | step   311296 |   193 sps | ret    14.60 | succ 0.73 | mean_lvl 11.2 | max_lvl 12 | cur 6/10 pb 0.0 | focus (248,288) f=0.9 | kl +0.0033 | ent 2.086
upd  153 | step   313344 |   193 sps | ret    12.80 | succ 0.64 | mean_lvl 10.9 | max_lvl 12 | cur 6/10 pb 0.0 | focus (248,288) f=0.84 | kl +0.0047 | ent 2.156
upd  154 | step   315392 |   194 sps | ret    13.80 | succ 0.69 | mean_lvl 11.1 | max_lvl 12 | cur 4/10 pb 0.0 | focus (448,208) f=0.29 | kl +0.0038 | ent 2.117
upd  155 | step   317440 |   194 sps | ret    10.60 | succ 0.53 | mean_lvl 10.6 | max_lvl 12 | cur 6/10 pb 0.0 | focus (276,288) f=0.71 | kl +0.0051 | ent 2.139
upd  156 | step   319488 |   194 sps | ret    11.80 | succ 0.59 | mean_lvl 10.7 | max_lvl 12 | cur 7/10 pb 0.0 | focus (379,320) f=1.0 | kl +0.0024 | ent 2.144
upd  157 | step   321536 |   194 sps | ret    11.40 | succ 0.57 | mean_lvl 10.7 | max_lvl 12 | cur 7/10 pb 0.0 | focus (379,320) f=1.0 | kl +0.0051 | ent 2.080
upd  158 | step   323584 |   194 sps | ret     8.60 | succ 0.43 | mean_lvl 10.3 | max_lvl 12 | cur 4/10 pb 0.0 | focus (152,161) f=0.15 | kl +0.0024 | ent 2.067
upd  159 | step   325632 |   194 sps | ret     9.00 | succ 0.45 | mean_lvl 10.3 | max_lvl 12 | cur 6/10 pb 0.0 | focus (248,288) f=0.69 | kl +0.0053 | ent 2.060
upd  160 | step   327680 |   194 sps | ret    11.20 | succ 0.56 | mean_lvl 10.6 | max_lvl 12 | cur 4/10 pb 0.0 | focus (152,161) f=0.22 | kl +0.0030 | ent 2.128
upd  161 | step   329728 |   194 sps | ret     9.60 | succ 0.48 | mean_lvl 10.4 | max_lvl 12 | cur 4/10 pb 0.0 | focus (152,161) f=0.17 | kl +0.0066 | ent 2.138
upd  162 | step   331776 |   194 sps | ret     6.60 | succ 0.33 | mean_lvl 10.0 | max_lvl 12 | cur 7/10 pb 0.0 | focus (379,320) f=1.0 | kl +0.0047 | ent 2.175
upd  163 | step   333824 |   194 sps | ret     7.20 | succ 0.36 | mean_lvl 10.1 | max_lvl 12 | cur 4/10 pb 0.0 | focus (448,208) f=0.5 | kl +0.0025 | ent 2.182
upd  164 | step   335872 |   194 sps | ret     6.80 | succ 0.34 | mean_lvl 10.0 | max_lvl 12 | cur 9/10 pb 0.0 | focus (379,320) f=1.0 | kl +0.0034 | ent 2.207
upd  165 | step   337920 |   194 sps | ret     6.20 | succ 0.31 | mean_lvl  9.9 | max_lvl 12 | cur 7/10 pb 0.0 | focus (379,320) f=0.97 | kl +0.0014 | ent 2.196
upd  166 | step   339968 |   194 sps | ret     6.80 | succ 0.34 | mean_lvl  9.9 | max_lvl 12 | cur 7/10 pb 0.0 | focus (379,320) f=1.0 | kl +0.0013 | ent 2.272
upd  167 | step   342016 |   194 sps | ret     9.20 | succ 0.46 | mean_lvl 10.3 | max_lvl 12 | cur 7/10 pb 0.0 | focus (379,320) f=1.0 | kl +0.0023 | ent 2.264
upd  168 | step   344064 |   194 sps | ret     6.00 | succ 0.30 | mean_lvl  9.8 | max_lvl 12 | cur 7/10 pb 0.0 | focus (379,320) f=1.0 | kl +0.0011 | ent 2.282
upd  169 | step   346112 |   194 sps | ret     7.00 | succ 0.35 | mean_lvl 10.0 | max_lvl 12 | cur 8/10 pb 0.0 | focus (379,320) f=1.0 | kl +0.0052 | ent 2.262
upd  170 | step   348160 |   194 sps | ret     6.40 | succ 0.32 | mean_lvl  9.8 | max_lvl 12 | cur 8/10 pb 0.0 | focus (379,320) f=1.0 | kl +0.0040 | ent 2.320
upd  171 | step   350208 |   194 sps | ret     5.00 | succ 0.25 | mean_lvl  9.6 | max_lvl 12 | cur 9/10 pb 0.0 | focus (121,321) f=1.0 | kl +0.0039 | ent 2.349
upd  172 | step   352256 |   194 sps | ret     5.60 | succ 0.28 | mean_lvl  9.8 | max_lvl 12 | cur 7/10 pb 0.0 | focus (379,320) f=1.0 | kl +0.0044 | ent 2.321
upd  173 | step   354304 |   194 sps | ret     8.00 | succ 0.40 | mean_lvl 10.1 | max_lvl 12 | cur 4/10 pb 0.0 | focus (180,161) f=0.58 | kl +0.0032 | ent 2.339
upd  174 | step   356352 |   194 sps | ret     7.00 | succ 0.35 | mean_lvl  9.9 | max_lvl 12 | cur 7/10 pb 0.0 | focus (379,320) f=1.0 | kl +0.0051 | ent 2.325
upd  175 | step   358400 |   194 sps | ret     7.00 | succ 0.35 | mean_lvl  9.9 | max_lvl 12 | cur 4/10 pb 0.0 | focus (180,161) f=0.41 | kl +0.0031 | ent 2.311
upd  176 | step   360448 |   194 sps | ret     7.60 | succ 0.38 | mean_lvl 10.1 | max_lvl 12 | cur 7/10 pb 0.0 | focus (379,320) f=1.0 | kl +0.0022 | ent 2.363
upd  177 | step   362496 |   193 sps | ret     7.00 | succ 0.35 | mean_lvl 10.0 | max_lvl 12 | cur 8/10 pb 0.0 | focus (379,320) f=1.0 | kl +0.0030 | ent 2.309
upd  178 | step   364544 |   193 sps | ret     5.40 | succ 0.27 | mean_lvl  9.7 | max_lvl 12 | cur 7/10 pb 0.0 | focus (379,320) f=0.9 | kl +0.0025 | ent 2.300
upd  179 | step   366592 |   193 sps | ret     7.80 | succ 0.39 | mean_lvl 10.1 | max_lvl 12 | cur 7/10 pb 0.0 | focus (379,320) f=0.97 | kl +0.0073 | ent 2.288
upd  180 | step   368640 |   193 sps | ret     7.80 | succ 0.39 | mean_lvl 10.1 | max_lvl 12 | cur 7/10 pb 0.0 | focus (379,320) f=1.0 | kl +0.0043 | ent 2.324
upd  181 | step   370688 |   193 sps | ret     7.80 | succ 0.39 | mean_lvl 10.0 | max_lvl 12 | cur 9/10 pb 0.0 | focus (121,321) f=1.0 | kl +0.0040 | ent 2.314
upd  182 | step   372736 |   193 sps | ret     7.80 | succ 0.39 | mean_lvl 10.1 | max_lvl 12 | cur 7/10 pb 0.0 | focus (379,320) f=0.98 | kl +0.0021 | ent 2.364
upd  183 | step   374784 |   193 sps | ret     7.80 | succ 0.39 | mean_lvl 10.1 | max_lvl 12 | cur 4/10 pb 0.0 | focus (152,161) f=0.37 | kl +0.0017 | ent 2.336
upd  184 | step   376832 |   194 sps | ret     7.60 | succ 0.38 | mean_lvl 10.1 | max_lvl 12 | cur 7/10 pb 0.0 | focus (379,320) f=1.0 | kl +0.0033 | ent 2.394
upd  185 | step   378880 |   194 sps | ret     7.80 | succ 0.39 | mean_lvl 10.1 | max_lvl 12 | cur 4/10 pb 0.0 | focus (448,208) f=0.35 | kl +0.0046 | ent 2.347
upd  186 | step   380928 |   194 sps | ret     8.60 | succ 0.43 | mean_lvl 10.3 | max_lvl 12 | cur 9/10 pb 0.0 | focus (121,321) f=1.0 | kl +0.0042 | ent 2.393
