pygame 2.6.1 (SDL 2.28.4, Python 3.13.14)
Hello from the pygame community. https://www.pygame.org/contribute.html
loaded checkpoints/L12\ppo_1011712.pt | level 12 -> 13 | 40 episodes (stochastic)
  ep   0: arrived lvl 13 x=275 y=240
  ep   1: arrived lvl 13 x=275 y=240
  ep   2: arrived lvl 13 x=275 y=240
  ep   3: arrived lvl 13 x=275 y=240
  ep   4: arrived lvl 13 x=275 y=240
  ep   5: arrived lvl 13 x=275 y=240
  ep   6: arrived lvl 13 x=275 y=240
  ep   7: arrived lvl 13 x=275 y=240
  ep   8: arrived lvl 13 x=275 y=240
  ep   9: arrived lvl 13 x=275 y=240
  ep  10: arrived lvl 13 x=275 y=240
  ep  11: arrived lvl 13 x=275 y=240
  ep  12: arrived lvl 13 x=275 y=240
  ep  13: arrived lvl 13 x=271 y=240
  ep  14: arrived lvl 13 x=275 y=240
  ep  15: arrived lvl 13 x=275 y=240
  ep  16: arrived lvl 13 x=275 y=240
  ep  17: arrived lvl 13 x=275 y=240
  ep  18: arrived lvl 13 x=275 y=240
  ep  19: arrived lvl 13 x=275 y=240
  ep  20: arrived lvl 13 x=275 y=240
  ep  21: arrived lvl 13 x=275 y=240
  ep  22: arrived lvl 13 x=275 y=240
  ep  23: arrived lvl 13 x=275 y=240
  ep  24: arrived lvl 13 x=275 y=240
  ep  25: arrived lvl 13 x=275 y=240
  ep  26: arrived lvl 13 x=275 y=240
  ep  27: arrived lvl 13 x=275 y=240
  ep  28: arrived lvl 13 x=275 y=240
  ep  29: arrived lvl 13 x=279 y=240
  ep  30: arrived lvl 13 x=275 y=240
  ep  31: arrived lvl 13 x=275 y=240
  ep  32: arrived lvl 13 x=275 y=240
  ep  33: arrived lvl 13 x=275 y=240
  ep  34: arrived lvl 13 x=275 y=240
  ep  35: arrived lvl 13 x=275 y=240
  ep  36: arrived lvl 13 x=275 y=240
  ep  37: arrived lvl 13 x=275 y=240
  ep  38: arrived lvl 13 x=275 y=240
  ep  39: arrived lvl 13 x=275 y=240

40/40 episodes reached level 13, 40 arrival states collected
merged 2 new handoff states into starts_L13.json (rest were duplicates of existing entries)
C:\Users\Nemanja\AppData\Local\Programs\Python\Python313\Lib\site-packages\pygame\pkgdata.py:25: UserWarning: pkg_resources is deprecated as an API. See https://setuptools.pypa.io/en/latest/pkg_resources.html. The pkg_resources package is slated for removal as early as 2025-11-30. Refrain from using this package or pin to Setuptools<81.
  from pkg_resources import resource_stream, resource_exists
