device: cpu | num_envs: 8
C:\Users\Nemanja\AppData\Local\Programs\Python\Python313\Lib\site-packages\pygame\pkgdata.py:25: UserWarning: pkg_resources is deprecated as an API. See https://setuptools.pypa.io/en/latest/pkg_resources.html. The pkg_resources package is slated for removal as early as 2025-11-30. Refrain from using this package or pin to Setuptools<81.
  from pkg_resources import resource_stream, resource_exists
pygame 2.6.1 (SDL 2.28.4, Python 3.13.14)
Hello from the pygame community. https://www.pygame.org/contribute.html
C:\Users\Nemanja\AppData\Local\Programs\Python\Python313\Lib\site-packages\pygame\pkgdata.py:25: UserWarning: pkg_resources is deprecated as an API. See https://setuptools.pypa.io/en/latest/pkg_resources.html. The pkg_resources package is slated for removal as early as 2025-11-30. Refrain from using this package or pin to Setuptools<81.
  from pkg_resources import resource_stream, resource_exists
pygame 2.6.1 (SDL 2.28.4, Python 3.13.14)
Hello from the pygame community. https://www.pygame.org/contribute.html
C:\Users\Nemanja\AppData\Local\Programs\Python\Python313\Lib\site-packages\pygame\pkgdata.py:25: UserWarning: pkg_resources is deprecated as an API. See https://setuptools.pypa.io/en/latest/pkg_resources.html. The pkg_resources package is slated for removal as early as 2025-11-30. Refrain from using this package or pin to Setuptools<81.
  from pkg_resources import resource_stream, resource_exists
pygame 2.6.1 (SDL 2.28.4, Python 3.13.14)
Hello from the pygame community. https://www.pygame.org/contribute.html
C:\Users\Nemanja\AppData\Local\Programs\Python\Python313\Lib\site-packages\pygame\pkgdata.py:25: UserWarning: pkg_resources is deprecated as an API. See https://setuptools.pypa.io/en/latest/pkg_resources.html. The pkg_resources package is slated for removal as early as 2025-11-30. Refrain from using this package or pin to Setuptools<81.
  from pkg_resources import resource_stream, resource_exists
pygame 2.6.1 (SDL 2.28.4, Python 3.13.14)
Hello from the pygame community. https://www.pygame.org/contribute.html
C:\Users\Nemanja\AppData\Local\Programs\Python\Python313\Lib\site-packages\pygame\pkgdata.py:25: UserWarning: pkg_resources is deprecated as an API. See https://setuptools.pypa.io/en/latest/pkg_resources.html. The pkg_resources package is slated for removal as early as 2025-11-30. Refrain from using this package or pin to Setuptools<81.
  from pkg_resources import resource_stream, resource_exists
pygame 2.6.1 (SDL 2.28.4, Python 3.13.14)
Hello from the pygame community. https://www.pygame.org/contribute.html
C:\Users\Nemanja\AppData\Local\Programs\Python\Python313\Lib\site-packages\pygame\pkgdata.py:25: UserWarning: pkg_resources is deprecated as an API. See https://setuptools.pypa.io/en/latest/pkg_resources.html. The pkg_resources package is slated for removal as early as 2025-11-30. Refrain from using this package or pin to Setuptools<81.
  from pkg_resources import resource_stream, resource_exists
pygame 2.6.1 (SDL 2.28.4, Python 3.13.14)
Hello from the pygame community. https://www.pygame.org/contribute.html
C:\Users\Nemanja\AppData\Local\Programs\Python\Python313\Lib\site-packages\pygame\pkgdata.py:25: UserWarning: pkg_resources is deprecated as an API. See https://setuptools.pypa.io/en/latest/pkg_resources.html. The pkg_resources package is slated for removal as early as 2025-11-30. Refrain from using this package or pin to Setuptools<81.
  from pkg_resources import resource_stream, resource_exists
C:\Users\Nemanja\AppData\Local\Programs\Python\Python313\Lib\site-packages\pygame\pkgdata.py:25: UserWarning: pkg_resources is deprecated as an API. See https://setuptools.pypa.io/en/latest/pkg_resources.html. The pkg_resources package is slated for removal as early as 2025-11-30. Refrain from using this package or pin to Setuptools<81.
  from pkg_resources import resource_stream, resource_exists
pygame 2.6.1 (SDL 2.28.4, Python 3.13.14)
Hello from the pygame community. https://www.pygame.org/contribute.html
pygame 2.6.1 (SDL 2.28.4, Python 3.13.14)
Hello from the pygame community. https://www.pygame.org/contribute.html
upd    1 | step     2048 |    81 sps | ret     3.00 | succ 0.15 | mean_lvl 21.8 | max_lvl 24 | cur 1/9 pb 0.0 | focus (268,56) f=0.86 | kl +0.0000 | ent 3.611
upd    2 | step     4096 |    80 sps | ret     2.60 | succ 0.13 | mean_lvl 21.9 | max_lvl 24 | cur 1/9 pb 0.0 | focus (268,56) f=0.8 | kl +0.0002 | ent 3.609
upd    3 | step     6144 |    81 sps | ret     2.60 | succ 0.13 | mean_lvl 21.8 | max_lvl 24 | cur 1/9 pb 0.0 | focus (268,56) f=0.86 | kl +0.0011 | ent 3.606
upd    4 | step     8192 |    81 sps | ret     3.60 | succ 0.18 | mean_lvl 21.9 | max_lvl 24 | cur 1/9 pb 0.0 | focus (268,56) f=0.81 | kl +0.0004 | ent 3.599
upd    5 | step    10240 |    82 sps | ret     4.40 | succ 0.22 | mean_lvl 22.1 | max_lvl 24 | cur 1/9 pb 0.0 | focus (268,56) f=0.67 | kl +0.0015 | ent 3.586
upd    6 | step    12288 |    82 sps | ret     5.20 | succ 0.26 | mean_lvl 22.1 | max_lvl 24 | cur 1/9 pb 0.0 | focus (268,56) f=0.83 | kl +0.0015 | ent 3.560
upd    7 | step    14336 |    82 sps | ret     4.40 | succ 0.22 | mean_lvl 22.0 | max_lvl 24 | cur 1/9 pb 0.0 | focus (268,56) f=0.73 | kl +0.0030 | ent 3.518
upd    8 | step    16384 |    83 sps | ret     6.80 | succ 0.34 | mean_lvl 22.2 | max_lvl 24 | cur 1/9 pb 0.0 | focus (268,56) f=0.58 | kl +0.0016 | ent 3.452
upd    9 | step    18432 |    83 sps | ret     9.40 | succ 0.47 | mean_lvl 22.6 | max_lvl 24 | cur 1/9 pb 0.0 | focus (268,56) f=0.6 | kl +0.0022 | ent 3.352
upd   10 | step    20480 |    83 sps | ret    10.80 | succ 0.54 | mean_lvl 22.6 | max_lvl 24 | cur 1/9 pb 0.0 | focus (268,56) f=0.61 | kl +0.0038 | ent 3.229
upd   11 | step    22528 |    82 sps | ret    11.00 | succ 0.55 | mean_lvl 22.8 | max_lvl 24 | cur 1/9 pb 0.0 | focus (268,56) f=0.22 | kl +0.0062 | ent 3.075
upd   12 | step    24576 |    82 sps | ret    13.40 | succ 0.67 | mean_lvl 23.1 | max_lvl 24 | cur 1/9 pb 0.0 | focus (268,56) f=0.4 | kl +0.0031 | ent 2.919
upd   13 | step    26624 |    82 sps | ret    14.80 | succ 0.74 | mean_lvl 23.3 | max_lvl 24 | cur 1/9 pb 0.0 | focus (268,56) f=0.22 | kl +0.0072 | ent 2.701
upd   14 | step    28672 |    82 sps | ret    15.40 | succ 0.77 | mean_lvl 23.3 | max_lvl 24 | cur 1/9 pb 0.0 | focus (268,56) f=0.24 | kl +0.0039 | ent 2.507
upd   15 | step    30720 |    82 sps | ret    13.20 | succ 0.66 | mean_lvl 23.1 | max_lvl 24 | cur 2/9 pb 0.0 | focus (248,56) f=0.9 | kl +0.0042 | ent 2.279
upd   16 | step    32768 |    82 sps | ret     7.00 | succ 0.35 | mean_lvl 22.6 | max_lvl 24 | cur 3/9 pb 0.0 | focus (372,120) f=1.0 | kl +0.0021 | ent 2.191
upd   17 | step    34816 |    81 sps | ret     5.20 | succ 0.26 | mean_lvl 22.4 | max_lvl 24 | cur 3/9 pb 0.0 | focus (372,120) f=1.0 | kl +0.0114 | ent 2.393
upd   18 | step    36864 |    81 sps | ret     5.00 | succ 0.25 | mean_lvl 22.4 | max_lvl 24 | cur 3/9 pb 0.0 | focus (372,120) f=1.0 | kl +0.0044 | ent 2.550
upd   19 | step    38912 |    81 sps | ret     6.00 | succ 0.30 | mean_lvl 22.4 | max_lvl 24 | cur 3/9 pb 0.0 | focus (372,120) f=0.99 | kl +0.0053 | ent 2.539
upd   20 | step    40960 |    81 sps | ret     5.20 | succ 0.26 | mean_lvl 22.4 | max_lvl 24 | cur 3/9 pb 0.0 | focus (372,120) f=1.0 | kl +0.0047 | ent 2.539
upd   21 | step    43008 |    81 sps | ret     5.40 | succ 0.27 | mean_lvl 22.3 | max_lvl 24 | cur 3/9 pb 0.0 | focus (372,120) f=0.98 | kl +0.0126 | ent 2.712
upd   22 | step    45056 |    81 sps | ret     5.20 | succ 0.26 | mean_lvl 22.2 | max_lvl 24 | cur 3/9 pb 0.0 | focus (372,120) f=0.95 | kl +0.0085 | ent 2.715
upd   23 | step    47104 |    81 sps | ret     4.40 | succ 0.22 | mean_lvl 22.2 | max_lvl 24 | cur 3/9 pb 0.0 | focus (372,120) f=0.93 | kl +0.0079 | ent 2.928
upd   24 | step    49152 |    81 sps | ret     6.20 | succ 0.31 | mean_lvl 22.3 | max_lvl 24 | cur 3/9 pb 0.0 | focus (372,120) f=0.99 | kl +0.0028 | ent 2.930
upd   25 | step    51200 |    81 sps | ret     5.00 | succ 0.25 | mean_lvl 22.1 | max_lvl 24 | cur 3/9 pb 0.0 | focus (372,120) f=0.87 | kl +0.0027 | ent 2.982
upd   26 | step    53248 |    81 sps | ret     6.20 | succ 0.31 | mean_lvl 22.3 | max_lvl 24 | cur 3/9 pb 0.0 | focus (372,120) f=0.99 | kl +0.0016 | ent 2.984
upd   27 | step    55296 |    81 sps | ret     6.60 | succ 0.33 | mean_lvl 22.3 | max_lvl 24 | cur 3/9 pb 0.0 | focus (372,120) f=0.85 | kl +0.0021 | ent 3.125
upd   28 | step    57344 |    81 sps | ret     5.80 | succ 0.29 | mean_lvl 22.1 | max_lvl 24 | cur 3/9 pb 0.0 | focus (372,120) f=0.9 | kl +0.0022 | ent 3.140
upd   29 | step    59392 |    81 sps | ret     6.60 | succ 0.33 | mean_lvl 22.3 | max_lvl 24 | cur 3/9 pb 0.0 | focus (372,120) f=0.8 | kl +0.0016 | ent 3.026
upd   30 | step    61440 |    81 sps | ret     6.20 | succ 0.31 | mean_lvl 22.2 | max_lvl 24 | cur 3/9 pb 0.0 | focus (372,120) f=0.58 | kl +0.0036 | ent 3.020
upd   31 | step    63488 |    81 sps | ret     8.40 | succ 0.42 | mean_lvl 22.4 | max_lvl 24 | cur 3/9 pb 0.0 | focus (372,120) f=0.79 | kl +0.0029 | ent 2.976
upd   32 | step    65536 |    81 sps | ret     8.00 | succ 0.40 | mean_lvl 22.4 | max_lvl 24 | cur 3/9 pb 0.0 | focus (372,120) f=0.68 | kl +0.0036 | ent 2.968
upd   33 | step    67584 |    82 sps | ret     8.40 | succ 0.42 | mean_lvl 22.5 | max_lvl 24 | cur 5/9 pb 0.0 | focus (261,184) f=0.91 | kl +0.0027 | ent 2.896
upd   34 | step    69632 |    82 sps | ret     9.00 | succ 0.45 | mean_lvl 22.5 | max_lvl 24 | cur 3/9 pb 0.0 | focus (372,120) f=0.68 | kl +0.0010 | ent 2.855
upd   35 | step    71680 |    82 sps | ret     9.00 | succ 0.45 | mean_lvl 22.6 | max_lvl 24 | cur 3/9 pb 0.0 | focus (372,120) f=0.67 | kl +0.0016 | ent 2.774
upd   36 | step    73728 |    82 sps | ret    11.00 | succ 0.55 | mean_lvl 22.8 | max_lvl 24 | cur 3/9 pb 0.0 | focus (372,120) f=0.67 | kl +0.0019 | ent 2.692
upd   37 | step    75776 |    82 sps | ret     7.80 | succ 0.39 | mean_lvl 22.4 | max_lvl 24 | cur 3/9 pb 0.0 | focus (372,120) f=0.58 | kl +0.0024 | ent 2.606
upd   38 | step    77824 |    82 sps | ret     8.40 | succ 0.42 | mean_lvl 22.4 | max_lvl 24 | cur 3/9 pb 0.0 | focus (372,120) f=0.74 | kl +0.0055 | ent 2.526
upd   39 | step    79872 |    82 sps | ret     8.80 | succ 0.44 | mean_lvl 22.7 | max_lvl 24 | cur 5/9 pb 0.0 | focus (261,184) f=0.88 | kl +0.0034 | ent 2.353
upd   40 | step    81920 |    83 sps | ret    12.40 | succ 0.62 | mean_lvl 23.0 | max_lvl 24 | cur 5/9 pb 0.0 | focus (261,184) f=0.85 | kl +0.0029 | ent 2.202
upd   41 | step    83968 |    83 sps | ret     9.40 | succ 0.47 | mean_lvl 22.7 | max_lvl 24 | cur 3/9 pb 0.0 | focus (372,120) f=0.64 | kl +0.0025 | ent 2.116
upd   42 | step    86016 |    83 sps | ret    13.60 | succ 0.68 | mean_lvl 23.1 | max_lvl 24 | cur 3/9 pb 0.0 | focus (372,120) f=0.31 | kl +0.0046 | ent 1.961
upd   43 | step    88064 |    83 sps | ret     9.80 | succ 0.49 | mean_lvl 22.9 | max_lvl 24 | cur 5/9 pb 0.0 | focus (261,184) f=0.93 | kl +0.0026 | ent 1.833
upd   44 | step    90112 |    83 sps | ret    12.60 | succ 0.63 | mean_lvl 23.1 | max_lvl 24 | cur 5/9 pb 0.0 | focus (261,184) f=0.92 | kl +0.0025 | ent 1.713
upd   45 | step    92160 |    83 sps | ret    14.60 | succ 0.73 | mean_lvl 23.3 | max_lvl 24 | cur 3/9 pb 0.0 | focus (372,120) f=0.17 | kl -0.0001 | ent 1.653
upd   46 | step    94208 |    83 sps | ret    12.00 | succ 0.60 | mean_lvl 23.1 | max_lvl 24 | cur 3/9 pb 0.0 | focus (372,120) f=0.2 | kl +0.0019 | ent 1.549
upd   47 | step    96256 |    84 sps | ret    12.00 | succ 0.60 | mean_lvl 23.1 | max_lvl 24 | cur 3/9 pb 0.0 | focus (372,120) f=0.21 | kl +0.0043 | ent 1.432
upd   48 | step    98304 |    84 sps | ret    13.80 | succ 0.69 | mean_lvl 23.3 | max_lvl 24 | cur 5/9 pb 0.0 | focus (261,184) f=0.86 | kl +0.0024 | ent 1.310
upd   49 | step   100352 |    84 sps | ret     9.00 | succ 0.45 | mean_lvl 22.9 | max_lvl 24 | cur 6/9 pb 0.0 | focus (240,184) f=1.0 | kl +0.0076 | ent 1.322
upd   50 | step   102400 |    84 sps | ret     7.80 | succ 0.39 | mean_lvl 22.8 | max_lvl 24 | cur 6/9 pb 0.0 | focus (240,184) f=1.0 | kl +0.0068 | ent 1.468
saved checkpoints/L23\ppo_102400.pt
upd   51 | step   104448 |    84 sps | ret     7.60 | succ 0.38 | mean_lvl 22.7 | max_lvl 24 | cur 7/9 pb 0.0 | focus (240,184) f=0.99 | kl +0.0148 | ent 1.432
upd   52 | step   106496 |    84 sps | ret    10.60 | succ 0.53 | mean_lvl 23.0 | max_lvl 24 | cur 6/9 pb 0.0 | focus (240,184) f=1.0 | kl +0.0064 | ent 1.386
upd   53 | step   108544 |    84 sps | ret     8.40 | succ 0.42 | mean_lvl 22.8 | max_lvl 24 | cur 6/9 pb 0.0 | focus (240,184) f=1.0 | kl +0.0044 | ent 1.288
upd   54 | step   110592 |    84 sps | ret     9.20 | succ 0.46 | mean_lvl 22.9 | max_lvl 24 | cur 6/9 pb 0.0 | focus (240,184) f=0.99 | kl +0.0043 | ent 1.219
upd   55 | step   112640 |    84 sps | ret     8.00 | succ 0.40 | mean_lvl 22.7 | max_lvl 24 | cur 7/9 pb 0.0 | focus (240,184) f=1.0 | kl +0.0010 | ent 1.197
upd   56 | step   114688 |    84 sps | ret     7.80 | succ 0.39 | mean_lvl 22.8 | max_lvl 24 | cur 7/9 pb 0.0 | focus (240,184) f=1.0 | kl +0.0050 | ent 1.162
upd   57 | step   116736 |    84 sps | ret     9.00 | succ 0.45 | mean_lvl 22.9 | max_lvl 24 | cur 6/9 pb 0.0 | focus (240,184) f=1.0 | kl +0.0034 | ent 1.156
upd   58 | step   118784 |    84 sps | ret     7.60 | succ 0.38 | mean_lvl 22.8 | max_lvl 24 | cur 6/9 pb 0.0 | focus (240,184) f=1.0 | kl +0.0031 | ent 1.147
upd   59 | step   120832 |    84 sps | ret     9.20 | succ 0.46 | mean_lvl 22.8 | max_lvl 24 | cur 6/9 pb 0.0 | focus (240,184) f=1.0 | kl +0.0043 | ent 1.107
upd   60 | step   122880 |    84 sps | ret     8.80 | succ 0.44 | mean_lvl 22.9 | max_lvl 24 | cur 6/9 pb 0.0 | focus (240,184) f=1.0 | kl +0.0028 | ent 1.112
upd   61 | step   124928 |    84 sps | ret    10.80 | succ 0.54 | mean_lvl 23.1 | max_lvl 24 | cur 6/9 pb 0.0 | focus (240,184) f=1.0 | kl +0.0032 | ent 1.076
upd   62 | step   126976 |    84 sps | ret     8.40 | succ 0.42 | mean_lvl 22.8 | max_lvl 24 | cur 6/9 pb 0.0 | focus (240,184) f=1.0 | kl +0.0035 | ent 1.099
upd   63 | step   129024 |    84 sps | ret     8.20 | succ 0.41 | mean_lvl 22.8 | max_lvl 24 | cur 6/9 pb 0.0 | focus (240,184) f=1.0 | kl +0.0041 | ent 1.072
upd   64 | step   131072 |    84 sps | ret     8.80 | succ 0.44 | mean_lvl 22.9 | max_lvl 24 | cur 7/9 pb 0.0 | focus (240,184) f=1.0 | kl +0.0052 | ent 1.048
upd   65 | step   133120 |    84 sps | ret     8.00 | succ 0.40 | mean_lvl 22.8 | max_lvl 24 | cur 6/9 pb 0.0 | focus (240,184) f=1.0 | kl +0.0002 | ent 1.052
upd   66 | step   135168 |    84 sps | ret     7.80 | succ 0.39 | mean_lvl 22.8 | max_lvl 24 | cur 6/9 pb 0.0 | focus (240,184) f=1.0 | kl +0.0015 | ent 0.977
upd   67 | step   137216 |    84 sps | ret     8.80 | succ 0.44 | mean_lvl 22.9 | max_lvl 24 | cur 6/9 pb 0.0 | focus (240,184) f=1.0 | kl +0.0029 | ent 0.970
upd   68 | step   139264 |    84 sps | ret     8.00 | succ 0.40 | mean_lvl 22.8 | max_lvl 24 | cur 7/9 pb 0.0 | focus (240,184) f=1.0 | kl +0.0063 | ent 0.980
upd   69 | step   141312 |    84 sps | ret     9.40 | succ 0.47 | mean_lvl 22.9 | max_lvl 24 | cur 6/9 pb 0.0 | focus (240,184) f=1.0 | kl +0.0012 | ent 0.953
upd   70 | step   143360 |    84 sps | ret     7.20 | succ 0.36 | mean_lvl 22.7 | max_lvl 24 | cur 7/9 pb 0.0 | focus (240,184) f=1.0 | kl +0.0019 | ent 0.932
upd   71 | step   145408 |    84 sps | ret     8.20 | succ 0.41 | mean_lvl 22.8 | max_lvl 24 | cur 7/9 pb 0.0 | focus (240,184) f=1.0 | kl +0.0033 | ent 0.908
upd   72 | step   147456 |    84 sps | ret     7.20 | succ 0.36 | mean_lvl 22.7 | max_lvl 24 | cur 6/9 pb 0.0 | focus (240,184) f=1.0 | kl +0.0030 | ent 0.785
upd   73 | step   149504 |    84 sps | ret     7.80 | succ 0.39 | mean_lvl 22.8 | max_lvl 24 | cur 6/9 pb 0.0 | focus (240,184) f=1.0 | kl +0.0024 | ent 0.870
upd   74 | step   151552 |    84 sps | ret     8.60 | succ 0.43 | mean_lvl 22.8 | max_lvl 24 | cur 7/9 pb 0.0 | focus (240,184) f=1.0 | kl +0.0055 | ent 0.902
upd   75 | step   153600 |    84 sps | ret     6.40 | succ 0.32 | mean_lvl 22.6 | max_lvl 24 | cur 6/9 pb 0.0 | focus (240,184) f=1.0 | kl +0.0033 | ent 0.984
upd   76 | step   155648 |    84 sps | ret     8.00 | succ 0.40 | mean_lvl 22.8 | max_lvl 24 | cur 6/9 pb 0.0 | focus (240,184) f=1.0 | kl +0.0061 | ent 1.073
upd   77 | step   157696 |    84 sps | ret     7.80 | succ 0.39 | mean_lvl 22.8 | max_lvl 24 | cur 7/9 pb 0.0 | focus (240,184) f=1.0 | kl +0.0034 | ent 1.107
upd   78 | step   159744 |    84 sps | ret     5.40 | succ 0.27 | mean_lvl 22.5 | max_lvl 24 | cur 7/9 pb 0.0 | focus (240,184) f=1.0 | kl +0.0041 | ent 1.085
upd   79 | step   161792 |    84 sps | ret     5.80 | succ 0.29 | mean_lvl 22.6 | max_lvl 24 | cur 6/9 pb 0.0 | focus (240,184) f=1.0 | kl +0.0041 | ent 1.163
upd   80 | step   163840 |    84 sps | ret     7.60 | succ 0.38 | mean_lvl 22.7 | max_lvl 24 | cur 6/9 pb 0.0 | focus (240,184) f=1.0 | kl +0.0069 | ent 1.252
upd   81 | step   165888 |    84 sps | ret     7.60 | succ 0.38 | mean_lvl 22.7 | max_lvl 24 | cur 7/9 pb 0.0 | focus (240,184) f=1.0 | kl +0.0023 | ent 1.240
upd   82 | step   167936 |    84 sps | ret     6.00 | succ 0.30 | mean_lvl 22.6 | max_lvl 24 | cur 6/9 pb 0.0 | focus (240,184) f=1.0 | kl +0.0071 | ent 1.185
upd   83 | step   169984 |    84 sps | ret     6.80 | succ 0.34 | mean_lvl 22.7 | max_lvl 24 | cur 7/9 pb 0.0 | focus (240,184) f=1.0 | kl +0.0079 | ent 1.337
upd   84 | step   172032 |    84 sps | ret     7.00 | succ 0.35 | mean_lvl 22.7 | max_lvl 24 | cur 6/9 pb 0.0 | focus (240,184) f=1.0 | kl +0.0124 | ent 1.327
upd   85 | step   174080 |    84 sps | ret     6.80 | succ 0.34 | mean_lvl 22.7 | max_lvl 24 | cur 7/9 pb 0.0 | focus (240,184) f=1.0 | kl +0.0077 | ent 1.420
upd   86 | step   176128 |    84 sps | ret     5.40 | succ 0.27 | mean_lvl 22.5 | max_lvl 24 | cur 6/9 pb 0.0 | focus (240,184) f=1.0 | kl +0.0042 | ent 1.418
upd   87 | step   178176 |    84 sps | ret     8.80 | succ 0.44 | mean_lvl 22.9 | max_lvl 24 | cur 6/9 pb 0.0 | focus (240,184) f=1.0 | kl +0.0059 | ent 1.436
upd   88 | step   180224 |    84 sps | ret     6.80 | succ 0.34 | mean_lvl 22.7 | max_lvl 24 | cur 7/9 pb 0.0 | focus (240,184) f=1.0 | kl +0.0022 | ent 1.287
upd   89 | step   182272 |    84 sps | ret     6.80 | succ 0.34 | mean_lvl 22.7 | max_lvl 24 | cur 7/9 pb 0.0 | focus (240,184) f=1.0 | kl +0.0061 | ent 1.376
upd   90 | step   184320 |    84 sps | ret     7.40 | succ 0.37 | mean_lvl 22.7 | max_lvl 24 | cur 6/9 pb 0.0 | focus (240,184) f=1.0 | kl +0.0053 | ent 1.395
upd   91 | step   186368 |    84 sps | ret     6.80 | succ 0.34 | mean_lvl 22.7 | max_lvl 24 | cur 6/9 pb 0.0 | focus (240,184) f=1.0 | kl +0.0132 | ent 1.350
upd   92 | step   188416 |    84 sps | ret     6.80 | succ 0.34 | mean_lvl 22.7 | max_lvl 24 | cur 6/9 pb 0.0 | focus (240,184) f=1.0 | kl +0.0034 | ent 1.386
upd   93 | step   190464 |    84 sps | ret     7.00 | succ 0.35 | mean_lvl 22.7 | max_lvl 24 | cur 6/9 pb 0.0 | focus (240,184) f=1.0 | kl +0.0040 | ent 1.439
upd   94 | step   192512 |    84 sps | ret     6.40 | succ 0.32 | mean_lvl 22.6 | max_lvl 24 | cur 6/9 pb 0.0 | focus (240,184) f=1.0 | kl +0.0070 | ent 1.364
upd   95 | step   194560 |    84 sps | ret     5.00 | succ 0.25 | mean_lvl 22.5 | max_lvl 24 | cur 6/9 pb 0.0 | focus (240,184) f=1.0 | kl +0.0044 | ent 1.203
upd   96 | step   196608 |    84 sps | ret     6.80 | succ 0.34 | mean_lvl 22.7 | max_lvl 24 | cur 6/9 pb 0.0 | focus (240,184) f=1.0 | kl +0.0093 | ent 1.268
upd   97 | step   198656 |    84 sps | ret     5.60 | succ 0.28 | mean_lvl 22.6 | max_lvl 24 | cur 6/9 pb 0.0 | focus (240,184) f=1.0 | kl +0.0023 | ent 1.112
upd   98 | step   200704 |    84 sps | ret     5.80 | succ 0.29 | mean_lvl 22.6 | max_lvl 24 | cur 6/9 pb 0.0 | focus (240,184) f=1.0 | kl +0.0055 | ent 1.090
upd   99 | step   202752 |    84 sps | ret     5.20 | succ 0.26 | mean_lvl 22.5 | max_lvl 24 | cur 7/9 pb 0.0 | focus (240,184) f=1.0 | kl +0.0036 | ent 1.025
upd  100 | step   204800 |    84 sps | ret     6.00 | succ 0.30 | mean_lvl 22.6 | max_lvl 24 | cur 6/9 pb 0.0 | focus (240,184) f=1.0 | kl +0.0035 | ent 1.015
saved checkpoints/L23\ppo_204800.pt
upd  101 | step   206848 |    84 sps | ret     6.00 | succ 0.30 | mean_lvl 22.6 | max_lvl 24 | cur 6/9 pb 0.0 | focus (240,184) f=1.0 | kl +0.0197 | ent 0.878
upd  102 | step   208896 |    84 sps | ret     6.00 | succ 0.30 | mean_lvl 22.6 | max_lvl 24 | cur 6/9 pb 0.0 | focus (240,184) f=1.0 | kl +0.0138 | ent 1.082
upd  103 | step   210944 |    84 sps | ret     5.60 | succ 0.28 | mean_lvl 22.5 | max_lvl 24 | cur 6/9 pb 0.0 | focus (240,184) f=1.0 | kl +0.0148 | ent 0.962
upd  104 | step   212992 |    84 sps | ret     6.80 | succ 0.34 | mean_lvl 22.7 | max_lvl 24 | cur 6/9 pb 0.0 | focus (240,184) f=1.0 | kl +0.0090 | ent 0.924
upd  105 | step   215040 |    84 sps | ret     6.80 | succ 0.34 | mean_lvl 22.7 | max_lvl 24 | cur 6/9 pb 0.0 | focus (240,184) f=1.0 | kl +0.0247 | ent 0.957
upd  106 | step   217088 |    84 sps | ret     5.40 | succ 0.27 | mean_lvl 22.5 | max_lvl 24 | cur 7/9 pb 0.0 | focus (240,184) f=1.0 | kl +0.0126 | ent 0.800
upd  107 | step   219136 |    84 sps | ret     6.40 | succ 0.32 | mean_lvl 22.6 | max_lvl 24 | cur 7/9 pb 0.0 | focus (240,184) f=1.0 | kl +0.0130 | ent 0.809
upd  108 | step   221184 |    84 sps | ret     5.40 | succ 0.27 | mean_lvl 22.5 | max_lvl 24 | cur 7/9 pb 0.0 | focus (240,184) f=1.0 | kl +0.0020 | ent 0.632
upd  109 | step   223232 |    84 sps | ret     5.80 | succ 0.29 | mean_lvl 22.6 | max_lvl 24 | cur 6/9 pb 0.0 | focus (240,184) f=1.0 | kl +0.0227 | ent 0.566
upd  110 | step   225280 |    84 sps | ret     6.60 | succ 0.33 | mean_lvl 22.7 | max_lvl 24 | cur 6/9 pb 0.0 | focus (240,184) f=1.0 | kl +0.0025 | ent 0.482
upd  111 | step   227328 |    84 sps | ret     7.00 | succ 0.35 | mean_lvl 22.7 | max_lvl 24 | cur 6/9 pb 0.0 | focus (240,184) f=1.0 | kl +0.0053 | ent 0.556
upd  112 | step   229376 |    84 sps | ret     5.60 | succ 0.28 | mean_lvl 22.6 | max_lvl 24 | cur 6/9 pb 0.0 | focus (240,184) f=1.0 | kl +0.0110 | ent 0.570
upd  113 | step   231424 |    84 sps | ret     5.40 | succ 0.27 | mean_lvl 22.5 | max_lvl 24 | cur 6/9 pb 0.0 | focus (240,184) f=1.0 | kl +0.0028 | ent 0.584
upd  114 | step   233472 |    84 sps | ret     5.80 | succ 0.29 | mean_lvl 22.6 | max_lvl 24 | cur 6/9 pb 0.0 | focus (240,184) f=1.0 | kl +0.0062 | ent 0.586
upd  115 | step   235520 |    84 sps | ret     4.80 | succ 0.24 | mean_lvl 22.5 | max_lvl 24 | cur 6/9 pb 0.0 | focus (240,184) f=1.0 | kl +0.0017 | ent 0.483
upd  116 | step   237568 |    84 sps | ret     6.20 | succ 0.31 | mean_lvl 22.6 | max_lvl 24 | cur 6/9 pb 0.0 | focus (240,184) f=1.0 | kl +0.0043 | ent 0.403
upd  117 | step   239616 |    84 sps | ret     5.80 | succ 0.29 | mean_lvl 22.6 | max_lvl 24 | cur 6/9 pb 0.0 | focus (240,184) f=1.0 | kl +0.0021 | ent 0.354
upd  118 | step   241664 |    84 sps | ret     4.80 | succ 0.24 | mean_lvl 22.5 | max_lvl 24 | cur 6/9 pb 0.0 | focus (240,184) f=1.0 | kl +0.0037 | ent 0.315
upd  119 | step   243712 |    83 sps | ret     4.00 | succ 0.20 | mean_lvl 22.4 | max_lvl 24 | cur 7/9 pb 0.0 | focus (240,184) f=1.0 | kl +0.0008 | ent 0.411
upd  120 | step   245760 |    83 sps | ret     6.00 | succ 0.30 | mean_lvl 22.6 | max_lvl 24 | cur 6/9 pb 0.0 | focus (240,184) f=1.0 | kl +0.0046 | ent 0.422
upd  121 | step   247808 |    83 sps | ret     6.80 | succ 0.34 | mean_lvl 22.7 | max_lvl 24 | cur 6/9 pb 0.0 | focus (240,184) f=1.0 | kl +0.0107 | ent 0.405
upd  122 | step   249856 |    83 sps | ret     5.40 | succ 0.27 | mean_lvl 22.5 | max_lvl 24 | cur 6/9 pb 0.0 | focus (240,184) f=1.0 | kl +0.0001 | ent 0.349
upd  123 | step   251904 |    83 sps | ret     4.40 | succ 0.22 | mean_lvl 22.4 | max_lvl 24 | cur 6/9 pb 0.0 | focus (240,184) f=1.0 | kl +0.0005 | ent 0.292
upd  124 | step   253952 |    83 sps | ret     7.20 | succ 0.36 | mean_lvl 22.7 | max_lvl 24 | cur 6/9 pb 0.0 | focus (240,184) f=1.0 | kl +0.0010 | ent 0.275
upd  125 | step   256000 |    83 sps | ret     5.60 | succ 0.28 | mean_lvl 22.6 | max_lvl 24 | cur 6/9 pb 0.0 | focus (240,184) f=1.0 | kl +0.0020 | ent 0.240
upd  126 | step   258048 |    83 sps | ret     6.20 | succ 0.31 | mean_lvl 22.6 | max_lvl 24 | cur 6/9 pb 0.0 | focus (240,184) f=1.0 | kl +0.0034 | ent 0.227
upd  127 | step   260096 |    83 sps | ret     5.80 | succ 0.29 | mean_lvl 22.6 | max_lvl 24 | cur 6/9 pb 0.0 | focus (240,184) f=1.0 | kl +0.0097 | ent 0.171
upd  128 | step   262144 |    83 sps | ret     6.00 | succ 0.30 | mean_lvl 22.6 | max_lvl 24 | cur 6/9 pb 0.0 | focus (240,184) f=1.0 | kl +0.0026 | ent 0.129
upd  129 | step   264192 |    83 sps | ret     6.00 | succ 0.30 | mean_lvl 22.6 | max_lvl 24 | cur 6/9 pb 0.0 | focus (240,184) f=1.0 | kl +0.0005 | ent 0.093
upd  130 | step   266240 |    83 sps | ret     5.60 | succ 0.28 | mean_lvl 22.6 | max_lvl 24 | cur 6/9 pb 0.0 | focus (240,184) f=1.0 | kl +0.0005 | ent 0.096
upd  131 | step   268288 |    83 sps | ret     5.40 | succ 0.27 | mean_lvl 22.5 | max_lvl 24 | cur 6/9 pb 0.0 | focus (240,184) f=1.0 | kl +0.0013 | ent 0.099
upd  132 | step   270336 |    83 sps | ret     6.40 | succ 0.32 | mean_lvl 22.6 | max_lvl 24 | cur 6/9 pb 0.0 | focus (240,184) f=1.0 | kl +0.0002 | ent 0.092
upd  133 | step   272384 |    83 sps | ret     6.20 | succ 0.31 | mean_lvl 22.6 | max_lvl 24 | cur 6/9 pb 0.0 | focus (240,184) f=1.0 | kl +0.0043 | ent 0.073
upd  134 | step   274432 |    83 sps | ret     4.80 | succ 0.24 | mean_lvl 22.5 | max_lvl 24 | cur 6/9 pb 0.0 | focus (240,184) f=1.0 | kl +0.0002 | ent 0.054
upd  135 | step   276480 |    83 sps | ret     7.00 | succ 0.35 | mean_lvl 22.7 | max_lvl 24 | cur 6/9 pb 0.0 | focus (240,184) f=1.0 | kl +0.0002 | ent 0.044
upd  136 | step   278528 |    82 sps | ret     5.80 | succ 0.29 | mean_lvl 22.6 | max_lvl 24 | cur 6/9 pb 0.0 | focus (240,184) f=1.0 | kl -0.0001 | ent 0.036
upd  137 | step   280576 |    82 sps | ret     4.40 | succ 0.22 | mean_lvl 22.4 | max_lvl 24 | cur 6/9 pb 0.0 | focus (240,184) f=1.0 | kl +0.0003 | ent 0.032
upd  138 | step   282624 |    82 sps | ret     5.00 | succ 0.25 | mean_lvl 22.5 | max_lvl 24 | cur 6/9 pb 0.0 | focus (240,184) f=1.0 | kl +0.0000 | ent 0.034
upd  139 | step   284672 |    82 sps | ret     5.20 | succ 0.26 | mean_lvl 22.5 | max_lvl 24 | cur 6/9 pb 0.0 | focus (240,184) f=1.0 | kl +0.0000 | ent 0.030
upd  140 | step   286720 |    82 sps | ret     5.40 | succ 0.27 | mean_lvl 22.5 | max_lvl 24 | cur 6/9 pb 0.0 | focus (240,184) f=1.0 | kl +0.0004 | ent 0.030
upd  141 | step   288768 |    82 sps | ret     7.00 | succ 0.35 | mean_lvl 22.7 | max_lvl 24 | cur 6/9 pb 0.0 | focus (240,184) f=1.0 | kl +0.0008 | ent 0.025
upd  142 | step   290816 |    82 sps | ret     5.00 | succ 0.25 | mean_lvl 22.5 | max_lvl 24 | cur 7/9 pb 0.0 | focus (240,184) f=1.0 | kl +0.0002 | ent 0.019
upd  143 | step   292864 |    82 sps | ret     6.80 | succ 0.34 | mean_lvl 22.7 | max_lvl 24 | cur 6/9 pb 0.0 | focus (240,184) f=1.0 | kl +0.0003 | ent 0.017
upd  144 | step   294912 |    82 sps | ret     5.20 | succ 0.26 | mean_lvl 22.5 | max_lvl 24 | cur 6/9 pb 0.0 | focus (240,184) f=1.0 | kl +0.0013 | ent 0.025
upd  145 | step   296960 |    82 sps | ret     5.40 | succ 0.27 | mean_lvl 22.5 | max_lvl 24 | cur 6/9 pb 0.0 | focus (240,184) f=1.0 | kl +0.0004 | ent 0.049
upd  146 | step   299008 |    82 sps | ret     7.20 | succ 0.36 | mean_lvl 22.7 | max_lvl 24 | cur 6/9 pb 0.0 | focus (240,184) f=1.0 | kl -0.0000 | ent 0.033
upd  147 | step   301056 |    82 sps | ret     5.60 | succ 0.28 | mean_lvl 22.6 | max_lvl 24 | cur 6/9 pb 0.0 | focus (240,184) f=1.0 | kl +0.0013 | ent 0.024
upd  148 | step   303104 |    82 sps | ret     5.80 | succ 0.29 | mean_lvl 22.6 | max_lvl 24 | cur 6/9 pb 0.0 | focus (240,184) f=1.0 | kl -0.0004 | ent 0.023
upd  149 | step   305152 |    82 sps | ret     5.00 | succ 0.25 | mean_lvl 22.5 | max_lvl 24 | cur 6/9 pb 0.0 | focus (240,184) f=1.0 | kl +0.0014 | ent 0.015
upd  150 | step   307200 |    82 sps | ret     6.20 | succ 0.31 | mean_lvl 22.6 | max_lvl 24 | cur 6/9 pb 0.0 | focus (240,184) f=1.0 | kl +0.0001 | ent 0.012
saved checkpoints/L23\ppo_307200.pt
upd  151 | step   309248 |    82 sps | ret     4.00 | succ 0.20 | mean_lvl 22.4 | max_lvl 24 | cur 6/9 pb 0.0 | focus (240,184) f=1.0 | kl +0.0000 | ent 0.012
upd  152 | step   311296 |    82 sps | ret     7.80 | succ 0.39 | mean_lvl 22.8 | max_lvl 24 | cur 6/9 pb 0.0 | focus (240,184) f=1.0 | kl +0.0002 | ent 0.011
upd  153 | step   313344 |    82 sps | ret     4.00 | succ 0.20 | mean_lvl 22.4 | max_lvl 24 | cur 6/9 pb 0.0 | focus (240,184) f=1.0 | kl +0.0004 | ent 0.011
upd  154 | step   315392 |    82 sps | ret     6.00 | succ 0.30 | mean_lvl 22.6 | max_lvl 24 | cur 7/9 pb 0.0 | focus (240,184) f=1.0 | kl +0.0003 | ent 0.013
upd  155 | step   317440 |    82 sps | ret     5.80 | succ 0.29 | mean_lvl 22.6 | max_lvl 24 | cur 6/9 pb 0.0 | focus (240,184) f=1.0 | kl +0.0001 | ent 0.011
upd  156 | step   319488 |    82 sps | ret     7.00 | succ 0.35 | mean_lvl 22.7 | max_lvl 24 | cur 6/9 pb 0.0 | focus (240,184) f=1.0 | kl +0.0000 | ent 0.009
upd  157 | step   321536 |    82 sps | ret     4.80 | succ 0.24 | mean_lvl 22.5 | max_lvl 24 | cur 6/9 pb 0.0 | focus (240,184) f=1.0 | kl +0.0009 | ent 0.007
upd  158 | step   323584 |    82 sps | ret     4.20 | succ 0.21 | mean_lvl 22.4 | max_lvl 24 | cur 6/9 pb 0.0 | focus (240,184) f=1.0 | kl +0.0002 | ent 0.006
upd  159 | step   325632 |    81 sps | ret     6.20 | succ 0.31 | mean_lvl 22.6 | max_lvl 24 | cur 6/9 pb 0.0 | focus (240,184) f=1.0 | kl +0.0002 | ent 0.006
upd  160 | step   327680 |    81 sps | ret     6.20 | succ 0.31 | mean_lvl 22.6 | max_lvl 24 | cur 6/9 pb 0.0 | focus (240,184) f=1.0 | kl +0.0000 | ent 0.005
upd  161 | step   329728 |    81 sps | ret     5.00 | succ 0.25 | mean_lvl 22.5 | max_lvl 24 | cur 6/9 pb 0.0 | focus (240,184) f=1.0 | kl +0.0003 | ent 0.005
upd  162 | step   331776 |    81 sps | ret     5.80 | succ 0.29 | mean_lvl 22.6 | max_lvl 24 | cur 6/9 pb 0.0 | focus (240,184) f=1.0 | kl -0.0000 | ent 0.004
upd  163 | step   333824 |    81 sps | ret     5.60 | succ 0.28 | mean_lvl 22.6 | max_lvl 24 | cur 6/9 pb 0.0 | focus (240,184) f=1.0 | kl +0.0003 | ent 0.004
upd  164 | step   335872 |    81 sps | ret     5.40 | succ 0.27 | mean_lvl 22.5 | max_lvl 24 | cur 7/9 pb 0.0 | focus (240,184) f=1.0 | kl +0.0001 | ent 0.004
upd  165 | step   337920 |    81 sps | ret     4.40 | succ 0.22 | mean_lvl 22.4 | max_lvl 24 | cur 6/9 pb 0.0 | focus (240,184) f=1.0 | kl -0.0000 | ent 0.003
upd  166 | step   339968 |    81 sps | ret     3.80 | succ 0.19 | mean_lvl 22.4 | max_lvl 24 | cur 6/9 pb 0.0 | focus (240,184) f=1.0 | kl +0.0006 | ent 0.003
upd  167 | step   342016 |    81 sps | ret     6.40 | succ 0.32 | mean_lvl 22.6 | max_lvl 24 | cur 6/9 pb 0.0 | focus (240,184) f=1.0 | kl -0.0000 | ent 0.003
upd  168 | step   344064 |    81 sps | ret     5.20 | succ 0.26 | mean_lvl 22.5 | max_lvl 24 | cur 6/9 pb 0.0 | focus (240,184) f=1.0 | kl +0.0004 | ent 0.004
upd  169 | step   346112 |    81 sps | ret     5.40 | succ 0.27 | mean_lvl 22.5 | max_lvl 24 | cur 6/9 pb 0.0 | focus (240,184) f=1.0 | kl +0.0010 | ent 0.004
upd  170 | step   348160 |    81 sps | ret     6.20 | succ 0.31 | mean_lvl 22.6 | max_lvl 24 | cur 6/9 pb 0.0 | focus (240,184) f=1.0 | kl +0.0000 | ent 0.003
upd  171 | step   350208 |    81 sps | ret     5.00 | succ 0.25 | mean_lvl 22.5 | max_lvl 24 | cur 6/9 pb 0.0 | focus (240,184) f=1.0 | kl +0.0000 | ent 0.003
upd  172 | step   352256 |    81 sps | ret     5.00 | succ 0.25 | mean_lvl 22.5 | max_lvl 24 | cur 7/9 pb 0.0 | focus (240,184) f=1.0 | kl +0.0003 | ent 0.004
upd  173 | step   354304 |    81 sps | ret     5.40 | succ 0.27 | mean_lvl 22.5 | max_lvl 24 | cur 6/9 pb 0.0 | focus (240,184) f=1.0 | kl +0.0007 | ent 0.003
upd  174 | step   356352 |    81 sps | ret     6.80 | succ 0.34 | mean_lvl 22.7 | max_lvl 24 | cur 6/9 pb 0.0 | focus (240,184) f=1.0 | kl +0.0000 | ent 0.003
upd  175 | step   358400 |    81 sps | ret     4.80 | succ 0.24 | mean_lvl 22.5 | max_lvl 24 | cur 6/9 pb 0.0 | focus (240,184) f=1.0 | kl +0.0003 | ent 0.003
upd  176 | step   360448 |    81 sps | ret     6.40 | succ 0.32 | mean_lvl 22.6 | max_lvl 24 | cur 6/9 pb 0.0 | focus (240,184) f=1.0 | kl +0.0003 | ent 0.002
upd  177 | step   362496 |    81 sps | ret     4.80 | succ 0.24 | mean_lvl 22.5 | max_lvl 24 | cur 6/9 pb 0.0 | focus (240,184) f=1.0 | kl -0.0000 | ent 0.002
upd  178 | step   364544 |    81 sps | ret     5.80 | succ 0.29 | mean_lvl 22.6 | max_lvl 24 | cur 6/9 pb 0.0 | focus (240,184) f=1.0 | kl +0.0000 | ent 0.002
upd  179 | step   366592 |    81 sps | ret     6.40 | succ 0.32 | mean_lvl 22.6 | max_lvl 24 | cur 6/9 pb 0.0 | focus (240,184) f=1.0 | kl +0.0002 | ent 0.002
upd  180 | step   368640 |    81 sps | ret     5.00 | succ 0.25 | mean_lvl 22.5 | max_lvl 24 | cur 6/9 pb 0.0 | focus (240,184) f=1.0 | kl +0.0002 | ent 0.002
upd  181 | step   370688 |    81 sps | ret     5.80 | succ 0.29 | mean_lvl 22.6 | max_lvl 24 | cur 6/9 pb 0.0 | focus (240,184) f=1.0 | kl +0.0000 | ent 0.002
upd  182 | step   372736 |    81 sps | ret     4.80 | succ 0.24 | mean_lvl 22.5 | max_lvl 24 | cur 6/9 pb 0.0 | focus (240,184) f=1.0 | kl +0.0006 | ent 0.004
upd  183 | step   374784 |    81 sps | ret     6.80 | succ 0.34 | mean_lvl 22.7 | max_lvl 24 | cur 6/9 pb 0.0 | focus (240,184) f=1.0 | kl +0.0149 | ent 0.008
upd  184 | step   376832 |    81 sps | ret     5.00 | succ 0.25 | mean_lvl 22.5 | max_lvl 24 | cur 6/9 pb 0.0 | focus (240,184) f=1.0 | kl +0.0003 | ent 0.003
upd  185 | step   378880 |    81 sps | ret     6.00 | succ 0.30 | mean_lvl 22.6 | max_lvl 24 | cur 6/9 pb 0.0 | focus (240,184) f=1.0 | kl +0.0002 | ent 0.003
upd  186 | step   380928 |    81 sps | ret     6.00 | succ 0.30 | mean_lvl 22.6 | max_lvl 24 | cur 6/9 pb 0.0 | focus (240,184) f=1.0 | kl +0.0002 | ent 0.002
upd  187 | step   382976 |    81 sps | ret     4.60 | succ 0.23 | mean_lvl 22.5 | max_lvl 24 | cur 6/9 pb 0.0 | focus (240,184) f=1.0 | kl -0.0000 | ent 0.002
upd  188 | step   385024 |    81 sps | ret     6.60 | succ 0.33 | mean_lvl 22.7 | max_lvl 24 | cur 6/9 pb 0.0 | focus (240,184) f=1.0 | kl +0.0003 | ent 0.002
upd  189 | step   387072 |    81 sps | ret     6.20 | succ 0.31 | mean_lvl 22.6 | max_lvl 24 | cur 6/9 pb 0.0 | focus (240,184) f=1.0 | kl -0.0000 | ent 0.002
upd  190 | step   389120 |    81 sps | ret     5.60 | succ 0.28 | mean_lvl 22.6 | max_lvl 24 | cur 6/9 pb 0.0 | focus (240,184) f=1.0 | kl -0.0000 | ent 0.002
upd  191 | step   391168 |    80 sps | ret     4.60 | succ 0.23 | mean_lvl 22.5 | max_lvl 24 | cur 6/9 pb 0.0 | focus (240,184) f=1.0 | kl +0.0014 | ent 0.002
upd  192 | step   393216 |    80 sps | ret     6.80 | succ 0.34 | mean_lvl 22.7 | max_lvl 24 | cur 6/9 pb 0.0 | focus (240,184) f=1.0 | kl +0.0006 | ent 0.008
upd  193 | step   395264 |    80 sps | ret     4.00 | succ 0.20 | mean_lvl 22.4 | max_lvl 24 | cur 6/9 pb 0.0 | focus (240,184) f=1.0 | kl +0.0805 | ent 0.016
upd  194 | step   397312 |    80 sps | ret     2.40 | succ 0.12 | mean_lvl 22.2 | max_lvl 24 | cur 6/9 pb 0.0 | focus (240,184) f=1.0 | kl +0.4028 | ent 0.044
upd  195 | step   399360 |    80 sps | ret     6.80 | succ 0.34 | mean_lvl 22.7 | max_lvl 24 | cur 7/9 pb 0.0 | focus (240,184) f=1.0 | kl +0.0030 | ent 0.004
upd  196 | step   401408 |    80 sps | ret     5.60 | succ 0.28 | mean_lvl 22.6 | max_lvl 24 | cur 6/9 pb 0.0 | focus (240,184) f=1.0 | kl +0.0001 | ent 0.001
upd  197 | step   403456 |    80 sps | ret     5.60 | succ 0.28 | mean_lvl 22.6 | max_lvl 24 | cur 6/9 pb 0.0 | focus (240,184) f=1.0 | kl +0.0003 | ent 0.001
upd  198 | step   405504 |    80 sps | ret     6.20 | succ 0.31 | mean_lvl 22.6 | max_lvl 24 | cur 6/9 pb 0.0 | focus (240,184) f=1.0 | kl +0.0000 | ent 0.002
upd  199 | step   407552 |    80 sps | ret     4.00 | succ 0.20 | mean_lvl 22.4 | max_lvl 24 | cur 6/9 pb 0.0 | focus (240,184) f=1.0 | kl -0.0000 | ent 0.002
upd  200 | step   409600 |    80 sps | ret     6.60 | succ 0.33 | mean_lvl 22.7 | max_lvl 24 | cur 6/9 pb 0.0 | focus (240,184) f=1.0 | kl -0.0000 | ent 0.002
saved checkpoints/L23\ppo_409600.pt
upd  201 | step   411648 |    80 sps | ret     6.80 | succ 0.34 | mean_lvl 22.7 | max_lvl 24 | cur 6/9 pb 0.0 | focus (240,184) f=1.0 | kl -0.0000 | ent 0.001
upd  202 | step   413696 |    80 sps | ret     6.00 | succ 0.30 | mean_lvl 22.6 | max_lvl 24 | cur 6/9 pb 0.0 | focus (240,184) f=1.0 | kl +0.0003 | ent 0.002
upd  203 | step   415744 |    80 sps | ret     5.80 | succ 0.29 | mean_lvl 22.6 | max_lvl 24 | cur 6/9 pb 0.0 | focus (240,184) f=1.0 | kl +0.0002 | ent 0.001
upd  204 | step   417792 |    80 sps | ret     5.80 | succ 0.29 | mean_lvl 22.6 | max_lvl 24 | cur 6/9 pb 0.0 | focus (240,184) f=1.0 | kl -0.0000 | ent 0.001
upd  205 | step   419840 |    80 sps | ret     6.40 | succ 0.32 | mean_lvl 22.6 | max_lvl 24 | cur 6/9 pb 0.0 | focus (240,184) f=1.0 | kl +0.0000 | ent 0.001
upd  206 | step   421888 |    80 sps | ret     4.80 | succ 0.24 | mean_lvl 22.5 | max_lvl 24 | cur 6/9 pb 0.0 | focus (240,184) f=1.0 | kl +0.0004 | ent 0.001
upd  207 | step   423936 |    80 sps | ret     6.20 | succ 0.31 | mean_lvl 22.6 | max_lvl 24 | cur 6/9 pb 0.0 | focus (240,184) f=1.0 | kl +0.0004 | ent 0.001
upd  208 | step   425984 |    80 sps | ret     5.20 | succ 0.26 | mean_lvl 22.5 | max_lvl 24 | cur 6/9 pb 0.0 | focus (240,184) f=1.0 | kl +0.0000 | ent 0.001
upd  209 | step   428032 |    80 sps | ret     6.40 | succ 0.32 | mean_lvl 22.6 | max_lvl 24 | cur 6/9 pb 0.0 | focus (240,184) f=1.0 | kl -0.0000 | ent 0.001
upd  210 | step   430080 |    80 sps | ret     5.00 | succ 0.25 | mean_lvl 22.5 | max_lvl 24 | cur 6/9 pb 0.0 | focus (240,184) f=1.0 | kl +0.0000 | ent 0.001
upd  211 | step   432128 |    80 sps | ret     5.00 | succ 0.25 | mean_lvl 22.5 | max_lvl 24 | cur 6/9 pb 0.0 | focus (240,184) f=1.0 | kl -0.0000 | ent 0.001
upd  212 | step   434176 |    80 sps | ret     6.20 | succ 0.31 | mean_lvl 22.6 | max_lvl 24 | cur 6/9 pb 0.0 | focus (240,184) f=1.0 | kl +0.0000 | ent 0.001
upd  213 | step   436224 |    80 sps | ret     4.80 | succ 0.24 | mean_lvl 22.5 | max_lvl 24 | cur 6/9 pb 0.0 | focus (240,184) f=1.0 | kl +0.0004 | ent 0.001
upd  214 | step   438272 |    80 sps | ret     6.20 | succ 0.31 | mean_lvl 22.6 | max_lvl 24 | cur 6/9 pb 0.0 | focus (240,184) f=1.0 | kl +0.0003 | ent 0.001
upd  215 | step   440320 |    80 sps | ret     3.60 | succ 0.18 | mean_lvl 22.4 | max_lvl 24 | cur 6/9 pb 0.0 | focus (240,184) f=1.0 | kl -0.0000 | ent 0.001
upd  216 | step   442368 |    80 sps | ret     7.40 | succ 0.37 | mean_lvl 22.7 | max_lvl 24 | cur 6/9 pb 0.0 | focus (240,184) f=1.0 | kl +0.0000 | ent 0.001
upd  217 | step   444416 |    80 sps | ret     5.80 | succ 0.29 | mean_lvl 22.6 | max_lvl 24 | cur 6/9 pb 0.0 | focus (240,184) f=1.0 | kl +0.0003 | ent 0.001
upd  218 | step   446464 |    80 sps | ret     6.40 | succ 0.32 | mean_lvl 22.6 | max_lvl 24 | cur 6/9 pb 0.0 | focus (240,184) f=1.0 | kl +0.0002 | ent 0.002
upd  219 | step   448512 |    80 sps | ret     6.60 | succ 0.33 | mean_lvl 22.7 | max_lvl 24 | cur 6/9 pb 0.0 | focus (240,184) f=1.0 | kl +0.0000 | ent 0.002
upd  220 | step   450560 |    80 sps | ret     5.20 | succ 0.26 | mean_lvl 22.5 | max_lvl 24 | cur 6/9 pb 0.0 | focus (240,184) f=1.0 | kl +0.0000 | ent 0.002
upd  221 | step   452608 |    80 sps | ret     6.00 | succ 0.30 | mean_lvl 22.6 | max_lvl 24 | cur 6/9 pb 0.0 | focus (240,184) f=1.0 | kl +0.0003 | ent 0.001
upd  222 | step   454656 |    80 sps | ret     4.80 | succ 0.24 | mean_lvl 22.5 | max_lvl 24 | cur 6/9 pb 0.0 | focus (240,184) f=1.0 | kl +0.0003 | ent 0.001
upd  223 | step   456704 |    80 sps | ret     5.80 | succ 0.29 | mean_lvl 22.6 | max_lvl 24 | cur 6/9 pb 0.0 | focus (240,184) f=1.0 | kl -0.0000 | ent 0.001
upd  224 | step   458752 |    80 sps | ret     5.40 | succ 0.27 | mean_lvl 22.5 | max_lvl 24 | cur 6/9 pb 0.0 | focus (240,184) f=1.0 | kl +0.0000 | ent 0.001
upd  225 | step   460800 |    80 sps | ret     5.80 | succ 0.29 | mean_lvl 22.6 | max_lvl 24 | cur 6/9 pb 0.0 | focus (240,184) f=1.0 | kl -0.0000 | ent 0.001
upd  226 | step   462848 |    80 sps | ret     5.60 | succ 0.28 | mean_lvl 22.6 | max_lvl 24 | cur 6/9 pb 0.0 | focus (240,184) f=1.0 | kl +0.0000 | ent 0.001
upd  227 | step   464896 |    80 sps | ret     5.60 | succ 0.28 | mean_lvl 22.6 | max_lvl 24 | cur 6/9 pb 0.0 | focus (240,184) f=1.0 | kl +0.0000 | ent 0.001
upd  228 | step   466944 |    80 sps | ret     4.60 | succ 0.23 | mean_lvl 22.5 | max_lvl 24 | cur 6/9 pb 0.0 | focus (240,184) f=1.0 | kl +0.0000 | ent 0.001
upd  229 | step   468992 |    80 sps | ret     5.60 | succ 0.28 | mean_lvl 22.6 | max_lvl 24 | cur 6/9 pb 0.0 | focus (240,184) f=1.0 | kl +0.0000 | ent 0.001
upd  230 | step   471040 |    80 sps | ret     5.20 | succ 0.26 | mean_lvl 22.5 | max_lvl 24 | cur 6/9 pb 0.0 | focus (240,184) f=1.0 | kl +0.0000 | ent 0.001
upd  231 | step   473088 |    80 sps | ret     5.20 | succ 0.26 | mean_lvl 22.5 | max_lvl 24 | cur 6/9 pb 0.0 | focus (240,184) f=1.0 | kl +0.0000 | ent 0.001
upd  232 | step   475136 |    80 sps | ret     5.60 | succ 0.28 | mean_lvl 22.6 | max_lvl 24 | cur 6/9 pb 0.0 | focus (240,184) f=1.0 | kl +0.0000 | ent 0.001
upd  233 | step   477184 |    80 sps | ret     6.00 | succ 0.30 | mean_lvl 22.6 | max_lvl 24 | cur 6/9 pb 0.0 | focus (240,184) f=1.0 | kl +0.0003 | ent 0.001
upd  234 | step   479232 |    80 sps | ret     5.00 | succ 0.25 | mean_lvl 22.5 | max_lvl 24 | cur 7/9 pb 0.0 | focus (240,184) f=1.0 | kl -0.0000 | ent 0.001
upd  235 | step   481280 |    80 sps | ret     5.80 | succ 0.29 | mean_lvl 22.6 | max_lvl 24 | cur 7/9 pb 0.0 | focus (240,184) f=1.0 | kl -0.0000 | ent 0.001
upd  236 | step   483328 |    79 sps | ret     6.00 | succ 0.30 | mean_lvl 22.6 | max_lvl 24 | cur 6/9 pb 0.0 | focus (240,184) f=1.0 | kl +0.0000 | ent 0.001
upd  237 | step   485376 |    79 sps | ret     5.60 | succ 0.28 | mean_lvl 22.6 | max_lvl 24 | cur 6/9 pb 0.0 | focus (240,184) f=1.0 | kl -0.0000 | ent 0.001
upd  238 | step   487424 |    79 sps | ret     5.60 | succ 0.28 | mean_lvl 22.6 | max_lvl 24 | cur 6/9 pb 0.0 | focus (240,184) f=1.0 | kl -0.0000 | ent 0.001
upd  239 | step   489472 |    79 sps | ret     3.80 | succ 0.19 | mean_lvl 22.4 | max_lvl 24 | cur 6/9 pb 0.0 | focus (240,184) f=1.0 | kl +0.0000 | ent 0.001
upd  240 | step   491520 |    79 sps | ret     6.40 | succ 0.32 | mean_lvl 22.6 | max_lvl 24 | cur 6/9 pb 0.0 | focus (240,184) f=1.0 | kl +0.0003 | ent 0.001
upd  241 | step   493568 |    79 sps | ret     5.60 | succ 0.28 | mean_lvl 22.6 | max_lvl 24 | cur 6/9 pb 0.0 | focus (240,184) f=1.0 | kl -0.0000 | ent 0.001
upd  242 | step   495616 |    79 sps | ret     5.20 | succ 0.26 | mean_lvl 22.5 | max_lvl 24 | cur 6/9 pb 0.0 | focus (240,184) f=1.0 | kl +0.0000 | ent 0.001
upd  243 | step   497664 |    79 sps | ret     5.20 | succ 0.26 | mean_lvl 22.5 | max_lvl 24 | cur 6/9 pb 0.0 | focus (240,184) f=1.0 | kl -0.0000 | ent 0.001
upd  244 | step   499712 |    79 sps | ret     4.80 | succ 0.24 | mean_lvl 22.5 | max_lvl 24 | cur 6/9 pb 0.0 | focus (240,184) f=1.0 | kl +0.0000 | ent 0.001
upd  245 | step   501760 |    79 sps | ret     6.80 | succ 0.34 | mean_lvl 22.7 | max_lvl 24 | cur 6/9 pb 0.0 | focus (240,184) f=1.0 | kl +0.0000 | ent 0.001
upd  246 | step   503808 |    79 sps | ret     6.80 | succ 0.34 | mean_lvl 22.7 | max_lvl 24 | cur 6/9 pb 0.0 | focus (240,184) f=1.0 | kl +0.0005 | ent 0.001
upd  247 | step   505856 |    79 sps | ret     5.20 | succ 0.26 | mean_lvl 22.5 | max_lvl 24 | cur 6/9 pb 0.0 | focus (240,184) f=1.0 | kl +0.0000 | ent 0.001
upd  248 | step   507904 |    79 sps | ret     6.00 | succ 0.30 | mean_lvl 22.6 | max_lvl 24 | cur 6/9 pb 0.0 | focus (240,184) f=1.0 | kl +0.0000 | ent 0.001
upd  249 | step   509952 |    79 sps | ret     5.80 | succ 0.29 | mean_lvl 22.6 | max_lvl 24 | cur 6/9 pb 0.0 | focus (240,184) f=1.0 | kl +0.0000 | ent 0.001
upd  250 | step   512000 |    79 sps | ret     5.20 | succ 0.26 | mean_lvl 22.5 | max_lvl 24 | cur 6/9 pb 0.0 | focus (240,184) f=1.0 | kl +0.0993 | ent 0.025
saved checkpoints/L23\ppo_512000.pt
upd  251 | step   514048 |    79 sps | ret     4.20 | succ 0.21 | mean_lvl 22.1 | max_lvl 24 | cur 6/9 pb 0.0 | focus (240,184) f=1.0 | kl +0.1678 | ent 0.105
upd  252 | step   516096 |    79 sps | ret     4.80 | succ 0.24 | mean_lvl 22.4 | max_lvl 24 | cur 6/9 pb 0.0 | focus (240,184) f=1.0 | kl +0.0251 | ent 0.084
upd  253 | step   518144 |    79 sps | ret     6.20 | succ 0.31 | mean_lvl 22.6 | max_lvl 24 | cur 6/9 pb 0.0 | focus (240,184) f=1.0 | kl +0.0291 | ent 0.008
upd  254 | step   520192 |    79 sps | ret     4.40 | succ 0.22 | mean_lvl 22.4 | max_lvl 24 | cur 6/9 pb 0.0 | focus (240,184) f=1.0 | kl +0.0001 | ent 0.001
upd  255 | step   522240 |    79 sps | ret     5.40 | succ 0.27 | mean_lvl 22.5 | max_lvl 24 | cur 6/9 pb 0.0 | focus (240,184) f=1.0 | kl -0.0000 | ent 0.001
upd  256 | step   524288 |    79 sps | ret     6.00 | succ 0.30 | mean_lvl 22.6 | max_lvl 24 | cur 6/9 pb 0.0 | focus (240,184) f=1.0 | kl +0.0000 | ent 0.001
upd  257 | step   526336 |    79 sps | ret     6.20 | succ 0.31 | mean_lvl 22.6 | max_lvl 24 | cur 6/9 pb 0.0 | focus (240,184) f=1.0 | kl -0.0000 | ent 0.001
upd  258 | step   528384 |    79 sps | ret     5.40 | succ 0.27 | mean_lvl 22.5 | max_lvl 24 | cur 6/9 pb 0.0 | focus (240,184) f=1.0 | kl +0.0003 | ent 0.001
upd  259 | step   530432 |    79 sps | ret     5.80 | succ 0.29 | mean_lvl 22.6 | max_lvl 24 | cur 6/9 pb 0.0 | focus (240,184) f=1.0 | kl -0.0000 | ent 0.001
upd  260 | step   532480 |    79 sps | ret     4.60 | succ 0.23 | mean_lvl 22.5 | max_lvl 24 | cur 6/9 pb 0.0 | focus (240,184) f=1.0 | kl +0.0000 | ent 0.001
upd  261 | step   534528 |    79 sps | ret     4.60 | succ 0.23 | mean_lvl 22.5 | max_lvl 24 | cur 6/9 pb 0.0 | focus (240,184) f=1.0 | kl -0.0000 | ent 0.001
upd  262 | step   536576 |    79 sps | ret     5.40 | succ 0.27 | mean_lvl 22.5 | max_lvl 24 | cur 6/9 pb 0.0 | focus (240,184) f=1.0 | kl +0.0000 | ent 0.001
upd  263 | step   538624 |    79 sps | ret     5.60 | succ 0.28 | mean_lvl 22.6 | max_lvl 24 | cur 6/9 pb 0.0 | focus (240,184) f=1.0 | kl +0.0000 | ent 0.001
upd  264 | step   540672 |    79 sps | ret     6.60 | succ 0.33 | mean_lvl 22.7 | max_lvl 24 | cur 6/9 pb 0.0 | focus (240,184) f=1.0 | kl +0.0000 | ent 0.001
upd  265 | step   542720 |    79 sps | ret     5.80 | succ 0.29 | mean_lvl 22.6 | max_lvl 24 | cur 6/9 pb 0.0 | focus (240,184) f=1.0 | kl +0.0000 | ent 0.001
upd  266 | step   544768 |    79 sps | ret     4.40 | succ 0.22 | mean_lvl 22.4 | max_lvl 24 | cur 6/9 pb 0.0 | focus (240,184) f=1.0 | kl +0.0000 | ent 0.001
upd  267 | step   546816 |    79 sps | ret     3.00 | succ 0.15 | mean_lvl 22.3 | max_lvl 24 | cur 6/9 pb 0.0 | focus (240,184) f=1.0 | kl -0.0000 | ent 0.001
upd  268 | step   548864 |    79 sps | ret     6.20 | succ 0.31 | mean_lvl 22.6 | max_lvl 24 | cur 6/9 pb 0.0 | focus (240,184) f=1.0 | kl +0.0000 | ent 0.001
upd  269 | step   550912 |    79 sps | ret     5.20 | succ 0.26 | mean_lvl 22.5 | max_lvl 24 | cur 7/9 pb 0.0 | focus (240,184) f=1.0 | kl +0.0004 | ent 0.001
upd  270 | step   552960 |    79 sps | ret     4.80 | succ 0.24 | mean_lvl 22.5 | max_lvl 24 | cur 6/9 pb 0.0 | focus (240,184) f=1.0 | kl -0.0000 | ent 0.001
upd  271 | step   555008 |    79 sps | ret     4.60 | succ 0.23 | mean_lvl 22.5 | max_lvl 24 | cur 6/9 pb 0.0 | focus (240,184) f=1.0 | kl +0.0000 | ent 0.001
upd  272 | step   557056 |    79 sps | ret     5.00 | succ 0.25 | mean_lvl 22.5 | max_lvl 24 | cur 6/9 pb 0.0 | focus (240,184) f=1.0 | kl +0.0000 | ent 0.001
upd  273 | step   559104 |    79 sps | ret     4.40 | succ 0.22 | mean_lvl 22.4 | max_lvl 24 | cur 6/9 pb 0.0 | focus (240,184) f=1.0 | kl -0.0000 | ent 0.001
upd  274 | step   561152 |    79 sps | ret     6.80 | succ 0.34 | mean_lvl 22.7 | max_lvl 24 | cur 6/9 pb 0.0 | focus (240,184) f=1.0 | kl +0.0000 | ent 0.001
upd  275 | step   563200 |    79 sps | ret     4.40 | succ 0.22 | mean_lvl 22.4 | max_lvl 24 | cur 6/9 pb 0.0 | focus (240,184) f=1.0 | kl +0.0000 | ent 0.001
upd  276 | step   565248 |    79 sps | ret     4.40 | succ 0.22 | mean_lvl 22.4 | max_lvl 24 | cur 6/9 pb 0.0 | focus (240,184) f=1.0 | kl +0.0000 | ent 0.001
upd  277 | step   567296 |    79 sps | ret     6.20 | succ 0.31 | mean_lvl 22.6 | max_lvl 24 | cur 6/9 pb 0.0 | focus (240,184) f=1.0 | kl +0.0002 | ent 0.002
upd  278 | step   569344 |    79 sps | ret     4.40 | succ 0.22 | mean_lvl 22.4 | max_lvl 24 | cur 6/9 pb 0.0 | focus (240,184) f=1.0 | kl +0.0038 | ent 0.005
upd  279 | step   571392 |    79 sps | ret     4.80 | succ 0.24 | mean_lvl 22.5 | max_lvl 24 | cur 6/9 pb 0.0 | focus (240,184) f=1.0 | kl +0.0000 | ent 0.001
upd  280 | step   573440 |    79 sps | ret     5.60 | succ 0.28 | mean_lvl 22.6 | max_lvl 24 | cur 6/9 pb 0.0 | focus (240,184) f=1.0 | kl +0.1293 | ent 0.024
upd  281 | step   575488 |    79 sps | ret     5.40 | succ 0.27 | mean_lvl 22.5 | max_lvl 24 | cur 6/9 pb 0.0 | focus (240,184) f=1.0 | kl +1.0847 | ent 0.031
upd  282 | step   577536 |    79 sps | ret     6.00 | succ 0.30 | mean_lvl 22.6 | max_lvl 24 | cur 6/9 pb 0.0 | focus (240,184) f=1.0 | kl -0.0000 | ent 0.002
upd  283 | step   579584 |    79 sps | ret     6.60 | succ 0.33 | mean_lvl 22.7 | max_lvl 24 | cur 6/9 pb 0.0 | focus (240,184) f=1.0 | kl +0.0000 | ent 0.003
upd  284 | step   581632 |    79 sps | ret     3.60 | succ 0.18 | mean_lvl 22.4 | max_lvl 24 | cur 6/9 pb 0.0 | focus (240,184) f=1.0 | kl -0.0001 | ent 0.002
upd  285 | step   583680 |    79 sps | ret     5.60 | succ 0.28 | mean_lvl 22.6 | max_lvl 24 | cur 6/9 pb 0.0 | focus (240,184) f=1.0 | kl -0.0000 | ent 0.001
upd  286 | step   585728 |    79 sps | ret     5.20 | succ 0.26 | mean_lvl 22.5 | max_lvl 24 | cur 6/9 pb 0.0 | focus (240,184) f=1.0 | kl +0.0000 | ent 0.001
upd  287 | step   587776 |    79 sps | ret     6.20 | succ 0.31 | mean_lvl 22.6 | max_lvl 24 | cur 6/9 pb 0.0 | focus (240,184) f=1.0 | kl +0.0014 | ent 0.001
upd  288 | step   589824 |    79 sps | ret     5.60 | succ 0.28 | mean_lvl 22.6 | max_lvl 24 | cur 6/9 pb 0.0 | focus (240,184) f=1.0 | kl +0.0008 | ent 0.001
upd  289 | step   591872 |    78 sps | ret     5.40 | succ 0.27 | mean_lvl 22.5 | max_lvl 24 | cur 6/9 pb 0.0 | focus (240,184) f=1.0 | kl +0.0000 | ent 0.001
upd  290 | step   593920 |    78 sps | ret     6.00 | succ 0.30 | mean_lvl 22.6 | max_lvl 24 | cur 6/9 pb 0.0 | focus (240,184) f=1.0 | kl +0.0000 | ent 0.001
upd  291 | step   595968 |    78 sps | ret     5.00 | succ 0.25 | mean_lvl 22.5 | max_lvl 24 | cur 6/9 pb 0.0 | focus (240,184) f=1.0 | kl +0.0000 | ent 0.001
upd  292 | step   598016 |    78 sps | ret     4.80 | succ 0.24 | mean_lvl 22.5 | max_lvl 24 | cur 6/9 pb 0.0 | focus (240,184) f=1.0 | kl +0.0000 | ent 0.001
upd  293 | step   600064 |    78 sps | ret     7.20 | succ 0.36 | mean_lvl 22.7 | max_lvl 24 | cur 6/9 pb 0.0 | focus (240,184) f=1.0 | kl +0.0000 | ent 0.001
upd  294 | step   602112 |    78 sps | ret     5.20 | succ 0.26 | mean_lvl 22.5 | max_lvl 24 | cur 6/9 pb 0.0 | focus (240,184) f=1.0 | kl +0.0000 | ent 0.001
upd  295 | step   604160 |    78 sps | ret     3.80 | succ 0.19 | mean_lvl 22.4 | max_lvl 24 | cur 7/9 pb 0.0 | focus (240,184) f=1.0 | kl -0.0000 | ent 0.001
upd  296 | step   606208 |    78 sps | ret     6.20 | succ 0.31 | mean_lvl 22.6 | max_lvl 24 | cur 7/9 pb 0.0 | focus (240,184) f=1.0 | kl +0.0000 | ent 0.001
upd  297 | step   608256 |    78 sps | ret     4.60 | succ 0.23 | mean_lvl 22.5 | max_lvl 24 | cur 6/9 pb 0.0 | focus (240,184) f=1.0 | kl +0.0000 | ent 0.001
upd  298 | step   610304 |    78 sps | ret     5.80 | succ 0.29 | mean_lvl 22.6 | max_lvl 24 | cur 6/9 pb 0.0 | focus (240,184) f=1.0 | kl +0.0000 | ent 0.001
upd  299 | step   612352 |    78 sps | ret     7.00 | succ 0.35 | mean_lvl 22.7 | max_lvl 24 | cur 6/9 pb 0.0 | focus (240,184) f=1.0 | kl -0.0001 | ent 0.001
upd  300 | step   614400 |    78 sps | ret     4.40 | succ 0.22 | mean_lvl 22.4 | max_lvl 24 | cur 6/9 pb 0.0 | focus (240,184) f=1.0 | kl +0.0000 | ent 0.001
saved checkpoints/L23\ppo_614400.pt
upd  301 | step   616448 |    78 sps | ret     5.40 | succ 0.27 | mean_lvl 22.5 | max_lvl 24 | cur 6/9 pb 0.0 | focus (240,184) f=1.0 | kl +0.0000 | ent 0.001
upd  302 | step   618496 |    78 sps | ret     6.40 | succ 0.32 | mean_lvl 22.6 | max_lvl 24 | cur 6/9 pb 0.0 | focus (240,184) f=1.0 | kl +0.0001 | ent 0.003
upd  303 | step   620544 |    78 sps | ret     4.80 | succ 0.24 | mean_lvl 22.5 | max_lvl 24 | cur 6/9 pb 0.0 | focus (240,184) f=1.0 | kl +0.0054 | ent 0.031
upd  304 | step   622592 |    78 sps | ret     6.80 | succ 0.34 | mean_lvl 22.7 | max_lvl 24 | cur 6/9 pb 0.0 | focus (240,184) f=1.0 | kl +0.0002 | ent 0.119
upd  305 | step   624640 |    78 sps | ret     6.20 | succ 0.31 | mean_lvl 22.6 | max_lvl 24 | cur 6/9 pb 0.0 | focus (240,184) f=1.0 | kl +0.0006 | ent 0.112
upd  306 | step   626688 |    78 sps | ret     6.40 | succ 0.32 | mean_lvl 22.6 | max_lvl 24 | cur 6/9 pb 0.0 | focus (240,184) f=1.0 | kl +0.0389 | ent 0.186
upd  307 | step   628736 |    78 sps | ret     5.80 | succ 0.29 | mean_lvl 22.5 | max_lvl 24 | cur 6/9 pb 0.0 | focus (240,184) f=1.0 | kl +0.0033 | ent 0.290
upd  308 | step   630784 |    78 sps | ret     5.00 | succ 0.25 | mean_lvl 22.5 | max_lvl 24 | cur 6/9 pb 0.0 | focus (240,184) f=1.0 | kl +0.0392 | ent 0.348
upd  309 | step   632832 |    78 sps | ret     5.20 | succ 0.26 | mean_lvl 22.4 | max_lvl 24 | cur 6/9 pb 0.0 | focus (240,184) f=1.0 | kl +0.0067 | ent 0.406
upd  310 | step   634880 |    78 sps | ret     6.00 | succ 0.30 | mean_lvl 22.4 | max_lvl 24 | cur 6/9 pb 0.0 | focus (240,184) f=1.0 | kl +0.0034 | ent 0.466
upd  311 | step   636928 |    78 sps | ret     4.60 | succ 0.23 | mean_lvl 22.2 | max_lvl 24 | cur 6/9 pb 0.0 | focus (240,184) f=1.0 | kl +0.0090 | ent 0.407
upd  312 | step   638976 |    78 sps | ret     4.60 | succ 0.23 | mean_lvl 22.3 | max_lvl 24 | cur 6/9 pb 0.0 | focus (240,184) f=1.0 | kl +0.0056 | ent 0.428
upd  313 | step   641024 |    78 sps | ret     6.00 | succ 0.30 | mean_lvl 22.3 | max_lvl 24 | cur 6/9 pb 0.0 | focus (240,184) f=1.0 | kl +0.0011 | ent 0.457
upd  314 | step   643072 |    78 sps | ret     6.40 | succ 0.32 | mean_lvl 22.4 | max_lvl 24 | cur 6/9 pb 0.0 | focus (240,184) f=1.0 | kl +0.0111 | ent 0.468
upd  315 | step   645120 |    78 sps | ret     5.60 | succ 0.28 | mean_lvl 22.4 | max_lvl 24 | cur 6/9 pb 0.0 | focus (240,184) f=1.0 | kl +0.0154 | ent 0.609
upd  316 | step   647168 |    78 sps | ret     6.60 | succ 0.33 | mean_lvl 22.5 | max_lvl 24 | cur 6/9 pb 0.0 | focus (240,184) f=1.0 | kl +0.0087 | ent 0.630
upd  317 | step   649216 |    78 sps | ret     4.20 | succ 0.21 | mean_lvl 22.1 | max_lvl 24 | cur 6/9 pb 0.0 | focus (240,184) f=1.0 | kl +0.0073 | ent 0.718
upd  318 | step   651264 |    78 sps | ret     4.20 | succ 0.21 | mean_lvl 22.3 | max_lvl 24 | cur 6/9 pb 0.0 | focus (240,184) f=1.0 | kl +0.0046 | ent 0.751
upd  319 | step   653312 |    78 sps | ret     8.20 | succ 0.41 | mean_lvl 22.7 | max_lvl 24 | cur 6/9 pb 0.0 | focus (240,184) f=1.0 | kl +0.0040 | ent 0.727
upd  320 | step   655360 |    78 sps | ret     6.60 | succ 0.33 | mean_lvl 22.6 | max_lvl 24 | cur 7/9 pb 0.0 | focus (240,184) f=1.0 | kl +0.0079 | ent 0.739
upd  321 | step   657408 |    78 sps | ret     5.80 | succ 0.29 | mean_lvl 22.5 | max_lvl 24 | cur 6/9 pb 0.0 | focus (240,184) f=1.0 | kl +0.0078 | ent 0.691
upd  322 | step   659456 |    78 sps | ret     4.80 | succ 0.24 | mean_lvl 22.4 | max_lvl 24 | cur 7/9 pb 0.0 | focus (240,184) f=1.0 | kl +0.0042 | ent 0.725
upd  323 | step   661504 |    78 sps | ret     6.00 | succ 0.30 | mean_lvl 22.5 | max_lvl 24 | cur 6/9 pb 0.0 | focus (240,184) f=1.0 | kl +0.0066 | ent 0.758
upd  324 | step   663552 |    78 sps | ret     6.00 | succ 0.30 | mean_lvl 22.5 | max_lvl 24 | cur 6/9 pb 0.0 | focus (240,184) f=1.0 | kl +0.0031 | ent 0.763
upd  325 | step   665600 |    78 sps | ret     5.00 | succ 0.25 | mean_lvl 22.4 | max_lvl 24 | cur 6/9 pb 0.0 | focus (240,184) f=1.0 | kl -0.0006 | ent 0.750
upd  326 | step   667648 |    78 sps | ret     5.20 | succ 0.26 | mean_lvl 22.5 | max_lvl 24 | cur 6/9 pb 0.0 | focus (240,184) f=1.0 | kl +0.0081 | ent 0.751
upd  327 | step   669696 |    78 sps | ret     5.80 | succ 0.29 | mean_lvl 22.4 | max_lvl 24 | cur 6/9 pb 0.0 | focus (240,184) f=1.0 | kl +0.0054 | ent 0.781
upd  328 | step   671744 |    78 sps | ret     4.60 | succ 0.23 | mean_lvl 22.3 | max_lvl 24 | cur 7/9 pb 0.0 | focus (240,184) f=1.0 | kl +0.0031 | ent 0.762
upd  329 | step   673792 |    78 sps | ret     5.20 | succ 0.26 | mean_lvl 22.4 | max_lvl 24 | cur 6/9 pb 0.0 | focus (240,184) f=1.0 | kl +0.0027 | ent 0.790
upd  330 | step   675840 |    78 sps | ret     5.60 | succ 0.28 | mean_lvl 22.4 | max_lvl 24 | cur 6/9 pb 0.0 | focus (240,184) f=1.0 | kl +0.0008 | ent 0.774
upd  331 | step   677888 |    78 sps | ret     5.00 | succ 0.25 | mean_lvl 22.4 | max_lvl 24 | cur 7/9 pb 0.0 | focus (240,184) f=1.0 | kl +0.0267 | ent 0.892
upd  332 | step   679936 |    78 sps | ret     6.20 | succ 0.31 | mean_lvl 22.5 | max_lvl 24 | cur 6/9 pb 0.0 | focus (240,184) f=0.99 | kl +0.0220 | ent 0.992
upd  333 | step   681984 |    78 sps | ret     9.60 | succ 0.48 | mean_lvl 22.8 | max_lvl 24 | cur 6/9 pb 0.0 | focus (240,184) f=0.78 | kl +0.0193 | ent 0.805
upd  334 | step   684032 |    79 sps | ret    10.20 | succ 0.51 | mean_lvl 22.9 | max_lvl 24 | cur 6/9 pb 0.0 | focus (240,184) f=0.53 | kl +0.0093 | ent 0.622
upd  335 | step   686080 |    79 sps | ret    12.00 | succ 0.60 | mean_lvl 23.1 | max_lvl 24 | cur 6/9 pb 0.0 | focus (240,184) f=0.56 | kl +0.0090 | ent 0.495
upd  336 | step   688128 |    79 sps | ret    14.40 | succ 0.72 | mean_lvl 23.4 | max_lvl 24 | cur 6/9 pb 0.0 | focus (240,184) f=0.31 | kl +0.0011 | ent 0.319
upd  337 | step   690176 |    79 sps | ret    14.40 | succ 0.72 | mean_lvl 23.4 | max_lvl 24 | cur 7/9 pb 0.0 | focus (269,288) f=1.0 | kl +0.0049 | ent 0.140
upd  338 | step   692224 |    79 sps | ret    16.60 | succ 0.83 | mean_lvl 23.7 | max_lvl 24 | cur 6/9 pb 0.0 | focus (240,184) f=0.02 | kl +0.0006 | ent 0.063
upd  339 | step   694272 |    79 sps | ret    16.40 | succ 0.82 | mean_lvl 23.6 | max_lvl 24 | cur 6/9 pb 0.0 | focus (240,184) f=0.0 | kl +0.0052 | ent 0.041
upd  340 | step   696320 |    79 sps | ret    15.40 | succ 0.77 | mean_lvl 23.5 | max_lvl 24 | cur 7/9 pb 0.0 | focus (269,288) f=1.0 | kl +0.0015 | ent 0.040
upd  341 | step   698368 |    79 sps | ret    15.40 | succ 0.77 | mean_lvl 23.5 | max_lvl 24 | cur 6/9 pb 0.0 | focus (240,184) f=0.07 | kl +0.0001 | ent 0.028
upd  342 | step   700416 |    79 sps | ret    15.60 | succ 0.78 | mean_lvl 23.6 | max_lvl 24 | cur 6/9 pb 0.0 | focus (240,184) f=0.0 | kl -0.0003 | ent 0.020
upd  343 | step   702464 |    79 sps | ret    15.60 | succ 0.78 | mean_lvl 23.6 | max_lvl 24 | cur 6/9 pb 0.0 | focus (240,184) f=0.0 | kl +0.0000 | ent 0.019
upd  344 | step   704512 |    79 sps | ret    15.00 | succ 0.75 | mean_lvl 23.5 | max_lvl 24 | cur 6/9 pb 0.0 | focus (240,184) f=0.0 | kl +0.0026 | ent 0.024
upd  345 | step   706560 |    79 sps | ret    11.60 | succ 0.58 | mean_lvl 23.2 | max_lvl 24 | cur 6/9 pb 0.0 | focus (372,120) f=0.52 | kl +0.2287 | ent 0.106
upd  346 | step   708608 |    79 sps | ret    17.60 | succ 0.88 | mean_lvl 23.8 | max_lvl 24 | cur 6/9 pb 0.0 | focus (372,120) f=0.04 | kl +0.0037 | ent 0.060
upd  347 | step   710656 |    79 sps | ret    16.80 | succ 0.84 | mean_lvl 23.7 | max_lvl 24 | cur 6/9 pb 0.0 | focus (261,184) f=0.01 | kl +0.0249 | ent 0.177
upd  348 | step   712704 |    79 sps | ret    13.60 | succ 0.68 | mean_lvl 23.3 | max_lvl 24 | cur 6/9 pb 0.0 | focus (261,184) f=0.09 | kl +0.0386 | ent 0.326
upd  349 | step   714752 |    79 sps | ret    15.60 | succ 0.78 | mean_lvl 23.6 | max_lvl 24 | cur 6/9 pb 0.0 | focus (372,120) f=0.01 | kl +0.0226 | ent 0.275
upd  350 | step   716800 |    79 sps | ret    15.60 | succ 0.78 | mean_lvl 23.6 | max_lvl 24 | cur 6/9 pb 0.0 | focus (372,120) f=0.07 | kl +0.0140 | ent 0.221
saved checkpoints/L23\ppo_716800.pt
upd  351 | step   718848 |    79 sps | ret    17.20 | succ 0.86 | mean_lvl 23.7 | max_lvl 24 | cur 7/9 pb 0.0 | focus (269,288) f=1.0 | kl +0.0063 | ent 0.277
upd  352 | step   720896 |    79 sps | ret    16.20 | succ 0.81 | mean_lvl 23.6 | max_lvl 24 | cur 6/9 pb 0.0 | focus (372,120) f=0.01 | kl +0.0032 | ent 0.287
upd  353 | step   722944 |    79 sps | ret    14.20 | succ 0.71 | mean_lvl 23.4 | max_lvl 24 | cur 6/9 pb 0.0 | focus (372,120) f=0.0 | kl +0.0082 | ent 0.381
upd  354 | step   724992 |    79 sps | ret    17.80 | succ 0.89 | mean_lvl 23.8 | max_lvl 24 | cur 6/9 pb 0.0 | focus (372,120) f=0.0 | kl +0.0079 | ent 0.502
upd  355 | step   727040 |    79 sps | ret    15.60 | succ 0.78 | mean_lvl 23.5 | max_lvl 24 | cur 6/9 pb 0.0 | focus (372,120) f=0.11 | kl +0.0179 | ent 0.565
upd  356 | step   729088 |    79 sps | ret    15.40 | succ 0.77 | mean_lvl 23.5 | max_lvl 24 | cur 6/9 pb 0.0 | focus (240,184) f=0.08 | kl +0.0150 | ent 0.486
upd  357 | step   731136 |    79 sps | ret    15.60 | succ 0.78 | mean_lvl 23.5 | max_lvl 24 | cur 6/9 pb 0.0 | focus (96,184) f=0.04 | kl +0.0084 | ent 0.434
upd  358 | step   733184 |    79 sps | ret    13.80 | succ 0.69 | mean_lvl 23.4 | max_lvl 24 | cur 6/9 pb 0.0 | focus (372,120) f=0.09 | kl +0.0090 | ent 0.417
upd  359 | step   735232 |    79 sps | ret    15.20 | succ 0.76 | mean_lvl 23.5 | max_lvl 24 | cur 6/9 pb 0.0 | focus (372,120) f=0.01 | kl +0.0108 | ent 0.467
upd  360 | step   737280 |    79 sps | ret    14.40 | succ 0.72 | mean_lvl 23.4 | max_lvl 24 | cur 6/9 pb 0.0 | focus (268,56) f=0.05 | kl +0.0188 | ent 0.546
upd  361 | step   739328 |    79 sps | ret    15.20 | succ 0.76 | mean_lvl 23.5 | max_lvl 24 | cur 6/9 pb 0.0 | focus (240,184) f=0.01 | kl +0.0128 | ent 0.412
upd  362 | step   741376 |    79 sps | ret    16.00 | succ 0.80 | mean_lvl 23.6 | max_lvl 24 | cur 6/9 pb 0.0 | focus (372,120) f=0.0 | kl +0.0019 | ent 0.452
upd  363 | step   743424 |    79 sps | ret    18.00 | succ 0.90 | mean_lvl 23.8 | max_lvl 24 | cur 6/9 pb 0.0 | focus (240,184) f=0.0 | kl +0.0029 | ent 0.437
upd  364 | step   745472 |    79 sps | ret    15.20 | succ 0.76 | mean_lvl 23.5 | max_lvl 24 | cur 6/9 pb 0.0 | focus (261,184) f=0.03 | kl +0.0025 | ent 0.437
upd  365 | step   747520 |    79 sps | ret    14.80 | succ 0.74 | mean_lvl 23.5 | max_lvl 24 | cur 6/9 pb 0.0 | focus (372,120) f=0.01 | kl +0.0065 | ent 0.464
upd  366 | step   749568 |    79 sps | ret    14.60 | succ 0.73 | mean_lvl 23.5 | max_lvl 24 | cur 7/9 pb 0.0 | focus (269,288) f=1.0 | kl +0.0089 | ent 0.450
upd  367 | step   751616 |    79 sps | ret    14.80 | succ 0.74 | mean_lvl 23.5 | max_lvl 24 | cur 6/9 pb 0.0 | focus (372,120) f=0.0 | kl +0.0156 | ent 0.495
upd  368 | step   753664 |    79 sps | ret    15.20 | succ 0.76 | mean_lvl 23.5 | max_lvl 24 | cur 7/9 pb 0.0 | focus (269,288) f=1.0 | kl +0.0137 | ent 0.585
upd  369 | step   755712 |    79 sps | ret    15.40 | succ 0.77 | mean_lvl 23.5 | max_lvl 24 | cur 6/9 pb 0.0 | focus (240,184) f=0.1 | kl +0.0132 | ent 0.591
upd  370 | step   757760 |    79 sps | ret    17.20 | succ 0.86 | mean_lvl 23.7 | max_lvl 24 | cur 6/9 pb 0.0 | focus (372,120) f=0.02 | kl +0.0059 | ent 0.576
upd  371 | step   759808 |    79 sps | ret    15.40 | succ 0.77 | mean_lvl 23.5 | max_lvl 24 | cur 6/9 pb 0.0 | focus (96,184) f=0.02 | kl +0.0166 | ent 0.581
upd  372 | step   761856 |    79 sps | ret    16.00 | succ 0.80 | mean_lvl 23.6 | max_lvl 24 | cur 6/9 pb 0.0 | focus (372,120) f=0.02 | kl +0.0078 | ent 0.474
upd  373 | step   763904 |    79 sps | ret    14.20 | succ 0.71 | mean_lvl 23.4 | max_lvl 24 | cur 6/9 pb 0.0 | focus (240,184) f=0.01 | kl +0.0210 | ent 0.417
upd  374 | step   765952 |    79 sps | ret    14.60 | succ 0.73 | mean_lvl 23.5 | max_lvl 24 | cur 6/9 pb 0.0 | focus (240,184) f=0.0 | kl +0.0174 | ent 0.175
upd  375 | step   768000 |    79 sps | ret    15.80 | succ 0.79 | mean_lvl 23.6 | max_lvl 24 | cur 7/9 pb 0.0 | focus (269,288) f=1.0 | kl +0.0031 | ent 0.132
upd  376 | step   770048 |    79 sps | ret    14.00 | succ 0.70 | mean_lvl 23.4 | max_lvl 24 | cur 6/9 pb 0.0 | focus (261,184) f=0.01 | kl +0.0016 | ent 0.148
upd  377 | step   772096 |    79 sps | ret    16.20 | succ 0.81 | mean_lvl 23.6 | max_lvl 24 | cur 7/9 pb 0.0 | focus (269,288) f=1.0 | kl +0.0048 | ent 0.090
upd  378 | step   774144 |    79 sps | ret    16.20 | succ 0.81 | mean_lvl 23.6 | max_lvl 24 | cur 6/9 pb 0.0 | focus (240,184) f=0.0 | kl +0.0082 | ent 0.052
upd  379 | step   776192 |    79 sps | ret    16.00 | succ 0.80 | mean_lvl 23.6 | max_lvl 24 | cur 6/9 pb 0.0 | focus (372,120) f=0.07 | kl +0.0036 | ent 0.072
upd  380 | step   778240 |    79 sps | ret    16.80 | succ 0.84 | mean_lvl 23.7 | max_lvl 24 | cur 6/9 pb 0.0 | focus (372,120) f=0.01 | kl +0.0024 | ent 0.088
upd  381 | step   780288 |    79 sps | ret    15.00 | succ 0.75 | mean_lvl 23.5 | max_lvl 24 | cur 6/9 pb 0.0 | focus (261,184) f=0.0 | kl +0.0016 | ent 0.104
upd  382 | step   782336 |    79 sps | ret    16.60 | succ 0.83 | mean_lvl 23.7 | max_lvl 24 | cur 6/9 pb 0.0 | focus (372,120) f=0.0 | kl +0.0065 | ent 0.057
upd  383 | step   784384 |    79 sps | ret    14.80 | succ 0.74 | mean_lvl 23.5 | max_lvl 24 | cur 6/9 pb 0.0 | focus (261,184) f=0.0 | kl +0.0006 | ent 0.037
upd  384 | step   786432 |    79 sps | ret    14.40 | succ 0.72 | mean_lvl 23.4 | max_lvl 24 | cur 6/9 pb 0.0 | focus (261,184) f=0.01 | kl +0.0022 | ent 0.025
upd  385 | step   788480 |    79 sps | ret    15.40 | succ 0.77 | mean_lvl 23.5 | max_lvl 24 | cur 6/9 pb 0.0 | focus (261,184) f=0.0 | kl +0.0012 | ent 0.020
upd  386 | step   790528 |    79 sps | ret    16.00 | succ 0.80 | mean_lvl 23.6 | max_lvl 24 | cur 6/9 pb 0.0 | focus (372,120) f=0.0 | kl +0.0010 | ent 0.014
upd  387 | step   792576 |    79 sps | ret    15.20 | succ 0.76 | mean_lvl 23.5 | max_lvl 24 | cur 6/9 pb 0.0 | focus (372,120) f=0.0 | kl +0.0011 | ent 0.011
upd  388 | step   794624 |    79 sps | ret    15.80 | succ 0.79 | mean_lvl 23.6 | max_lvl 24 | cur 7/9 pb 0.0 | focus (269,288) f=1.0 | kl +0.0002 | ent 0.011
upd  389 | step   796672 |    79 sps | ret    14.20 | succ 0.71 | mean_lvl 23.4 | max_lvl 24 | cur 7/9 pb 0.0 | focus (269,288) f=1.0 | kl +0.0005 | ent 0.010
upd  390 | step   798720 |    79 sps | ret    14.80 | succ 0.74 | mean_lvl 23.5 | max_lvl 24 | cur 6/9 pb 0.0 | focus (261,184) f=0.0 | kl +0.0002 | ent 0.008
upd  391 | step   800768 |    79 sps | ret    15.80 | succ 0.79 | mean_lvl 23.6 | max_lvl 24 | cur 6/9 pb 0.0 | focus (372,120) f=0.0 | kl +0.0005 | ent 0.008
upd  392 | step   802816 |    79 sps | ret    16.20 | succ 0.81 | mean_lvl 23.6 | max_lvl 24 | cur 7/9 pb 0.0 | focus (269,288) f=1.0 | kl +0.0000 | ent 0.008
upd  393 | step   804864 |    79 sps | ret    15.00 | succ 0.75 | mean_lvl 23.5 | max_lvl 24 | cur 6/9 pb 0.0 | focus (372,120) f=0.05 | kl +0.0010 | ent 0.008
upd  394 | step   806912 |    79 sps | ret    15.80 | succ 0.79 | mean_lvl 23.6 | max_lvl 24 | cur 7/9 pb 0.0 | focus (269,288) f=1.0 | kl +0.0000 | ent 0.007
upd  395 | step   808960 |    79 sps | ret    15.00 | succ 0.75 | mean_lvl 23.5 | max_lvl 24 | cur 6/9 pb 0.0 | focus (240,184) f=0.1 | kl +0.0012 | ent 0.006
upd  396 | step   811008 |    79 sps | ret    14.60 | succ 0.73 | mean_lvl 23.5 | max_lvl 24 | cur 7/9 pb 0.0 | focus (269,288) f=1.0 | kl +0.0002 | ent 0.006
upd  397 | step   813056 |    79 sps | ret    14.20 | succ 0.71 | mean_lvl 23.4 | max_lvl 24 | cur 6/9 pb 0.0 | focus (261,184) f=0.04 | kl +0.0010 | ent 0.005
upd  398 | step   815104 |    79 sps | ret    15.40 | succ 0.77 | mean_lvl 23.5 | max_lvl 24 | cur 6/9 pb 0.0 | focus (261,184) f=0.0 | kl +0.0000 | ent 0.005
upd  399 | step   817152 |    79 sps | ret    15.60 | succ 0.78 | mean_lvl 23.6 | max_lvl 24 | cur 6/9 pb 0.0 | focus (240,184) f=0.0 | kl +0.0004 | ent 0.004
upd  400 | step   819200 |    79 sps | ret    16.40 | succ 0.82 | mean_lvl 23.6 | max_lvl 24 | cur 6/9 pb 0.0 | focus (240,184) f=0.0 | kl +0.0003 | ent 0.004
saved checkpoints/L23\ppo_819200.pt
upd  401 | step   821248 |    79 sps | ret    15.40 | succ 0.77 | mean_lvl 23.5 | max_lvl 24 | cur 6/9 pb 0.0 | focus (261,184) f=0.0 | kl +0.0007 | ent 0.004
upd  402 | step   823296 |    79 sps | ret    15.40 | succ 0.77 | mean_lvl 23.5 | max_lvl 24 | cur 6/9 pb 0.0 | focus (240,184) f=0.0 | kl +0.0000 | ent 0.004
upd  403 | step   825344 |    79 sps | ret    14.40 | succ 0.72 | mean_lvl 23.4 | max_lvl 24 | cur 6/9 pb 0.0 | focus (261,184) f=0.0 | kl +0.0000 | ent 0.004
upd  404 | step   827392 |    79 sps | ret    15.20 | succ 0.76 | mean_lvl 23.5 | max_lvl 24 | cur 7/9 pb 0.0 | focus (269,288) f=1.0 | kl -0.0000 | ent 0.004
upd  405 | step   829440 |    79 sps | ret    15.40 | succ 0.77 | mean_lvl 23.5 | max_lvl 24 | cur 7/9 pb 0.0 | focus (269,288) f=1.0 | kl +0.0002 | ent 0.004
upd  406 | step   831488 |    79 sps | ret    14.60 | succ 0.73 | mean_lvl 23.5 | max_lvl 24 | cur 6/9 pb 0.0 | focus (261,184) f=0.0 | kl +0.0002 | ent 0.004
upd  407 | step   833536 |    79 sps | ret    15.40 | succ 0.77 | mean_lvl 23.5 | max_lvl 24 | cur 6/9 pb 0.0 | focus (261,184) f=0.0 | kl +0.0001 | ent 0.004
upd  408 | step   835584 |    79 sps | ret    15.20 | succ 0.76 | mean_lvl 23.5 | max_lvl 24 | cur 7/9 pb 0.0 | focus (269,288) f=1.0 | kl -0.0000 | ent 0.004
upd  409 | step   837632 |    79 sps | ret    15.60 | succ 0.78 | mean_lvl 23.6 | max_lvl 24 | cur 6/9 pb 0.0 | focus (240,184) f=0.0 | kl +0.0000 | ent 0.004
upd  410 | step   839680 |    79 sps | ret    14.60 | succ 0.73 | mean_lvl 23.5 | max_lvl 24 | cur 6/9 pb 0.0 | focus (240,184) f=0.0 | kl +0.0000 | ent 0.004
upd  411 | step   841728 |    79 sps | ret    14.20 | succ 0.71 | mean_lvl 23.4 | max_lvl 24 | cur 7/9 pb 0.0 | focus (269,288) f=1.0 | kl +0.0002 | ent 0.004
upd  412 | step   843776 |    79 sps | ret    14.00 | succ 0.70 | mean_lvl 23.4 | max_lvl 24 | cur 7/9 pb 0.0 | focus (269,288) f=1.0 | kl +0.0000 | ent 0.004
upd  413 | step   845824 |    79 sps | ret    14.00 | succ 0.70 | mean_lvl 23.4 | max_lvl 24 | cur 6/9 pb 0.0 | focus (240,184) f=0.0 | kl +0.0002 | ent 0.004
upd  414 | step   847872 |    79 sps | ret    15.60 | succ 0.78 | mean_lvl 23.6 | max_lvl 24 | cur 7/9 pb 0.0 | focus (269,288) f=1.0 | kl -0.0000 | ent 0.004
upd  415 | step   849920 |    79 sps | ret    14.60 | succ 0.73 | mean_lvl 23.5 | max_lvl 24 | cur 6/9 pb 0.0 | focus (261,184) f=0.0 | kl +0.0000 | ent 0.004
upd  416 | step   851968 |    79 sps | ret    15.20 | succ 0.76 | mean_lvl 23.5 | max_lvl 24 | cur 6/9 pb 0.0 | focus (261,184) f=0.0 | kl +0.0000 | ent 0.004
upd  417 | step   854016 |    79 sps | ret    15.60 | succ 0.78 | mean_lvl 23.6 | max_lvl 24 | cur 7/9 pb 0.0 | focus (269,288) f=1.0 | kl +0.0000 | ent 0.004
upd  418 | step   856064 |    80 sps | ret    16.00 | succ 0.80 | mean_lvl 23.6 | max_lvl 24 | cur 6/9 pb 0.0 | focus (261,184) f=0.0 | kl +0.0007 | ent 0.004
upd  419 | step   858112 |    80 sps | ret    15.80 | succ 0.79 | mean_lvl 23.6 | max_lvl 24 | cur 6/9 pb 0.0 | focus (240,184) f=0.01 | kl +0.0004 | ent 0.004
upd  420 | step   860160 |    80 sps | ret    15.40 | succ 0.77 | mean_lvl 23.5 | max_lvl 24 | cur 6/9 pb 0.0 | focus (240,184) f=0.0 | kl -0.0000 | ent 0.004
upd  421 | step   862208 |    80 sps | ret    14.60 | succ 0.73 | mean_lvl 23.5 | max_lvl 24 | cur 7/9 pb 0.0 | focus (269,288) f=1.0 | kl +0.0002 | ent 0.003
upd  422 | step   864256 |    80 sps | ret    14.40 | succ 0.72 | mean_lvl 23.4 | max_lvl 24 | cur 6/9 pb 0.0 | focus (261,184) f=0.0 | kl +0.0003 | ent 0.003
upd  423 | step   866304 |    80 sps | ret    14.80 | succ 0.74 | mean_lvl 23.5 | max_lvl 24 | cur 6/9 pb 0.0 | focus (372,120) f=0.03 | kl +0.0010 | ent 0.004
upd  424 | step   868352 |    80 sps | ret    14.40 | succ 0.72 | mean_lvl 23.4 | max_lvl 24 | cur 6/9 pb 0.0 | focus (261,184) f=0.0 | kl +0.0005 | ent 0.003
upd  425 | step   870400 |    80 sps | ret    16.40 | succ 0.82 | mean_lvl 23.6 | max_lvl 24 | cur 7/9 pb 0.0 | focus (269,288) f=1.0 | kl +0.0000 | ent 0.003
upd  426 | step   872448 |    80 sps | ret    15.60 | succ 0.78 | mean_lvl 23.6 | max_lvl 24 | cur 6/9 pb 0.0 | focus (261,184) f=0.0 | kl -0.0000 | ent 0.003
upd  427 | step   874496 |    80 sps | ret    15.40 | succ 0.77 | mean_lvl 23.5 | max_lvl 24 | cur 6/9 pb 0.0 | focus (372,120) f=0.0 | kl -0.0000 | ent 0.003
upd  428 | step   876544 |    80 sps | ret    15.80 | succ 0.79 | mean_lvl 23.6 | max_lvl 24 | cur 6/9 pb 0.0 | focus (261,184) f=0.0 | kl +0.0000 | ent 0.003
upd  429 | step   878592 |    80 sps | ret    16.60 | succ 0.83 | mean_lvl 23.7 | max_lvl 24 | cur 7/9 pb 0.0 | focus (269,288) f=1.0 | kl +0.0000 | ent 0.003
upd  430 | step   880640 |    80 sps | ret    16.20 | succ 0.81 | mean_lvl 23.6 | max_lvl 24 | cur 6/9 pb 0.0 | focus (372,120) f=0.0 | kl +0.0000 | ent 0.003
upd  431 | step   882688 |    80 sps | ret    15.60 | succ 0.78 | mean_lvl 23.6 | max_lvl 24 | cur 7/9 pb 0.0 | focus (269,288) f=1.0 | kl +0.0000 | ent 0.003
upd  432 | step   884736 |    80 sps | ret    15.40 | succ 0.77 | mean_lvl 23.5 | max_lvl 24 | cur 6/9 pb 0.0 | focus (261,184) f=0.0 | kl +0.0000 | ent 0.003
upd  433 | step   886784 |    80 sps | ret    15.00 | succ 0.75 | mean_lvl 23.5 | max_lvl 24 | cur 7/9 pb 0.0 | focus (269,288) f=1.0 | kl +0.0000 | ent 0.003
upd  434 | step   888832 |    80 sps | ret    16.40 | succ 0.82 | mean_lvl 23.6 | max_lvl 24 | cur 6/9 pb 0.0 | focus (372,120) f=0.0 | kl +0.0000 | ent 0.003
upd  435 | step   890880 |    80 sps | ret    16.80 | succ 0.84 | mean_lvl 23.7 | max_lvl 24 | cur 6/9 pb 0.0 | focus (261,184) f=0.0 | kl +0.0003 | ent 0.003
upd  436 | step   892928 |    80 sps | ret    16.00 | succ 0.80 | mean_lvl 23.6 | max_lvl 24 | cur 6/9 pb 0.0 | focus (372,120) f=0.0 | kl -0.0000 | ent 0.003
upd  437 | step   894976 |    80 sps | ret    12.80 | succ 0.64 | mean_lvl 23.3 | max_lvl 24 | cur 6/9 pb 0.0 | focus (372,120) f=0.0 | kl +0.0000 | ent 0.002
upd  438 | step   897024 |    80 sps | ret    11.80 | succ 0.59 | mean_lvl 23.2 | max_lvl 24 | cur 7/9 pb 0.0 | focus (269,288) f=1.0 | kl -0.0000 | ent 0.002
upd  439 | step   899072 |    80 sps | ret     9.00 | succ 0.45 | mean_lvl 22.9 | max_lvl 24 | cur 8/9 pb 0.0 | focus (269,288) f=1.0 | kl +0.0000 | ent 0.002
upd  440 | step   901120 |    80 sps | ret     8.40 | succ 0.42 | mean_lvl 22.8 | max_lvl 24 | cur 8/9 pb 0.0 | focus (269,288) f=1.0 | kl +0.0000 | ent 0.002
upd  441 | step   903168 |    80 sps | ret     6.20 | succ 0.31 | mean_lvl 22.6 | max_lvl 24 | cur 8/9 pb 0.0 | focus (269,288) f=1.0 | kl +0.0007 | ent 0.002
upd  442 | step   905216 |    80 sps | ret     6.20 | succ 0.31 | mean_lvl 22.6 | max_lvl 24 | cur 7/9 pb 0.0 | focus (269,288) f=1.0 | kl -0.0000 | ent 0.002
upd  443 | step   907264 |    80 sps | ret     6.40 | succ 0.32 | mean_lvl 22.6 | max_lvl 24 | cur 8/9 pb 0.0 | focus (269,288) f=1.0 | kl +0.0005 | ent 0.002
upd  444 | step   909312 |    80 sps | ret     5.60 | succ 0.28 | mean_lvl 22.6 | max_lvl 24 | cur 8/9 pb 0.0 | focus (269,288) f=1.0 | kl +0.0000 | ent 0.002
upd  445 | step   911360 |    80 sps | ret     6.20 | succ 0.31 | mean_lvl 22.6 | max_lvl 24 | cur 7/9 pb 0.0 | focus (269,288) f=1.0 | kl +0.0003 | ent 0.002
upd  446 | step   913408 |    80 sps | ret     6.20 | succ 0.31 | mean_lvl 22.6 | max_lvl 24 | cur 8/9 pb 0.0 | focus (269,288) f=1.0 | kl +0.0000 | ent 0.002
upd  447 | step   915456 |    80 sps | ret     4.60 | succ 0.23 | mean_lvl 22.5 | max_lvl 24 | cur 8/9 pb 0.0 | focus (269,288) f=1.0 | kl +0.0002 | ent 0.002
upd  448 | step   917504 |    80 sps | ret     6.40 | succ 0.32 | mean_lvl 22.6 | max_lvl 24 | cur 7/9 pb 0.0 | focus (269,288) f=1.0 | kl +0.0002 | ent 0.001
upd  449 | step   919552 |    80 sps | ret     7.40 | succ 0.37 | mean_lvl 22.7 | max_lvl 24 | cur 8/9 pb 0.0 | focus (269,288) f=1.0 | kl +0.0002 | ent 0.001
upd  450 | step   921600 |    80 sps | ret     6.00 | succ 0.30 | mean_lvl 22.6 | max_lvl 24 | cur 8/9 pb 0.0 | focus (269,288) f=1.0 | kl +0.0000 | ent 0.001
saved checkpoints/L23\ppo_921600.pt
upd  451 | step   923648 |    80 sps | ret     6.00 | succ 0.30 | mean_lvl 22.6 | max_lvl 24 | cur 7/9 pb 0.0 | focus (269,288) f=1.0 | kl +0.0000 | ent 0.001
upd  452 | step   925696 |    80 sps | ret     6.40 | succ 0.32 | mean_lvl 22.6 | max_lvl 24 | cur 7/9 pb 0.0 | focus (269,288) f=1.0 | kl +0.0002 | ent 0.002
upd  453 | step   927744 |    80 sps | ret     6.00 | succ 0.30 | mean_lvl 22.6 | max_lvl 24 | cur 7/9 pb 0.0 | focus (269,288) f=1.0 | kl -0.0000 | ent 0.002
upd  454 | step   929792 |    80 sps | ret     4.60 | succ 0.23 | mean_lvl 22.5 | max_lvl 24 | cur 8/9 pb 0.0 | focus (269,288) f=1.0 | kl +0.0002 | ent 0.002
upd  455 | step   931840 |    80 sps | ret     4.60 | succ 0.23 | mean_lvl 22.5 | max_lvl 24 | cur 7/9 pb 0.0 | focus (269,288) f=1.0 | kl -0.0000 | ent 0.002
upd  456 | step   933888 |    80 sps | ret     6.40 | succ 0.32 | mean_lvl 22.6 | max_lvl 24 | cur 8/9 pb 0.0 | focus (269,288) f=1.0 | kl -0.0000 | ent 0.002
upd  457 | step   935936 |    80 sps | ret     6.20 | succ 0.31 | mean_lvl 22.6 | max_lvl 24 | cur 7/9 pb 0.0 | focus (269,288) f=1.0 | kl +0.0000 | ent 0.002
upd  458 | step   937984 |    80 sps | ret     8.20 | succ 0.41 | mean_lvl 22.8 | max_lvl 24 | cur 8/9 pb 0.0 | focus (269,288) f=1.0 | kl +0.0000 | ent 0.002
upd  459 | step   940032 |    80 sps | ret     6.00 | succ 0.30 | mean_lvl 22.6 | max_lvl 24 | cur 8/9 pb 0.0 | focus (269,288) f=1.0 | kl -0.0000 | ent 0.002
upd  460 | step   942080 |    80 sps | ret     4.20 | succ 0.21 | mean_lvl 22.4 | max_lvl 24 | cur 8/9 pb 0.0 | focus (269,288) f=1.0 | kl +0.0000 | ent 0.002
upd  461 | step   944128 |    80 sps | ret     5.00 | succ 0.25 | mean_lvl 22.5 | max_lvl 24 | cur 8/9 pb 0.0 | focus (269,288) f=1.0 | kl +0.0004 | ent 0.001
upd  462 | step   946176 |    80 sps | ret     5.60 | succ 0.28 | mean_lvl 22.6 | max_lvl 24 | cur 7/9 pb 0.0 | focus (269,288) f=1.0 | kl +0.0000 | ent 0.001
upd  463 | step   948224 |    80 sps | ret     5.60 | succ 0.28 | mean_lvl 22.6 | max_lvl 24 | cur 8/9 pb 0.0 | focus (269,288) f=1.0 | kl +0.0000 | ent 0.002
upd  464 | step   950272 |    80 sps | ret     7.00 | succ 0.35 | mean_lvl 22.7 | max_lvl 24 | cur 8/9 pb 0.0 | focus (269,288) f=1.0 | kl +0.0003 | ent 0.002
upd  465 | step   952320 |    80 sps | ret     5.80 | succ 0.29 | mean_lvl 22.6 | max_lvl 24 | cur 8/9 pb 0.0 | focus (269,288) f=1.0 | kl -0.0000 | ent 0.001
upd  466 | step   954368 |    80 sps | ret     5.80 | succ 0.29 | mean_lvl 22.6 | max_lvl 24 | cur 8/9 pb 0.0 | focus (269,288) f=1.0 | kl +0.0000 | ent 0.001
upd  467 | step   956416 |    80 sps | ret     7.40 | succ 0.37 | mean_lvl 22.7 | max_lvl 24 | cur 8/9 pb 0.0 | focus (269,288) f=1.0 | kl +0.0000 | ent 0.001
upd  468 | step   958464 |    80 sps | ret     5.00 | succ 0.25 | mean_lvl 22.5 | max_lvl 24 | cur 8/9 pb 0.0 | focus (269,288) f=1.0 | kl +0.0000 | ent 0.001
upd  469 | step   960512 |    80 sps | ret     4.80 | succ 0.24 | mean_lvl 22.5 | max_lvl 24 | cur 8/9 pb 0.0 | focus (269,288) f=1.0 | kl +0.0000 | ent 0.001
upd  470 | step   962560 |    80 sps | ret     5.20 | succ 0.26 | mean_lvl 22.5 | max_lvl 24 | cur 8/9 pb 0.0 | focus (269,288) f=1.0 | kl +0.0000 | ent 0.002
upd  471 | step   964608 |    80 sps | ret     4.60 | succ 0.23 | mean_lvl 22.5 | max_lvl 24 | cur 8/9 pb 0.0 | focus (269,288) f=1.0 | kl +0.0000 | ent 0.002
upd  472 | step   966656 |    80 sps | ret     7.20 | succ 0.36 | mean_lvl 22.7 | max_lvl 24 | cur 8/9 pb 0.0 | focus (269,288) f=1.0 | kl +0.0000 | ent 0.002
upd  473 | step   968704 |    80 sps | ret     6.40 | succ 0.32 | mean_lvl 22.6 | max_lvl 24 | cur 7/9 pb 0.0 | focus (269,288) f=1.0 | kl +0.0000 | ent 0.002
upd  474 | step   970752 |    80 sps | ret     6.40 | succ 0.32 | mean_lvl 22.6 | max_lvl 24 | cur 8/9 pb 0.0 | focus (269,288) f=1.0 | kl +0.0002 | ent 0.004
upd  475 | step   972800 |    79 sps | ret     5.80 | succ 0.29 | mean_lvl 22.6 | max_lvl 24 | cur 8/9 pb 0.0 | focus (269,288) f=1.0 | kl +0.0071 | ent 0.002
upd  476 | step   974848 |    79 sps | ret     7.20 | succ 0.36 | mean_lvl 22.7 | max_lvl 24 | cur 8/9 pb 0.0 | focus (269,288) f=1.0 | kl +0.0000 | ent 0.001
upd  477 | step   976896 |    79 sps | ret     6.60 | succ 0.33 | mean_lvl 22.7 | max_lvl 24 | cur 8/9 pb 0.0 | focus (269,288) f=1.0 | kl +0.0000 | ent 0.001
upd  478 | step   978944 |    79 sps | ret     5.20 | succ 0.26 | mean_lvl 22.5 | max_lvl 24 | cur 8/9 pb 0.0 | focus (269,288) f=1.0 | kl +0.0000 | ent 0.001
upd  479 | step   980992 |    79 sps | ret     7.00 | succ 0.35 | mean_lvl 22.7 | max_lvl 24 | cur 8/9 pb 0.0 | focus (269,288) f=1.0 | kl +0.0000 | ent 0.001
upd  480 | step   983040 |    79 sps | ret     5.40 | succ 0.27 | mean_lvl 22.5 | max_lvl 24 | cur 7/9 pb 0.0 | focus (269,288) f=1.0 | kl +0.0000 | ent 0.001
upd  481 | step   985088 |    79 sps | ret     5.00 | succ 0.25 | mean_lvl 22.5 | max_lvl 24 | cur 7/9 pb 0.0 | focus (269,288) f=1.0 | kl +0.0000 | ent 0.001
upd  482 | step   987136 |    79 sps | ret     7.20 | succ 0.36 | mean_lvl 22.7 | max_lvl 24 | cur 8/9 pb 0.0 | focus (269,288) f=1.0 | kl +0.0000 | ent 0.001
upd  483 | step   989184 |    79 sps | ret     5.40 | succ 0.27 | mean_lvl 22.5 | max_lvl 24 | cur 7/9 pb 0.0 | focus (269,288) f=1.0 | kl +0.0000 | ent 0.001
upd  484 | step   991232 |    79 sps | ret     7.20 | succ 0.36 | mean_lvl 22.7 | max_lvl 24 | cur 8/9 pb 0.0 | focus (269,288) f=1.0 | kl +0.0000 | ent 0.001
upd  485 | step   993280 |    79 sps | ret     6.00 | succ 0.30 | mean_lvl 22.6 | max_lvl 24 | cur 8/9 pb 0.0 | focus (269,288) f=1.0 | kl +0.0000 | ent 0.001
upd  486 | step   995328 |    79 sps | ret     7.40 | succ 0.37 | mean_lvl 22.7 | max_lvl 24 | cur 8/9 pb 0.0 | focus (269,288) f=1.0 | kl +0.0000 | ent 0.001
upd  487 | step   997376 |    79 sps | ret     7.60 | succ 0.38 | mean_lvl 22.8 | max_lvl 24 | cur 7/9 pb 0.0 | focus (269,288) f=1.0 | kl +0.0001 | ent 0.001
upd  488 | step   999424 |    79 sps | ret     6.20 | succ 0.31 | mean_lvl 22.6 | max_lvl 24 | cur 8/9 pb 0.0 | focus (269,288) f=1.0 | kl -0.0000 | ent 0.001
upd  489 | step  1001472 |    79 sps | ret     5.00 | succ 0.25 | mean_lvl 22.5 | max_lvl 24 | cur 8/9 pb 0.0 | focus (269,288) f=1.0 | kl -0.0000 | ent 0.001
upd  490 | step  1003520 |    79 sps | ret     6.40 | succ 0.32 | mean_lvl 22.6 | max_lvl 24 | cur 8/9 pb 0.0 | focus (269,288) f=1.0 | kl +0.0000 | ent 0.001
upd  491 | step  1005568 |    79 sps | ret     6.00 | succ 0.30 | mean_lvl 22.6 | max_lvl 24 | cur 8/9 pb 0.0 | focus (269,288) f=1.0 | kl +0.0003 | ent 0.001
upd  492 | step  1007616 |    79 sps | ret     6.40 | succ 0.32 | mean_lvl 22.6 | max_lvl 24 | cur 7/9 pb 0.0 | focus (269,288) f=1.0 | kl +0.0003 | ent 0.002
upd  493 | step  1009664 |    79 sps | ret     6.00 | succ 0.30 | mean_lvl 22.6 | max_lvl 24 | cur 7/9 pb 0.0 | focus (269,288) f=1.0 | kl +0.0005 | ent 0.004
upd  494 | step  1011712 |    79 sps | ret     5.80 | succ 0.29 | mean_lvl 22.6 | max_lvl 24 | cur 8/9 pb 0.0 | focus (269,288) f=1.0 | kl +0.0003 | ent 0.006
upd  495 | step  1013760 |    79 sps | ret     7.60 | succ 0.38 | mean_lvl 22.8 | max_lvl 24 | cur 8/9 pb 0.0 | focus (269,288) f=1.0 | kl +0.0006 | ent 0.002
upd  496 | step  1015808 |    79 sps | ret     7.40 | succ 0.37 | mean_lvl 22.7 | max_lvl 24 | cur 7/9 pb 0.0 | focus (269,288) f=1.0 | kl -0.0000 | ent 0.002
upd  497 | step  1017856 |    79 sps | ret     6.20 | succ 0.31 | mean_lvl 22.6 | max_lvl 24 | cur 8/9 pb 0.0 | focus (269,288) f=1.0 | kl -0.0000 | ent 0.002
upd  498 | step  1019904 |    79 sps | ret     6.00 | succ 0.30 | mean_lvl 22.6 | max_lvl 24 | cur 7/9 pb 0.0 | focus (269,288) f=1.0 | kl +0.0000 | ent 0.002
upd  499 | step  1021952 |    79 sps | ret     5.00 | succ 0.25 | mean_lvl 22.5 | max_lvl 24 | cur 8/9 pb 0.0 | focus (269,288) f=1.0 | kl +0.0000 | ent 0.002
upd  500 | step  1024000 |    79 sps | ret     8.20 | succ 0.41 | mean_lvl 22.8 | max_lvl 24 | cur 7/9 pb 0.0 | focus (269,288) f=1.0 | kl -0.0000 | ent 0.002
saved checkpoints/L23\ppo_1024000.pt
upd  501 | step  1026048 |    79 sps | ret     5.40 | succ 0.27 | mean_lvl 22.5 | max_lvl 24 | cur 8/9 pb 0.0 | focus (269,288) f=1.0 | kl +0.0000 | ent 0.002
upd  502 | step  1028096 |    79 sps | ret     5.20 | succ 0.26 | mean_lvl 22.5 | max_lvl 24 | cur 7/9 pb 0.0 | focus (269,288) f=1.0 | kl +0.0000 | ent 0.002
upd  503 | step  1030144 |    79 sps | ret     7.00 | succ 0.35 | mean_lvl 22.7 | max_lvl 24 | cur 8/9 pb 0.0 | focus (269,288) f=1.0 | kl +0.0000 | ent 0.002
upd  504 | step  1032192 |    79 sps | ret     7.20 | succ 0.36 | mean_lvl 22.7 | max_lvl 24 | cur 8/9 pb 0.0 | focus (269,288) f=1.0 | kl +0.0000 | ent 0.002
upd  505 | step  1034240 |    79 sps | ret     5.00 | succ 0.25 | mean_lvl 22.5 | max_lvl 24 | cur 8/9 pb 0.0 | focus (269,288) f=1.0 | kl +0.0004 | ent 0.002
upd  506 | step  1036288 |    79 sps | ret     5.60 | succ 0.28 | mean_lvl 22.6 | max_lvl 24 | cur 8/9 pb 0.0 | focus (269,288) f=1.0 | kl +0.0001 | ent 0.001
upd  507 | step  1038336 |    79 sps | ret     6.40 | succ 0.32 | mean_lvl 22.6 | max_lvl 24 | cur 8/9 pb 0.0 | focus (269,288) f=1.0 | kl -0.0000 | ent 0.001
upd  508 | step  1040384 |    79 sps | ret     7.20 | succ 0.36 | mean_lvl 22.7 | max_lvl 24 | cur 8/9 pb 0.0 | focus (269,288) f=1.0 | kl +0.0004 | ent 0.001
upd  509 | step  1042432 |    79 sps | ret     6.60 | succ 0.33 | mean_lvl 22.7 | max_lvl 24 | cur 8/9 pb 0.0 | focus (269,288) f=1.0 | kl +0.0000 | ent 0.001
upd  510 | step  1044480 |    79 sps | ret     6.00 | succ 0.30 | mean_lvl 22.6 | max_lvl 24 | cur 8/9 pb 0.0 | focus (269,288) f=1.0 | kl +0.0000 | ent 0.001
upd  511 | step  1046528 |    79 sps | ret     6.00 | succ 0.30 | mean_lvl 22.6 | max_lvl 24 | cur 7/9 pb 0.0 | focus (269,288) f=1.0 | kl +0.0000 | ent 0.001
upd  512 | step  1048576 |    79 sps | ret     6.00 | succ 0.30 | mean_lvl 22.6 | max_lvl 24 | cur 8/9 pb 0.0 | focus (269,288) f=1.0 | kl +0.0000 | ent 0.001
upd  513 | step  1050624 |    79 sps | ret     6.60 | succ 0.33 | mean_lvl 22.7 | max_lvl 24 | cur 7/9 pb 0.0 | focus (269,288) f=1.0 | kl +0.0000 | ent 0.001
upd  514 | step  1052672 |    79 sps | ret     7.20 | succ 0.36 | mean_lvl 22.7 | max_lvl 24 | cur 8/9 pb 0.0 | focus (269,288) f=1.0 | kl +0.0000 | ent 0.001
upd  515 | step  1054720 |    79 sps | ret     5.80 | succ 0.29 | mean_lvl 22.6 | max_lvl 24 | cur 8/9 pb 0.0 | focus (269,288) f=1.0 | kl +0.0000 | ent 0.001
upd  516 | step  1056768 |    79 sps | ret     6.40 | succ 0.32 | mean_lvl 22.6 | max_lvl 24 | cur 8/9 pb 0.0 | focus (269,288) f=1.0 | kl +0.0000 | ent 0.001
upd  517 | step  1058816 |    79 sps | ret     7.40 | succ 0.37 | mean_lvl 22.7 | max_lvl 24 | cur 8/9 pb 0.0 | focus (269,288) f=1.0 | kl +0.0000 | ent 0.001
upd  518 | step  1060864 |    79 sps | ret     5.40 | succ 0.27 | mean_lvl 22.5 | max_lvl 24 | cur 8/9 pb 0.0 | focus (269,288) f=1.0 | kl +0.0000 | ent 0.001
upd  519 | step  1062912 |    79 sps | ret     6.40 | succ 0.32 | mean_lvl 22.6 | max_lvl 24 | cur 8/9 pb 0.0 | focus (269,288) f=1.0 | kl +0.0000 | ent 0.001
upd  520 | step  1064960 |    79 sps | ret     6.40 | succ 0.32 | mean_lvl 22.6 | max_lvl 24 | cur 7/9 pb 0.0 | focus (269,288) f=1.0 | kl +0.0000 | ent 0.001
upd  521 | step  1067008 |    79 sps | ret     6.00 | succ 0.30 | mean_lvl 22.6 | max_lvl 24 | cur 7/9 pb 0.0 | focus (269,288) f=1.0 | kl +0.0000 | ent 0.001
upd  522 | step  1069056 |    79 sps | ret     7.20 | succ 0.36 | mean_lvl 22.7 | max_lvl 24 | cur 8/9 pb 0.0 | focus (269,288) f=1.0 | kl +0.0003 | ent 0.002
upd  523 | step  1071104 |    79 sps | ret     6.00 | succ 0.30 | mean_lvl 22.6 | max_lvl 24 | cur 7/9 pb 0.0 | focus (269,288) f=1.0 | kl +0.0000 | ent 0.002
upd  524 | step  1073152 |    79 sps | ret     7.00 | succ 0.35 | mean_lvl 22.7 | max_lvl 24 | cur 8/9 pb 0.0 | focus (269,288) f=1.0 | kl +0.0009 | ent 0.001
upd  525 | step  1075200 |    79 sps | ret     5.60 | succ 0.28 | mean_lvl 22.6 | max_lvl 24 | cur 8/9 pb 0.0 | focus (269,288) f=1.0 | kl -0.0000 | ent 0.001
upd  526 | step  1077248 |    79 sps | ret     5.80 | succ 0.29 | mean_lvl 22.6 | max_lvl 24 | cur 8/9 pb 0.0 | focus (269,288) f=1.0 | kl +0.0000 | ent 0.001
upd  527 | step  1079296 |    79 sps | ret     6.80 | succ 0.34 | mean_lvl 22.7 | max_lvl 24 | cur 8/9 pb 0.0 | focus (269,288) f=1.0 | kl +0.0000 | ent 0.001
upd  528 | step  1081344 |    79 sps | ret     6.80 | succ 0.34 | mean_lvl 22.7 | max_lvl 24 | cur 7/9 pb 0.0 | focus (269,288) f=1.0 | kl +0.0000 | ent 0.001
upd  529 | step  1083392 |    79 sps | ret     5.80 | succ 0.29 | mean_lvl 22.6 | max_lvl 24 | cur 8/9 pb 0.0 | focus (269,288) f=1.0 | kl +0.0000 | ent 0.001
upd  530 | step  1085440 |    79 sps | ret     6.80 | succ 0.34 | mean_lvl 22.7 | max_lvl 24 | cur 8/9 pb 0.0 | focus (269,288) f=1.0 | kl +0.0003 | ent 0.001
upd  531 | step  1087488 |    79 sps | ret     5.60 | succ 0.28 | mean_lvl 22.6 | max_lvl 24 | cur 8/9 pb 0.0 | focus (269,288) f=1.0 | kl -0.0000 | ent 0.001
upd  532 | step  1089536 |    79 sps | ret     6.20 | succ 0.31 | mean_lvl 22.6 | max_lvl 24 | cur 8/9 pb 0.0 | focus (269,288) f=1.0 | kl -0.0000 | ent 0.001
upd  533 | step  1091584 |    79 sps | ret     6.40 | succ 0.32 | mean_lvl 22.6 | max_lvl 24 | cur 8/9 pb 0.0 | focus (269,288) f=1.0 | kl +0.0000 | ent 0.001
upd  534 | step  1093632 |    79 sps | ret     6.40 | succ 0.32 | mean_lvl 22.6 | max_lvl 24 | cur 8/9 pb 0.0 | focus (269,288) f=1.0 | kl +0.0003 | ent 0.001
upd  535 | step  1095680 |    79 sps | ret     5.40 | succ 0.27 | mean_lvl 22.5 | max_lvl 24 | cur 8/9 pb 0.0 | focus (269,288) f=1.0 | kl +0.0003 | ent 0.001
upd  536 | step  1097728 |    79 sps | ret     5.60 | succ 0.28 | mean_lvl 22.6 | max_lvl 24 | cur 8/9 pb 0.0 | focus (269,288) f=1.0 | kl +0.0000 | ent 0.001
upd  537 | step  1099776 |    79 sps | ret     6.80 | succ 0.34 | mean_lvl 22.7 | max_lvl 24 | cur 8/9 pb 0.0 | focus (269,288) f=1.0 | kl +0.0003 | ent 0.001
upd  538 | step  1101824 |    79 sps | ret     7.60 | succ 0.38 | mean_lvl 22.8 | max_lvl 24 | cur 8/9 pb 0.0 | focus (269,288) f=1.0 | kl +0.0003 | ent 0.001
upd  539 | step  1103872 |    79 sps | ret     6.20 | succ 0.31 | mean_lvl 22.6 | max_lvl 24 | cur 7/9 pb 0.0 | focus (269,288) f=1.0 | kl -0.0000 | ent 0.001
upd  540 | step  1105920 |    79 sps | ret     7.00 | succ 0.35 | mean_lvl 22.7 | max_lvl 24 | cur 8/9 pb 0.0 | focus (269,288) f=1.0 | kl +0.0003 | ent 0.001
upd  541 | step  1107968 |    79 sps | ret     7.40 | succ 0.37 | mean_lvl 22.7 | max_lvl 24 | cur 7/9 pb 0.0 | focus (269,288) f=1.0 | kl -0.0000 | ent 0.001
upd  542 | step  1110016 |    79 sps | ret     5.80 | succ 0.29 | mean_lvl 22.6 | max_lvl 24 | cur 7/9 pb 0.0 | focus (269,288) f=1.0 | kl +0.0003 | ent 0.001
upd  543 | step  1112064 |    79 sps | ret     5.40 | succ 0.27 | mean_lvl 22.5 | max_lvl 24 | cur 8/9 pb 0.0 | focus (269,288) f=1.0 | kl -0.0000 | ent 0.001
upd  544 | step  1114112 |    79 sps | ret     6.20 | succ 0.31 | mean_lvl 22.6 | max_lvl 24 | cur 8/9 pb 0.0 | focus (269,288) f=1.0 | kl +0.0000 | ent 0.001
upd  545 | step  1116160 |    79 sps | ret     4.60 | succ 0.23 | mean_lvl 22.5 | max_lvl 24 | cur 8/9 pb 0.0 | focus (269,288) f=1.0 | kl +0.0000 | ent 0.001
upd  546 | step  1118208 |    79 sps | ret     6.00 | succ 0.30 | mean_lvl 22.6 | max_lvl 24 | cur 8/9 pb 0.0 | focus (269,288) f=1.0 | kl +0.0000 | ent 0.001
upd  547 | step  1120256 |    79 sps | ret     6.40 | succ 0.32 | mean_lvl 22.6 | max_lvl 24 | cur 8/9 pb 0.0 | focus (269,288) f=1.0 | kl +0.0000 | ent 0.001
upd  548 | step  1122304 |    79 sps | ret     7.00 | succ 0.35 | mean_lvl 22.7 | max_lvl 24 | cur 8/9 pb 0.0 | focus (269,288) f=1.0 | kl +0.0006 | ent 0.001
upd  549 | step  1124352 |    79 sps | ret     7.20 | succ 0.36 | mean_lvl 22.7 | max_lvl 24 | cur 8/9 pb 0.0 | focus (269,288) f=1.0 | kl -0.0000 | ent 0.001
upd  550 | step  1126400 |    79 sps | ret     5.00 | succ 0.25 | mean_lvl 22.5 | max_lvl 24 | cur 7/9 pb 0.0 | focus (269,288) f=1.0 | kl +0.0000 | ent 0.001
saved checkpoints/L23\ppo_1126400.pt
upd  551 | step  1128448 |    79 sps | ret     6.00 | succ 0.30 | mean_lvl 22.6 | max_lvl 24 | cur 8/9 pb 0.0 | focus (269,288) f=1.0 | kl +0.0000 | ent 0.001
upd  552 | step  1130496 |    79 sps | ret     5.20 | succ 0.26 | mean_lvl 22.5 | max_lvl 24 | cur 8/9 pb 0.0 | focus (269,288) f=1.0 | kl +0.0000 | ent 0.001
upd  553 | step  1132544 |    79 sps | ret     5.80 | succ 0.29 | mean_lvl 22.6 | max_lvl 24 | cur 7/9 pb 0.0 | focus (269,288) f=1.0 | kl +0.0000 | ent 0.001
upd  554 | step  1134592 |    79 sps | ret     5.00 | succ 0.25 | mean_lvl 22.5 | max_lvl 24 | cur 7/9 pb 0.0 | focus (269,288) f=1.0 | kl +0.0000 | ent 0.001
upd  555 | step  1136640 |    79 sps | ret     5.80 | succ 0.29 | mean_lvl 22.6 | max_lvl 24 | cur 7/9 pb 0.0 | focus (269,288) f=1.0 | kl +0.0000 | ent 0.001
upd  556 | step  1138688 |    79 sps | ret     6.40 | succ 0.32 | mean_lvl 22.6 | max_lvl 24 | cur 8/9 pb 0.0 | focus (269,288) f=1.0 | kl +0.0000 | ent 0.001
upd  557 | step  1140736 |    79 sps | ret     6.00 | succ 0.30 | mean_lvl 22.6 | max_lvl 24 | cur 8/9 pb 0.0 | focus (269,288) f=1.0 | kl +0.0000 | ent 0.001
upd  558 | step  1142784 |    79 sps | ret     6.20 | succ 0.31 | mean_lvl 22.6 | max_lvl 24 | cur 7/9 pb 0.0 | focus (269,288) f=1.0 | kl +0.0000 | ent 0.001
upd  559 | step  1144832 |    79 sps | ret     6.20 | succ 0.31 | mean_lvl 22.6 | max_lvl 24 | cur 8/9 pb 0.0 | focus (269,288) f=1.0 | kl +0.0000 | ent 0.001
upd  560 | step  1146880 |    79 sps | ret     7.00 | succ 0.35 | mean_lvl 22.7 | max_lvl 24 | cur 7/9 pb 0.0 | focus (269,288) f=1.0 | kl +0.0000 | ent 0.001
upd  561 | step  1148928 |    79 sps | ret     6.40 | succ 0.32 | mean_lvl 22.6 | max_lvl 24 | cur 8/9 pb 0.0 | focus (269,288) f=1.0 | kl +0.0000 | ent 0.001
upd  562 | step  1150976 |    79 sps | ret     7.20 | succ 0.36 | mean_lvl 22.7 | max_lvl 24 | cur 7/9 pb 0.0 | focus (269,288) f=1.0 | kl +0.0000 | ent 0.001
upd  563 | step  1153024 |    79 sps | ret     7.40 | succ 0.37 | mean_lvl 22.7 | max_lvl 24 | cur 8/9 pb 0.0 | focus (269,288) f=1.0 | kl +0.0000 | ent 0.001
